03-23 10:31:11.579  1709  5414 V AudioVolumeChangeHandler: onAudioVolumeGroupChanged volumeEvent=AudioVolumeGroupChangeEvent{groupId: 12, volumeIndex: 0, muted: false, flags: 0}
03-23 10:31:11.579  1709  5414 V AudioVolumeChangeHandler: onAudioVolumeGroupChanged volumeEvent=AudioVolumeGroupChangeEvent{groupId: 12, volumeIndex: 0, muted: false, flags: 0}
03-23 10:31:11.579  1709  5414 V AudioVolumeChangeHandler: onAudioVolumeGroupChanged volumeEvent=AudioVolumeGroupChangeEvent{groupId: 12, volumeIndex: 0, muted: false, flags: 0}
03-23 10:31:11.580  1709  5414 V AudioVolumeChangeHandler: onAudioVolumeGroupChanged volumeEvent=AudioVolumeGroupChangeEvent{groupId: 12, volumeIndex: 0, muted: false, flags: 0}
03-23 10:31:11.580  1709  5414 V AudioVolumeChangeHandler: onAudioVolumeGroupChanged volumeEvent=AudioVolumeGroupChangeEvent{groupId: 12, volumeIndex: 0, muted: false, flags: 0}
03-23 10:31:11.580  1709  5414 V AudioVolumeChangeHandler: onAudioVolumeGroupChanged volumeEvent=AudioVolumeGroupChangeEvent{groupId: 12, volumeIndex: 0, muted: false, flags: 0}
03-23 10:31:11.581  1709  5414 V AudioVolumeChangeHandler: onAudioVolumeGroupChanged volumeEvent=AudioVolumeGroupChangeEvent{groupId: 12, volumeIndex: 0, muted: false, flags: 0}
03-23 10:31:11.582  1709  5414 V AudioVolumeChangeHandler: onAudioVolumeGroupChanged volumeEvent=AudioVolumeGroupChangeEvent{groupId: 1, volumeIndex: 0, muted: false, flags: 0}
03-23 10:31:11.582  1709  5414 V AudioVolumeChangeHandler: onAudioVolumeGroupChanged volumeEvent=AudioVolumeGroupChangeEvent{groupId: 1, volumeIndex: 0, muted: false, flags: 0}
03-23 10:31:11.582  1709  5414 V AudioVolumeChangeHandler: onAudioVolumeGroupChanged volumeEvent=AudioVolumeGroupChangeEvent{groupId: 1, volumeIndex: 0, muted: false, flags: 0}
03-23 10:31:11.583  1709  5414 V AudioVolumeChangeHandler: onAudioVolumeGroupChanged volumeEvent=AudioVolumeGroupChangeEvent{groupId: 1, volumeIndex: 0, muted: false, flags: 0}
03-23 10:31:11.583  1709  5414 V AudioVolumeChangeHandler: onAudioVolumeGroupChanged volumeEvent=AudioVolumeGroupChangeEvent{groupId: 1, volumeIndex: 0, muted: false, flags: 0}
03-23 10:31:11.583  1709  5414 V AudioVolumeChangeHandler: onAudioVolumeGroupChanged volumeEvent=AudioVolumeGroupChangeEvent{groupId: 1, volumeIndex: 0, muted: false, flags: 0}
03-23 10:31:11.584  1709  5414 V AudioVolumeChangeHandler: onAudioVolumeGroupChanged volumeEvent=AudioVolumeGroupChangeEvent{groupId: 1, volumeIndex: 0, muted: false, flags: 0}
03-23 10:31:11.584  1709  5414 V AudioVolumeChangeHandler: onAudioVolumeGroupChanged volumeEvent=AudioVolumeGroupChangeEvent{groupId: 1, volumeIndex: 0, muted: false, flags: 0}
03-23 10:31:11.585  1709  5414 V AudioVolumeChangeHandler: onAudioVolumeGroupChanged volumeEvent=AudioVolumeGroupChangeEvent{groupId: 1, volumeIndex: 0, muted: false, flags: 0}
03-23 10:31:11.585  1709  5414 V AudioVolumeChangeHandler: onAudioVolumeGroupChanged volumeEvent=AudioVolumeGroupChangeEvent{groupId: 14, volumeIndex: 0, muted: false, flags: 0}
03-23 10:31:11.586  1709  5414 V AudioVolumeChangeHandler: onAudioVolumeGroupChanged volumeEvent=AudioVolumeGroupChangeEvent{groupId: 14, volumeIndex: 0, muted: false, flags: 0}
03-23 10:31:11.586  1709  5414 V AudioVolumeChangeHandler: onAudioVolumeGroupChanged volumeEvent=AudioVolumeGroupChangeEvent{groupId: 14, volumeIndex: 0, muted: false, flags: 0}
03-23 10:31:11.586  1709  5414 V AudioVolumeChangeHandler: onAudioVolumeGroupChanged volumeEvent=AudioVolumeGroupChangeEvent{groupId: 14, volumeIndex: 0, muted: false, flags: 0}
03-23 10:31:11.586  1709  5414 V AudioVolumeChangeHandler: onAudioVolumeGroupChanged volumeEvent=AudioVolumeGroupChangeEvent{groupId: 14, volumeIndex: 0, muted: false, flags: 0}
03-23 10:31:11.587  1709  5414 V AudioVolumeChangeHandler: onAudioVolumeGroupChanged volumeEvent=AudioVolumeGroupChangeEvent{groupId: 14, volumeIndex: 0, muted: false, flags: 0}
03-23 10:31:11.587  1709  5414 V AudioVolumeChangeHandler: onAudioVolumeGroupChanged volumeEvent=AudioVolumeGroupChangeEvent{groupId: 14, volumeIndex: 0, muted: false, flags: 0}
03-23 10:31:11.588  1709  5414 V AudioVolumeChangeHandler: onAudioVolumeGroupChanged volumeEvent=AudioVolumeGroupChangeEvent{groupId: 14, volumeIndex: 0, muted: false, flags: 0}
03-23 10:31:11.588  1709  5414 V AudioVolumeChangeHandler: onAudioVolumeGroupChanged volumeEvent=AudioVolumeGroupChangeEvent{groupId: 14, volumeIndex: 0, muted: false, flags: 0}
03-23 10:31:12.333 19584 19593 W Binder  : reply too large data on java level: InterfaceDescriptor = null, code = 1
03-23 10:31:12.341  1709  3520 D BackgroundInstallControlService: Package event received: 0
03-23 10:31:12.556  1709  1735 I DisplayDeviceRepository: Display device changed render timings: "Built-in Screen", renderFrameRate=120.00001, presentationDeadlineNanos=13333332, appVsyncOffsetNanos=1000000, frameRateOverrides=[{uid=10451 frameRateHz=60.0}]
03-23 10:31:12.725  1709  3380 D ActivityManager: freezing 15275 com.google.android.cellbroadcastreceiver, reason = oom_cached
03-23 10:31:12.850  1709  1735 I DisplayDeviceRepository: Display device changed render timings: "Built-in Screen", renderFrameRate=120.00001, presentationDeadlineNanos=13333332, appVsyncOffsetNanos=1000000, frameRateOverrides=[]
03-23 10:31:15.487  1709  3313 I AppsFilter: interaction: PackageSetting{c4ef933 com.nonimusic.app/10451} -> PackageSetting{c15210c com.motorola.motosignature.app/10145} BLOCKED
03-23 10:31:15.616  1709  3520 D BackgroundInstallControlService: Package event received: 0
03-23 10:31:15.616  1709  3520 D BackgroundInstallControlService: Package event received: 0
03-23 10:31:15.682  1709  3520 D BackgroundInstallControlService: Package event received: 0
03-23 10:31:15.697  1709  1743 D CompatChangeReporter: Compat change id reported: 151861875; UID 10194; state: ENABLED
03-23 10:31:15.701  1709  1744 I ActivityManager: Start proc 17277:com.google.android.rkpdapp/u0a441 for service {com.google.android.rkpdapp/com.android.rkpdapp.service.RemoteProvisioningService}
03-23 10:31:15.701  1709  1744 I ActivityManager: ProcessObserver broadcast disabled
03-23 10:31:15.708  1709  5414 V AudioVolumeChangeHandler: onAudioVolumeGroupChanged volumeEvent=AudioVolumeGroupChangeEvent{groupId: 6, volumeIndex: 0, muted: false, flags: 0}
03-23 10:31:15.710  1709  5414 V AudioVolumeChangeHandler: onAudioVolumeGroupChanged volumeEvent=AudioVolumeGroupChangeEvent{groupId: 14, volumeIndex: 0, muted: false, flags: 0}
03-23 10:31:15.711  1709  5414 V AudioVolumeChangeHandler: onAudioVolumeGroupChanged volumeEvent=AudioVolumeGroupChangeEvent{groupId: 1, volumeIndex: 0, muted: false, flags: 0}
03-23 10:31:15.714  1709  1744 I ActivityManager: Start proc 17279:com.motorola.dynamicvolume/u0a194 for broadcast {com.motorola.dynamicvolume/com.motorola.dynamicvolume.service.VolumeBroadcastReceiver}
03-23 10:31:15.714  1709  1744 I ActivityManager: ProcessObserver broadcast disabled
03-23 10:31:15.714  1709  5414 V AudioVolumeChangeHandler: onAudioVolumeGroupChanged volumeEvent=AudioVolumeGroupChangeEvent{groupId: 12, volumeIndex: 0, muted: false, flags: 0}
03-23 10:31:15.715  1709  3313 V AudioVolumeChangeHandler: onAudioVolumeGroupChanged volumeEvent=AudioVolumeGroupChangeEvent{groupId: 12, volumeIndex: 0, muted: false, flags: 0}
03-23 10:31:15.729  1709  3520 D BackgroundInstallControlService: Package event received: 0
03-23 10:31:15.744  3577  4057 V PowerManager: userActivity when=480817536 event=0 flags=0 displayId=0 by (com.android.systemui) callers=android.os.PowerManager.userActivity:1551 com.android.systemui.keyguard.KeyguardViewMediator$$ExternalSyntheticLambda0.run:52 java.util.concurrent.ThreadPoolExecutor.runWorker:1154 
03-23 10:31:15.758  1709  3313 D CoreBackPreview: Window{340376a u0 VolumeDialogImpl}: Setting back callback OnBackInvokedCallbackInfo{mCallback=android.window.IOnBackInvokedCallback$Stub$Proxy@60b3d3, mPriority=-1, mIsAnimationCallback=false, mOverrideBehavior=0}
03-23 10:31:15.764  1709  1735 I DisplayDeviceRepository: Display device changed render timings: "Built-in Screen", renderFrameRate=120.00001, presentationDeadlineNanos=13333332, appVsyncOffsetNanos=1000000, frameRateOverrides=[{uid=10451 frameRateHz=60.0}]
03-23 10:31:15.773  1709  3313 I ActivityManager: Flag disabled. Ignoring finishAttachApplication from uid: 10441. pid: 17277
03-23 10:31:15.849  1709  3906 I ActivityManager: Flag disabled. Ignoring finishAttachApplication from uid: 10194. pid: 17279
03-23 10:31:15.852  1709  5413 D CompatChangeReporter: Compat change id reported: 319471980; UID 10194; state: ENABLED
03-23 10:31:15.863  1709  3313 D CompatChangeReporter: Compat change id reported: 311208629; UID 10194; state: ENABLED
03-23 10:31:16.448  1709  1764 I DisplayPowerController[0]: 03-23 10:31:16.447 - BrightnessEvent: brt=0.20726849 (24.0%), nits= 30.038595, lux=6.7500005, reason=automatic, strat=AutomaticBrightnessStrategy, state=ON, stateReason=KEY, policy=BRIGHT, flags=, initBrt=0.28347656, rcmdBrt=0.20726849, preBrt=0.28347656, preLux=18.413656, hdrNits=NaN, initNits=52.372005, preNits=52.372005, rcmdNits=30.038595, sdrToHdrRatio=NaN, hdrBrightness=NaN, brt(%)=24%, brtInt=54, hbmPolicy=normal, wasShortTermModelActive=false, autoBrightness=true (default), unclampedBrt=0.20726849, hbmMax=0.86654115, hbmMode=off, thrmMax=1.0, rbcStrength=50, powerFactor=1.0, physDisp=Built-in Screen(local:4630946747577212034), logicalId=0, slowChange=true, rampSpeed=0.23228346
03-23 10:31:16.450  1709  1735 I BrightnessSynchronizer: New Update: {[26792] 0.20726849(f), mUpdatedTypes=1, mConfirmedTypes=0, mTimeUpdated=0, mState=2}
03-23 10:31:16.450  1709  1735 I BrightnessSynchronizer: [26792] New Update 0.20726849(f) set brightness values:  54(i)
03-23 10:31:16.451  1709  1735 I BrightnessSynchronizer: Swallowing update of 54(i) by update: {[26792] 0.20726849(f), mUpdatedTypes=1, mConfirmedTypes=1, mTimeUpdated=480818242, mState=2}
03-23 10:31:16.451  1709  1735 I BrightnessSynchronizer: Completed Update: {[26792] 0.20726849(f), mUpdatedTypes=1, mConfirmedTypes=1, mTimeUpdated=480818242, mState=3}
03-23 10:31:16.481  1709  5414 W AppOps  : Noting op not finished: uid 10451 pkg com.nonimusic.app code 154 startTime of in progress event=1774242071551
03-23 10:31:16.482  1709  5414 I AS.FadeOutManager: unfadeOutUid() uid:10451
03-23 10:31:16.491  1709  6442 E AppOps  : attributionTag  not declared in manifest of com.nonimusic.app
03-23 10:31:16.492  1709  1727 E AppOps  : attributionTag  not declared in manifest of com.nonimusic.app
03-23 10:31:16.516  1709  5414 V AudioVolumeChangeHandler: onAudioVolumeGroupChanged volumeEvent=AudioVolumeGroupChangeEvent{groupId: 6, volumeIndex: 0, muted: false, flags: 0}
03-23 10:31:16.517  1709  5414 V AudioVolumeChangeHandler: onAudioVolumeGroupChanged volumeEvent=AudioVolumeGroupChangeEvent{groupId: 6, volumeIndex: 0, muted: false, flags: 0}
03-23 10:31:16.519  1709  5414 V AudioVolumeChangeHandler: onAudioVolumeGroupChanged volumeEvent=AudioVolumeGroupChangeEvent{groupId: 6, volumeIndex: 0, muted: false, flags: 0}
03-23 10:31:16.520  1709  1727 V AudioVolumeChangeHandler: onAudioVolumeGroupChanged volumeEvent=AudioVolumeGroupChangeEvent{groupId: 6, volumeIndex: 0, muted: false, flags: 0}
03-23 10:31:16.522  1709  5414 V AudioVolumeChangeHandler: onAudioVolumeGroupChanged volumeEvent=AudioVolumeGroupChangeEvent{groupId: 6, volumeIndex: 0, muted: false, flags: 0}
03-23 10:31:16.523  1709  5414 V AudioVolumeChangeHandler: onAudioVolumeGroupChanged volumeEvent=AudioVolumeGroupChangeEvent{groupId: 6, volumeIndex: 0, muted: false, flags: 0}
03-23 10:31:16.524  1709  5414 V AudioVolumeChangeHandler: onAudioVolumeGroupChanged volumeEvent=AudioVolumeGroupChangeEvent{groupId: 6, volumeIndex: 0, muted: false, flags: 0}
03-23 10:31:16.525  1709  5414 V AudioVolumeChangeHandler: onAudioVolumeGroupChanged volumeEvent=AudioVolumeGroupChangeEvent{groupId: 6, volumeIndex: 0, muted: false, flags: 0}
03-23 10:31:16.526  1709  5414 V AudioVolumeChangeHandler: onAudioVolumeGroupChanged volumeEvent=AudioVolumeGroupChangeEvent{groupId: 6, volumeIndex: 0, muted: false, flags: 0}
03-23 10:31:16.534  1709  5414 V AudioVolumeChangeHandler: onAudioVolumeGroupChanged volumeEvent=AudioVolumeGroupChangeEvent{groupId: 12, volumeIndex: 0, muted: false, flags: 0}
03-23 10:31:16.535  1709  5414 V AudioVolumeChangeHandler: onAudioVolumeGroupChanged volumeEvent=AudioVolumeGroupChangeEvent{groupId: 12, volumeIndex: 0, muted: false, flags: 0}
03-23 10:31:16.536  1709  5414 V AudioVolumeChangeHandler: onAudioVolumeGroupChanged volumeEvent=AudioVolumeGroupChangeEvent{groupId: 12, volumeIndex: 0, muted: false, flags: 0}
03-23 10:31:16.537  1709  5414 V AudioVolumeChangeHandler: onAudioVolumeGroupChanged volumeEvent=AudioVolumeGroupChangeEvent{groupId: 12, volumeIndex: 0, muted: false, flags: 0}
03-23 10:31:16.538  1709  5414 V AudioVolumeChangeHandler: onAudioVolumeGroupChanged volumeEvent=AudioVolumeGroupChangeEvent{groupId: 12, volumeIndex: 0, muted: false, flags: 0}
03-23 10:31:16.539  1709  5414 V AudioVolumeChangeHandler: onAudioVolumeGroupChanged volumeEvent=AudioVolumeGroupChangeEvent{groupId: 12, volumeIndex: 0, muted: false, flags: 0}
03-23 10:31:16.540  1709  5414 V AudioVolumeChangeHandler: onAudioVolumeGroupChanged volumeEvent=AudioVolumeGroupChangeEvent{groupId: 12, volumeIndex: 0, muted: false, flags: 0}
03-23 10:31:16.541  1709  5414 V AudioVolumeChangeHandler: onAudioVolumeGroupChanged volumeEvent=AudioVolumeGroupChangeEvent{groupId: 12, volumeIndex: 0, muted: false, flags: 0}
03-23 10:31:16.542  1709  5414 V AudioVolumeChangeHandler: onAudioVolumeGroupChanged volumeEvent=AudioVolumeGroupChangeEvent{groupId: 12, volumeIndex: 0, muted: false, flags: 0}
03-23 10:31:16.545  1709  5414 V AudioVolumeChangeHandler: onAudioVolumeGroupChanged volumeEvent=AudioVolumeGroupChangeEvent{groupId: 1, volumeIndex: 0, muted: false, flags: 0}
03-23 10:31:16.546  1709  5414 V AudioVolumeChangeHandler: onAudioVolumeGroupChanged volumeEvent=AudioVolumeGroupChangeEvent{groupId: 1, volumeIndex: 0, muted: false, flags: 0}
03-23 10:31:16.547  1709  5414 V AudioVolumeChangeHandler: onAudioVolumeGroupChanged volumeEvent=AudioVolumeGroupChangeEvent{groupId: 1, volumeIndex: 0, muted: false, flags: 0}
03-23 10:31:16.548  1709  5414 V AudioVolumeChangeHandler: onAudioVolumeGroupChanged volumeEvent=AudioVolumeGroupChangeEvent{groupId: 1, volumeIndex: 0, muted: false, flags: 0}
03-23 10:31:16.549  1709  5414 V AudioVolumeChangeHandler: onAudioVolumeGroupChanged volumeEvent=AudioVolumeGroupChangeEvent{groupId: 1, volumeIndex: 0, muted: false, flags: 0}
03-23 10:31:16.550  1709  5414 V AudioVolumeChangeHandler: onAudioVolumeGroupChanged volumeEvent=AudioVolumeGroupChangeEvent{groupId: 1, volumeIndex: 0, muted: false, flags: 0}
03-23 10:31:16.551  1709  5414 V AudioVolumeChangeHandler: onAudioVolumeGroupChanged volumeEvent=AudioVolumeGroupChangeEvent{groupId: 1, volumeIndex: 0, muted: false, flags: 0}
03-23 10:31:16.552  1709  5414 V AudioVolumeChangeHandler: onAudioVolumeGroupChanged volumeEvent=AudioVolumeGroupChangeEvent{groupId: 1, volumeIndex: 0, muted: false, flags: 0}
03-23 10:31:16.553  1709  5414 V AudioVolumeChangeHandler: onAudioVolumeGroupChanged volumeEvent=AudioVolumeGroupChangeEvent{groupId: 1, volumeIndex: 0, muted: false, flags: 0}
03-23 10:31:16.555  1709  5414 V AudioVolumeChangeHandler: onAudioVolumeGroupChanged volumeEvent=AudioVolumeGroupChangeEvent{groupId: 14, volumeIndex: 0, muted: false, flags: 0}
03-23 10:31:16.556  1709  5414 V AudioVolumeChangeHandler: onAudioVolumeGroupChanged volumeEvent=AudioVolumeGroupChangeEvent{groupId: 14, volumeIndex: 0, muted: false, flags: 0}
03-23 10:31:16.557  1709  5414 V AudioVolumeChangeHandler: onAudioVolumeGroupChanged volumeEvent=AudioVolumeGroupChangeEvent{groupId: 14, volumeIndex: 0, muted: false, flags: 0}
03-23 10:31:16.558  1709  5414 V AudioVolumeChangeHandler: onAudioVolumeGroupChanged volumeEvent=AudioVolumeGroupChangeEvent{groupId: 14, volumeIndex: 0, muted: false, flags: 0}
03-23 10:31:16.560  1709  5414 V AudioVolumeChangeHandler: onAudioVolumeGroupChanged volumeEvent=AudioVolumeGroupChangeEvent{groupId: 14, volumeIndex: 0, muted: false, flags: 0}
03-23 10:31:16.561  1709  5414 V AudioVolumeChangeHandler: onAudioVolumeGroupChanged volumeEvent=AudioVolumeGroupChangeEvent{groupId: 14, volumeIndex: 0, muted: false, flags: 0}
03-23 10:31:16.562  1709  5414 V AudioVolumeChangeHandler: onAudioVolumeGroupChanged volumeEvent=AudioVolumeGroupChangeEvent{groupId: 14, volumeIndex: 0, muted: false, flags: 0}
03-23 10:31:16.563  1709  5414 V AudioVolumeChangeHandler: onAudioVolumeGroupChanged volumeEvent=AudioVolumeGroupChangeEvent{groupId: 14, volumeIndex: 0, muted: false, flags: 0}
03-23 10:31:16.565  1709  5414 V AudioVolumeChangeHandler: onAudioVolumeGroupChanged volumeEvent=AudioVolumeGroupChangeEvent{groupId: 14, volumeIndex: 0, muted: false, flags: 0}
03-23 10:31:16.582  1709  6442 V AudioVolumeChangeHandler: onAudioVolumeGroupChanged volumeEvent=AudioVolumeGroupChangeEvent{groupId: 6, volumeIndex: 0, muted: false, flags: 0}
03-23 10:31:16.582  1709  1727 V AudioVolumeChangeHandler: onAudioVolumeGroupChanged volumeEvent=AudioVolumeGroupChangeEvent{groupId: 14, volumeIndex: 0, muted: false, flags: 0}
03-23 10:31:16.584  1709  1727 V AudioVolumeChangeHandler: onAudioVolumeGroupChanged volumeEvent=AudioVolumeGroupChangeEvent{groupId: 1, volumeIndex: 0, muted: false, flags: 0}
03-23 10:31:16.585  1709  1727 V AudioVolumeChangeHandler: onAudioVolumeGroupChanged volumeEvent=AudioVolumeGroupChangeEvent{groupId: 12, volumeIndex: 0, muted: false, flags: 0}
03-23 10:31:16.587  1709  3906 V AudioVolumeChangeHandler: onAudioVolumeGroupChanged volumeEvent=AudioVolumeGroupChangeEvent{groupId: 12, volumeIndex: 0, muted: false, flags: 0}
03-23 10:31:16.594  3577  4057 V PowerManager: userActivity when=480818386 event=0 flags=0 displayId=0 by (com.android.systemui) callers=android.os.PowerManager.userActivity:1551 com.android.systemui.keyguard.KeyguardViewMediator$$ExternalSyntheticLambda0.run:52 java.util.concurrent.ThreadPoolExecutor.runWorker:1154 
03-23 10:31:16.836  1709  5413 V AudioVolumeChangeHandler: onAudioVolumeGroupChanged volumeEvent=AudioVolumeGroupChangeEvent{groupId: 6, volumeIndex: 0, muted: false, flags: 0}
03-23 10:31:16.837  1709  5413 V AudioVolumeChangeHandler: onAudioVolumeGroupChanged volumeEvent=AudioVolumeGroupChangeEvent{groupId: 14, volumeIndex: 0, muted: false, flags: 0}
03-23 10:31:16.839  1709  1727 V AudioVolumeChangeHandler: onAudioVolumeGroupChanged volumeEvent=AudioVolumeGroupChangeEvent{groupId: 1, volumeIndex: 0, muted: false, flags: 0}
03-23 10:31:16.840  1709  5414 V AudioVolumeChangeHandler: onAudioVolumeGroupChanged volumeEvent=AudioVolumeGroupChangeEvent{groupId: 12, volumeIndex: 0, muted: false, flags: 0}
03-23 10:31:16.844  1709  1727 V AudioVolumeChangeHandler: onAudioVolumeGroupChanged volumeEvent=AudioVolumeGroupChangeEvent{groupId: 12, volumeIndex: 0, muted: false, flags: 0}
03-23 10:31:16.865  3577  4057 V PowerManager: userActivity when=480818651 event=0 flags=0 displayId=0 by (com.android.systemui) callers=android.os.PowerManager.userActivity:1551 com.android.systemui.keyguard.KeyguardViewMediator$$ExternalSyntheticLambda0.run:52 java.util.concurrent.ThreadPoolExecutor.runWorker:1154 
03-23 10:31:16.887  1709  1727 V AudioVolumeChangeHandler: onAudioVolumeGroupChanged volumeEvent=AudioVolumeGroupChangeEvent{groupId: 6, volumeIndex: 0, muted: false, flags: 0}
03-23 10:31:16.888  1709  5414 V AudioVolumeChangeHandler: onAudioVolumeGroupChanged volumeEvent=AudioVolumeGroupChangeEvent{groupId: 14, volumeIndex: 0, muted: false, flags: 0}
03-23 10:31:16.888  1709  5414 V AudioVolumeChangeHandler: onAudioVolumeGroupChanged volumeEvent=AudioVolumeGroupChangeEvent{groupId: 1, volumeIndex: 0, muted: false, flags: 0}
03-23 10:31:16.888  1709  1727 V AudioVolumeChangeHandler: onAudioVolumeGroupChanged volumeEvent=AudioVolumeGroupChangeEvent{groupId: 12, volumeIndex: 0, muted: false, flags: 0}
03-23 10:31:16.890  1709  1727 V AudioVolumeChangeHandler: onAudioVolumeGroupChanged volumeEvent=AudioVolumeGroupChangeEvent{groupId: 12, volumeIndex: 0, muted: false, flags: 0}
03-23 10:31:16.903  3577  4057 V PowerManager: userActivity when=480818695 event=0 flags=0 displayId=0 by (com.android.systemui) callers=android.os.PowerManager.userActivity:1551 com.android.systemui.keyguard.KeyguardViewMediator$$ExternalSyntheticLambda0.run:52 java.util.concurrent.ThreadPoolExecutor.runWorker:1154 
03-23 10:31:16.940  1709  3520 D BackgroundInstallControlService: Package event received: 0
03-23 10:31:16.941  1709  3520 D BackgroundInstallControlService: Package event received: 0
03-23 10:31:16.997  1709  1727 I ActivityManager: Killing 14776:com.google.android.as.oss/u0a203 (adj 995, setSvc -10000): empty #31
03-23 10:31:17.037  1709  5413 I ActivityManager: appDiedLocked: app=ProcessRecord{6d5c7a6 14776:com.google.android.as.oss/u0a203} thread=android.os.BinderProxy@1063385 fromBinderDied=true isKilledByAm=true reason=null
03-23 10:31:17.038  1709  5413 D RestartModeController: markWaitRestartAppIsSuicided null processName=com.google.android.as.oss
03-23 10:31:17.038  1709  5413 D ActivityTaskManager: handleAppDied: uid=10203,diedCount=1,lastDiedTime=480777875,forceStopUids=false
03-23 10:31:17.117  1709  1743 I ActivityManager: Killing 14952:com.google.android.gms.unstable/u0a184 (adj 985, setSvc -10000): empty #31
03-23 10:31:17.189  1709  3313 I ActivityManager: appDiedLocked: app=ProcessRecord{5762d36 14952:com.google.android.gms.unstable/u0a184} thread=android.os.BinderProxy@e8f3a0b fromBinderDied=true isKilledByAm=true reason=null
03-23 10:31:17.190  1709  3313 D RestartModeController: markWaitRestartAppIsSuicided null processName=com.google.android.gms.unstable
03-23 10:31:17.190  1709  3313 D ActivityTaskManager: handleAppDied: uid=10184,diedCount=1,lastDiedTime=478845682,forceStopUids=false
03-23 10:31:17.528  1709  3647 V AudioVolumeChangeHandler: onAudioVolumeGroupChanged volumeEvent=AudioVolumeGroupChangeEvent{groupId: 6, volumeIndex: 0, muted: false, flags: 0}
03-23 10:31:17.530  1709  3647 V AudioVolumeChangeHandler: onAudioVolumeGroupChanged volumeEvent=AudioVolumeGroupChangeEvent{groupId: 14, volumeIndex: 0, muted: false, flags: 0}
03-23 10:31:17.530  1709  5414 V AudioVolumeChangeHandler: onAudioVolumeGroupChanged volumeEvent=AudioVolumeGroupChangeEvent{groupId: 1, volumeIndex: 0, muted: false, flags: 0}
03-23 10:31:17.530  1709  5407 V AudioVolumeChangeHandler: onAudioVolumeGroupChanged volumeEvent=AudioVolumeGroupChangeEvent{groupId: 12, volumeIndex: 0, muted: false, flags: 0}
03-23 10:31:17.531  1709  5407 V AudioVolumeChangeHandler: onAudioVolumeGroupChanged volumeEvent=AudioVolumeGroupChangeEvent{groupId: 12, volumeIndex: 0, muted: false, flags: 0}
03-23 10:31:17.542  3577  4057 V PowerManager: userActivity when=480819334 event=0 flags=0 displayId=0 by (com.android.systemui) callers=android.os.PowerManager.userActivity:1551 com.android.systemui.keyguard.KeyguardViewMediator$$ExternalSyntheticLambda0.run:52 java.util.concurrent.ThreadPoolExecutor.runWorker:1154 
03-23 10:31:17.779  1709  3313 V AudioVolumeChangeHandler: onAudioVolumeGroupChanged volumeEvent=AudioVolumeGroupChangeEvent{groupId: 6, volumeIndex: 0, muted: false, flags: 0}
03-23 10:31:17.781  1709  5414 V AudioVolumeChangeHandler: onAudioVolumeGroupChanged volumeEvent=AudioVolumeGroupChangeEvent{groupId: 14, volumeIndex: 0, muted: false, flags: 0}
03-23 10:31:17.781  1709  5414 V AudioVolumeChangeHandler: onAudioVolumeGroupChanged volumeEvent=AudioVolumeGroupChangeEvent{groupId: 1, volumeIndex: 0, muted: false, flags: 0}
03-23 10:31:17.782  1709  5414 V AudioVolumeChangeHandler: onAudioVolumeGroupChanged volumeEvent=AudioVolumeGroupChangeEvent{groupId: 12, volumeIndex: 0, muted: false, flags: 0}
03-23 10:31:17.785  1709  3647 V AudioVolumeChangeHandler: onAudioVolumeGroupChanged volumeEvent=AudioVolumeGroupChangeEvent{groupId: 12, volumeIndex: 0, muted: false, flags: 0}
03-23 10:31:17.793  3577  4057 V PowerManager: userActivity when=480819584 event=0 flags=0 displayId=0 by (com.android.systemui) callers=android.os.PowerManager.userActivity:1551 com.android.systemui.keyguard.KeyguardViewMediator$$ExternalSyntheticLambda0.run:52 java.util.concurrent.ThreadPoolExecutor.runWorker:1154 
03-23 10:31:17.819  1709  3647 V AudioVolumeChangeHandler: onAudioVolumeGroupChanged volumeEvent=AudioVolumeGroupChangeEvent{groupId: 6, volumeIndex: 0, muted: false, flags: 0}
03-23 10:31:17.820  1709  3647 V AudioVolumeChangeHandler: onAudioVolumeGroupChanged volumeEvent=AudioVolumeGroupChangeEvent{groupId: 14, volumeIndex: 0, muted: false, flags: 0}
03-23 10:31:17.822  1709  3647 V AudioVolumeChangeHandler: onAudioVolumeGroupChanged volumeEvent=AudioVolumeGroupChangeEvent{groupId: 1, volumeIndex: 0, muted: false, flags: 0}
03-23 10:31:17.822  1709  5414 V AudioVolumeChangeHandler: onAudioVolumeGroupChanged volumeEvent=AudioVolumeGroupChangeEvent{groupId: 12, volumeIndex: 0, muted: false, flags: 0}
03-23 10:31:17.823  1709  5407 V AudioVolumeChangeHandler: onAudioVolumeGroupChanged volumeEvent=AudioVolumeGroupChangeEvent{groupId: 12, volumeIndex: 0, muted: false, flags: 0}
03-23 10:31:17.834  3577  4057 V PowerManager: userActivity when=480819625 event=0 flags=0 displayId=0 by (com.android.systemui) callers=android.os.PowerManager.userActivity:1551 com.android.systemui.keyguard.KeyguardViewMediator$$ExternalSyntheticLambda0.run:52 java.util.concurrent.ThreadPoolExecutor.runWorker:1154 
03-23 10:31:18.366 19584 19593 W Binder  : reply too large data on java level: InterfaceDescriptor = null, code = 1
03-23 10:31:18.376  1709  3520 D BackgroundInstallControlService: Package event received: 0
03-23 10:31:20.999  1709  1735 I BrightnessSynchronizer: New Update: {[26793] 0.20726849(f), mUpdatedTypes=0, mConfirmedTypes=0, mTimeUpdated=0, mState=2}
03-23 10:31:21.143  1709  3313 D CoreBackPreview: Window{340376a u0 VolumeDialogImpl}: Setting back callback null
03-23 10:31:21.143  1709  1733 D WindowManager: powerPress: eventTime=480822456 interactive=true isDefaultDisplayAwake=true isCliDisplayOn=false count=1 mShortPressOnPowerBehavior=1
03-23 10:31:21.143  1709  1733 V PowerManager: goToSleep time=480822456 reason=power_button flags=0 by (android) callers=com.android.server.policy.PhoneWindowManager.sleepDefaultDisplay:2001 com.android.server.policy.PhoneWindowManager.sleepDefaultDisplayFromPowerButton:1995 com.android.server.policy.PhoneWindowManager.powerPress:1784 
03-23 10:31:21.144  1709  1733 I PowerGroup: Powering off display group due to power_button (groupId= 0, uid= 1000, millisSinceLastUserActivity=2831, lastUserActivityEvent=other)...
03-23 10:31:21.144  1709  1709 I WindowManager: Started going to sleep... (groupId=0 why=OFF_BECAUSE_OF_USER) notifySleepToKeyguard=true lidState=-1 pmSleepReason=power_button
03-23 10:31:21.144  1709  1733 I PowerManagerService: Going to sleep due to power_button (uid 1000, screenOffTimeout=60000, activityTimeoutWM=-1, maxDimRatio=0.20000005, maxDimDur=7000)...
03-23 10:31:21.144  1709  1709 D BiometricUtils: isEncrypted: false isLockdown: false
03-23 10:31:21.145  1709  1709 D WindowManager: applyUdfpsZeroTapConditions udfpsStateChanged=false isKeyguardAuthState=false isUdfpsActivated=false isAmbientDisplayAvailable=1 isDozeEnabled=true enable=false
03-23 10:31:21.145  1709  1709 D TouchHwAidlService: enableTapWake mode=16 displayId=-1 mGestureStowMode=true
03-23 10:31:21.148  1709  1709 D TouchHwAidlService: setGestureModeHal done mode=16 newMode=16 result=0
03-23 10:31:21.148  1709  1732 D TouchHwAidlService: Unregister stow sensor
03-23 10:31:21.148  1709  1732 D TouchHwAidlService: enableGestureStowMode stowed: false
03-23 10:31:21.149  1709  1735 D PanelsService: onAwakeStateChanged.. isAwake=false
03-23 10:31:21.149  1709  1735 D TouchHwAidlService: onAwakeStateChanged.. isAwake=false
03-23 10:31:21.149  1709  1735 D TouchHwAidlService: enableDozeSleepIfNeeded mAodEnable=true mIsAwake=false -> enable=true
03-23 10:31:21.149  1709  1732 D TouchHwAidlService: setStowGestureMode stowed=false ret=0
03-23 10:31:21.150  1709  1732 D TouchHwAidlService: enablePocketModeIfNeeded.. mSensorPocketMode=false mIsAwake=false mIsKeyguardShowing=false mPocketModeKeyguardOnlySupported=false isDeviceStateClosed=false --> listen=false enable=false callers=com.motorola.server.display.TouchHwAidlService.$r8$lambda$59q7rSMkifO6SUqkeIUSWTnRV3A:0 com.motorola.server.display.TouchHwAidlService$$ExternalSyntheticLambda2.run:0 android.os.Handler.handleCallback:1037 
03-23 10:31:21.150  1709  1732 D TouchHwAidlService: setPocketModeHal done mode=16 result=0
03-23 10:31:21.155  1709  1735 D TouchHwAidlService: Register stow sensor:true
03-23 10:31:21.156  1709  3520 D BackgroundInstallControlService: Package event received: 0
03-23 10:31:21.157  3577  3577 V TrustManager: clearAllBiometricRecognized unlockedUser=-10000 source=FINGERPRINT callers=com.android.keyguard.KeyguardUpdateMonitor.clearFingerprintRecognized:13 com.android.keyguard.KeyguardUpdateMonitor$14.handleMessage:768 android.os.Handler.dispatchMessage:115 android.os.Looper.loopOnce:304 android.os.Looper.loop:430 
03-23 10:31:21.161  1709  1739 D addPss  : tracker=ProcessState{ac82481 com.google.android.webview:sandboxed_process0:org.chromium.content.app.SandboxedProcessService0:0/10451 pkg=com.nonimusic.app}
03-23 10:31:21.161  1709  1739 D addPss  : tracker=ProcessState{60b04f4 com.motorola.carriersettingsext/10164 pkg=com.motorola.carriersettingsext}
03-23 10:31:21.162  1709  1739 D addPss  : tracker=ProcessState{ea3a10f com.dti.motorola/10201 pkg=com.dti.motorola}
03-23 10:31:21.163  1709  1709 W ProcessStats: Tracking association SourceState{8397200 com.android.settings/1000 Service #1251752} whose proc state 8 is better than process ProcessState{2356a94 com.google.android.apps.wellbeing/10217 pkg=com.google.android.apps.wellbeing} proc state 15 (4 skipped)
03-23 10:31:21.164  1709  1739 D addPss  : tracker=ProcessState{deac9ea ellipi.messenger/10416 pkg=ellipi.messenger}
03-23 10:31:21.165  1709  1709 D TrustManagerService: refreshDeviceLockedForUser(userId=-1, unlockedUser=-10000), secure=false, showingKeyguard=false, trusted=false, biometricAuthenticated=false, currentUserIsUnlocked=false, deviceLocked=false
03-23 10:31:21.180  1709  1732 D TouchHwAidlService: enableDozeSleepModeHal done mode=2 result=0
03-23 10:31:21.183  1709  1764 I DisplayPowerController[0]: 03-23 10:31:21.183 - BrightnessEvent: brt=0.20726849 (24.0%), nits= 30.038595, lux=6.7500005, reason=automatic, strat=AutomaticBrightnessStrategy, state=ON, stateReason=DEFAULT_POLICY, policy=OFF, flags=, initBrt=0.20726849, rcmdBrt=0.20726849, preBrt=0.28347656, preLux=18.413656, hdrNits=NaN, initNits=30.038595, preNits=52.372005, rcmdNits=30.038595, sdrToHdrRatio=NaN, hdrBrightness=NaN, brt(%)=24%, brtInt=54, hbmPolicy=normal, wasShortTermModelActive=false, autoBrightness=true (default), unclampedBrt=0.20726849, hbmMax=0.86654115, hbmMode=off, thrmMax=1.0, rbcStrength=50, powerFactor=1.0, physDisp=Built-in Screen(local:4630946747577212034), logicalId=0, slowChange=true, rampSpeed=0.0
03-23 10:31:21.402 19584 30562 W Binder  : reply too large data on java level: InterfaceDescriptor = null, code = 1
03-23 10:31:21.607  1709  1764 I DisplayPowerController[0]: Blocking screen off
03-23 10:31:21.607  1709  1764 I WindowManager: Display 0 turning off...
03-23 10:31:21.608  1709  1764 I WindowManager: Display0 turned off...
03-23 10:31:21.625  1709  1764 D WindowManager: Create SleepToken: tag=Display-off, displayId=0
03-23 10:31:21.625  1709  1764 D ActivityTaskManager: Top Process State changed to PROCESS_STATE_TOP_SLEEPING
03-23 10:31:21.639  1709  1764 I DisplayPowerController[0]: Unblocked screen off after 32 ms
03-23 10:31:21.640  1709  3313 D PowerManagerService: nativeSetPowerMode ret:true mode:7 enabled:false duration ms: 1
03-23 10:31:21.642  1709  1764 I DisplayBrightnessStrategySelector: Changing the DisplayBrightnessStrategy from AutomaticBrightnessStrategy to ScreenOffBrightnessStrategy for display 0
03-23 10:31:21.643  1709  1764 V DisplayPowerController[0]: Brightness [0.0] reason changing to: 'screen_off', previous reason: 'automatic'.
03-23 10:31:21.644  1709  1764 I DisplayPowerController[0]: 03-23 10:31:21.643 - BrightnessEvent: brt=0.0 (0.0%), nits= 3.1465538, lux=-1.0, reason=screen_off, strat=ScreenOffBrightnessStrategy, state=OFF, stateReason=DEFAULT_POLICY, policy=OFF, flags=, initBrt=0.20726849, rcmdBrt=NaN, preBrt=NaN, preLux=0.0, hdrNits=NaN, initNits=30.038595, preNits=NaN, rcmdNits=NaN, sdrToHdrRatio=NaN, hdrBrightness=NaN, brt(%)=0%, brtInt=1, hbmPolicy=normal, wasShortTermModelActive=false, autoBrightness=true (default), unclampedBrt=-1.0, hbmMax=0.86654115, hbmMode=off, thrmMax=1.0, rbcStrength=50, powerFactor=1.0, physDisp=Built-in Screen(local:4630946747577212034), logicalId=0, slowChange=false, rampSpeed=0.0
03-23 10:31:21.644  1709  1764 I DreamManagerService: Entering dreamland. callers=com.android.server.dreams.DreamManagerService.startDreamInternal:627 com.android.server.dreams.DreamManagerService.-$$Nest$mstartDreamInternal:0 com.android.server.dreams.DreamManagerService$LocalService.startDream:1450 com.android.server.power.PowerManagerService.handleSandman:4344 com.android.server.power.PowerManagerService.-$$Nest$mhandleSandman:0 
03-23 10:31:21.645  1709  1764 I PowerManagerService: Dozing... groupId=0
03-23 10:31:21.645  1709  3520 D BackgroundInstallControlService: Package event received: 0
03-23 10:31:21.645  1709  3546 D TouchHwAidlService: setDisplayState: mScreenOff=true
03-23 10:31:21.646  1709  3546 D TouchHwAidlService: onTapToWakeSettingsChanged isAmbientDisplayAvailable=1 aodEnable=true singleTapEnable=true doubleTapEnable=true lidState=-1 callers=com.motorola.server.display.TouchHwAidlService.setDisplayState:545 com.motorola.server.MotoExtHwService$MotoExtHwManagerInternal.setDisplayState:476 com.android.server.display.LocalDisplayAdapter$LocalDisplayDevice$1.setDisplayState:1151 
03-23 10:31:21.646  1709  3546 D TouchHwAidlService: enableDozeSleepIfNeeded mAodEnable=true mIsAwake=false -> enable=true
03-23 10:31:21.646  1709  3546 D TouchHwAidlService: enableTapWake mode=33 displayId=0 mGestureStowMode=true
03-23 10:31:21.647  1709  1732 I DreamController: Starting dream: name=ComponentInfo{com.android.systemui/com.android.systemui.doze.DozeService}, isPreviewMode=false, canDoze=true, userId=0, reason='power manager request', mCurrentDreamStartTime=739889033, isFirstTimeDream=false
03-23 10:31:21.647  1709  1735 I DisplayDeviceRepository: Display device changed state: "Built-in Screen", OFF
03-23 10:31:21.649  1709  1735 I BrightnessSynchronizer: New Update: {[26794] 0.20726849(f), mUpdatedTypes=0, mConfirmedTypes=0, mTimeUpdated=0, mState=2}
03-23 10:31:21.649  1709  1732 D TouchHwAidlService: enableDozeSleepModeHal done mode=2 result=0
03-23 10:31:21.650  1709  3546 D TouchHwAidlService: setGestureModeHal done mode=33 newMode=33 result=0
03-23 10:31:21.650  1709  3546 D TouchHwAidlService: enableTapWake mode=33 displayId=1 mGestureStowMode=true
03-23 10:31:21.650  3577  3577 V DreamService[DozeService]: onCreate() callers=com.android.systemui.doze.DozeService.onCreate:1 android.app.ActivityThread.handleCreateService:5457 android.app.ActivityThread.-$$Nest$mhandleCreateService:0 android.app.ActivityThread$H.handleMessage:2740 android.os.Handler.dispatchMessage:115 
03-23 10:31:21.650  1709  3546 D TouchHwAidlService: enableTapWake mode=49 displayId=-1 mGestureStowMode=true
03-23 10:31:21.651  1709  1732 D TouchHwAidlService: updateDefaultDisplayState: mScreenOn=false
03-23 10:31:21.651  1709  1735 D PanelsService: updateDefaultDisplayState: mScreenState=OFF
03-23 10:31:21.652  1709  1736 I DisplayDevice: [0] Layerstack set to -1 for local:4630946747577212034 mDisplayToken=android.os.BinderProxy@1487b07 t=Transaction{mNativeObject=-5476376652270691056, mHashCode=0}
03-23 10:31:21.652  1709  1733 D WindowManager: DeferredDisplayUpdater: partially applying DisplayInfo(1220 x 2712) immediately
03-23 10:31:21.654  1709  3546 D TouchHwAidlService: setGestureModeHal done mode=49 newMode=49 result=0
03-23 10:31:21.655  1709  1764 D BrightnessThermalClamper: Thermal status observer already started
03-23 10:31:21.656  1709  3520 D BackgroundInstallControlService: Package event received: 0
03-23 10:31:21.656  1709  3546 D LocalDisplayAdapter: setDisplayPowerMode mode=0 for display=android.os.BinderProxy@1487b07
03-23 10:31:21.670  3577  3577 V DreamService[DozeService]: onBind() intent = Intent { act=android.service.dreams.DreamService flg=0x800000 xflg=0x4 cmp=com.android.systemui/.doze.DozeService (has extras) }
03-23 10:31:21.672  1709  1709 I DreamController: onServiceConnected: name=ComponentInfo{com.android.systemui/com.android.systemui.doze.DozeService}, service=android.os.BinderProxy@bba38d8
03-23 10:31:21.672  1709  1732 I DreamController: onServiceConnected to attach: name=ComponentInfo{com.android.systemui/com.android.systemui.doze.DozeService}
03-23 10:31:21.672  3577 18949 I DreamService: DreamServiceWrapper attach: dreamToken=android.os.BinderProxy@bd15f84, canDoze=true
03-23 10:31:21.674  1709  5251 D PowerManagerService: nativeSetAutoSuspend enable:true duration ms: 0
03-23 10:31:21.680  3577  3577 I DreamService[DozeService]: attach() called: dreamToken=android.os.BinderProxy@bd15f84, canDoze=true mWindow=null mWindowless=true callers=android.service.dreams.DreamService.-$$Nest$mattach:0 android.service.dreams.DreamService$DreamServiceWrapper.lambda$attach$1:2034 android.service.dreams.DreamService$DreamServiceWrapper$$ExternalSyntheticLambda0.accept:0 android.service.dreams.DreamService$DreamServiceWrapper.lambda$post$0:2023 android.service.dreams.DreamService$DreamServiceWrapper$$ExternalSyntheticLambda3.run:0 
03-23 10:31:21.680  3577  3577 V DreamService[DozeService]: onDreamingStarted()
03-23 10:31:21.684  1709  5376 D WindowManager: Create SleepToken: tag=keyguard, displayId=0
03-23 10:31:21.692  3577  3577 D InsetsController: Setting requestedVisibleTypes to -11 (was -9)
03-23 10:31:21.699  1709  3648 D DreamManagerService: Dream requested to start dozing: android.os.Binder@631a9ab, screenState=OFF, reason=UNKNOWN, screenBrightnessFloat=NaN, screenBrightnessInt=-1, useNormalBrightnessForDoze=false
03-23 10:31:21.700  1709  3893 I DreamController: mDreamingStartedCallback sendResult
03-23 10:31:21.700  1709  3648 I CarConnectionMonitor: handleDozeMode true
03-23 10:31:21.702  1709  3648 D PowerManagerService: nativeSetAutoSuspend enable:false duration ms: 1
03-23 10:31:21.755  1709  5251 D SystemServerTiming: getUserSwitchability-0
03-23 10:31:21.755  1709  3313 D SystemServerTiming: getUserSwitchability-0
03-23 10:31:21.755  1709  5251 D SystemServerTiming: TM.isInCall
03-23 10:31:21.755  1709  3313 D SystemServerTiming: TM.isInCall
03-23 10:31:21.756  1709  5251 D SystemServerTiming: hasUserRestriction-DISALLOW_USER_SWITCH
03-23 10:31:21.756  1709  3313 D SystemServerTiming: hasUserRestriction-DISALLOW_USER_SWITCH
03-23 10:31:21.756  1709  5251 D SystemServerTiming: getInt-ALLOW_USER_SWITCHING_WHEN_SYSTEM_USER_LOCKED
03-23 10:31:21.756  1709  5251 D SystemServerTiming: isUserUnlocked-USER_SYSTEM
03-23 10:31:21.756  1709  3313 D SystemServerTiming: getInt-ALLOW_USER_SWITCHING_WHEN_SYSTEM_USER_LOCKED
03-23 10:31:21.756  1709  3313 D SystemServerTiming: isUserUnlocked-USER_SYSTEM
03-23 10:31:21.795  1709  3313 E AppOps  : attributionTag  not declared in manifest of com.nonimusic.app
03-23 10:31:21.795  1709  3313 E AppOps  : attributionTag  not declared in manifest of com.nonimusic.app
03-23 10:31:21.796  1709  5251 E AppOps  : attributionTag  not declared in manifest of com.nonimusic.app
03-23 10:31:21.796  1709  5251 E AppOps  : attributionTag  not declared in manifest of com.nonimusic.app
03-23 10:31:21.813  1709  5251 V AudioVolumeChangeHandler: onAudioVolumeGroupChanged volumeEvent=AudioVolumeGroupChangeEvent{groupId: 6, volumeIndex: 0, muted: false, flags: 0}
03-23 10:31:21.815  1709  5376 V AudioVolumeChangeHandler: onAudioVolumeGroupChanged volumeEvent=AudioVolumeGroupChangeEvent{groupId: 6, volumeIndex: 0, muted: false, flags: 0}
03-23 10:31:21.815  1709  5251 V AudioVolumeChangeHandler: onAudioVolumeGroupChanged volumeEvent=AudioVolumeGroupChangeEvent{groupId: 6, volumeIndex: 0, muted: false, flags: 0}
03-23 10:31:21.816  1709  5376 V AudioVolumeChangeHandler: onAudioVolumeGroupChanged volumeEvent=AudioVolumeGroupChangeEvent{groupId: 6, volumeIndex: 0, muted: false, flags: 0}
03-23 10:31:21.817  1709  5376 V AudioVolumeChangeHandler: onAudioVolumeGroupChanged volumeEvent=AudioVolumeGroupChangeEvent{groupId: 6, volumeIndex: 0, muted: false, flags: 0}
03-23 10:31:21.818  1709  5376 V AudioVolumeChangeHandler: onAudioVolumeGroupChanged volumeEvent=AudioVolumeGroupChangeEvent{groupId: 6, volumeIndex: 0, muted: false, flags: 0}
03-23 10:31:21.819  1709  5376 V AudioVolumeChangeHandler: onAudioVolumeGroupChanged volumeEvent=AudioVolumeGroupChangeEvent{groupId: 6, volumeIndex: 0, muted: false, flags: 0}
03-23 10:31:21.820  1709  5376 V AudioVolumeChangeHandler: onAudioVolumeGroupChanged volumeEvent=AudioVolumeGroupChangeEvent{groupId: 6, volumeIndex: 0, muted: false, flags: 0}
03-23 10:31:21.821  1709  5376 V AudioVolumeChangeHandler: onAudioVolumeGroupChanged volumeEvent=AudioVolumeGroupChangeEvent{groupId: 6, volumeIndex: 0, muted: false, flags: 0}
03-23 10:31:21.832  1709  5376 V AudioVolumeChangeHandler: onAudioVolumeGroupChanged volumeEvent=AudioVolumeGroupChangeEvent{groupId: 12, volumeIndex: 0, muted: false, flags: 0}
03-23 10:31:21.833  1709  5376 V AudioVolumeChangeHandler: onAudioVolumeGroupChanged volumeEvent=AudioVolumeGroupChangeEvent{groupId: 12, volumeIndex: 0, muted: false, flags: 0}
03-23 10:31:21.834  1709  5376 V AudioVolumeChangeHandler: onAudioVolumeGroupChanged volumeEvent=AudioVolumeGroupChangeEvent{groupId: 12, volumeIndex: 0, muted: false, flags: 0}
03-23 10:31:21.835  1709  5376 V AudioVolumeChangeHandler: onAudioVolumeGroupChanged volumeEvent=AudioVolumeGroupChangeEvent{groupId: 12, volumeIndex: 0, muted: false, flags: 0}
03-23 10:31:21.838  1709  5376 V AudioVolumeChangeHandler: onAudioVolumeGroupChanged volumeEvent=AudioVolumeGroupChangeEvent{groupId: 12, volumeIndex: 0, muted: false, flags: 0}
03-23 10:31:21.838  1709  3648 V AudioVolumeChangeHandler: onAudioVolumeGroupChanged volumeEvent=AudioVolumeGroupChangeEvent{groupId: 12, volumeIndex: 0, muted: false, flags: 0}
03-23 10:31:21.838  1709  3648 V AudioVolumeChangeHandler: onAudioVolumeGroupChanged volumeEvent=AudioVolumeGroupChangeEvent{groupId: 12, volumeIndex: 0, muted: false, flags: 0}
03-23 10:31:21.839  1709  3648 V AudioVolumeChangeHandler: onAudioVolumeGroupChanged volumeEvent=AudioVolumeGroupChangeEvent{groupId: 12, volumeIndex: 0, muted: false, flags: 0}
03-23 10:31:21.840  1709  3648 V AudioVolumeChangeHandler: onAudioVolumeGroupChanged volumeEvent=AudioVolumeGroupChangeEvent{groupId: 12, volumeIndex: 0, muted: false, flags: 0}
03-23 10:31:21.843  1709  3648 V AudioVolumeChangeHandler: onAudioVolumeGroupChanged volumeEvent=AudioVolumeGroupChangeEvent{groupId: 1, volumeIndex: 0, muted: false, flags: 0}
03-23 10:31:21.844  1709  3648 V AudioVolumeChangeHandler: onAudioVolumeGroupChanged volumeEvent=AudioVolumeGroupChangeEvent{groupId: 1, volumeIndex: 0, muted: false, flags: 0}
03-23 10:31:21.845  1709  3648 V AudioVolumeChangeHandler: onAudioVolumeGroupChanged volumeEvent=AudioVolumeGroupChangeEvent{groupId: 1, volumeIndex: 0, muted: false, flags: 0}
03-23 10:31:21.846  1709  3648 V AudioVolumeChangeHandler: onAudioVolumeGroupChanged volumeEvent=AudioVolumeGroupChangeEvent{groupId: 1, volumeIndex: 0, muted: false, flags: 0}
03-23 10:31:21.847  1709  3648 V AudioVolumeChangeHandler: onAudioVolumeGroupChanged volumeEvent=AudioVolumeGroupChangeEvent{groupId: 1, volumeIndex: 0, muted: false, flags: 0}
03-23 10:31:21.848  1709  3648 V AudioVolumeChangeHandler: onAudioVolumeGroupChanged volumeEvent=AudioVolumeGroupChangeEvent{groupId: 1, volumeIndex: 0, muted: false, flags: 0}
03-23 10:31:21.849  1709  3648 V AudioVolumeChangeHandler: onAudioVolumeGroupChanged volumeEvent=AudioVolumeGroupChangeEvent{groupId: 1, volumeIndex: 0, muted: false, flags: 0}
03-23 10:31:21.849  1709  3648 V AudioVolumeChangeHandler: onAudioVolumeGroupChanged volumeEvent=AudioVolumeGroupChangeEvent{groupId: 1, volumeIndex: 0, muted: false, flags: 0}
03-23 10:31:21.850  1709  3648 V AudioVolumeChangeHandler: onAudioVolumeGroupChanged volumeEvent=AudioVolumeGroupChangeEvent{groupId: 1, volumeIndex: 0, muted: false, flags: 0}
03-23 10:31:21.852  1709  3648 V AudioVolumeChangeHandler: onAudioVolumeGroupChanged volumeEvent=AudioVolumeGroupChangeEvent{groupId: 14, volumeIndex: 0, muted: false, flags: 0}
03-23 10:31:21.854  1709  3546 D PowerManagerService: nativeSetPowerMode ret:false mode:9 enabled:true duration ms: 0
03-23 10:31:21.854  1709  3648 V AudioVolumeChangeHandler: onAudioVolumeGroupChanged volumeEvent=AudioVolumeGroupChangeEvent{groupId: 14, volumeIndex: 0, muted: false, flags: 0}
03-23 10:31:21.854  1709  3648 V AudioVolumeChangeHandler: onAudioVolumeGroupChanged volumeEvent=AudioVolumeGroupChangeEvent{groupId: 14, volumeIndex: 0, muted: false, flags: 0}
03-23 10:31:21.855  1709  1764 I DisplayPowerController[0]: 03-23 10:31:21.854 - BrightnessEvent: brt=0.0 (0.0%), nits= 3.1465538, lux=-1.0, reason=screen_off, strat=ScreenOffBrightnessStrategy, state=OFF, stateReason=UNKNOWN, policy=DOZE, flags=, initBrt=0.0, rcmdBrt=NaN, preBrt=NaN, preLux=0.0, hdrNits=NaN, initNits=3.1465538, preNits=NaN, rcmdNits=NaN, sdrToHdrRatio=NaN, hdrBrightness=NaN, brt(%)=0%, brtInt=1, hbmPolicy=normal, wasShortTermModelActive=false, autoBrightness=true (default), unclampedBrt=-1.0, hbmMax=0.86654115, hbmMode=off, thrmMax=1.0, rbcStrength=50, powerFactor=1.0, physDisp=Built-in Screen(local:4630946747577212034), logicalId=0, slowChange=false, rampSpeed=0.0
03-23 10:31:21.856  1709  3648 V AudioVolumeChangeHandler: onAudioVolumeGroupChanged volumeEvent=AudioVolumeGroupChangeEvent{groupId: 14, volumeIndex: 0, muted: false, flags: 0}
03-23 10:31:21.857  1709  3648 V AudioVolumeChangeHandler: onAudioVolumeGroupChanged volumeEvent=AudioVolumeGroupChangeEvent{groupId: 14, volumeIndex: 0, muted: false, flags: 0}
03-23 10:31:21.858  1709  1709 I WindowManager: Finished going to sleep... (groupId=0 why=OFF_BECAUSE_OF_USER) notifySleepToKeyguard=true lidState=-1 pmSleepReason=power_button
03-23 10:31:21.860  1709  1764 D PowerManagerService: nativeAcquireSuspendBlocker name:PowerManagerService.Broadcasts duration ms: 3
03-23 10:31:21.861  1709  1764 D PowerManagerService: nativeSetAutoSuspend enable:true duration ms: 0
03-23 10:31:21.862  1709  1764 D PowerManagerService: nativeReleaseSuspendBlocker name:PowerManagerService.Display duration ms: 2
03-23 10:31:21.863  1709  5251 V AudioVolumeChangeHandler: onAudioVolumeGroupChanged volumeEvent=AudioVolumeGroupChangeEvent{groupId: 14, volumeIndex: 0, muted: false, flags: 0}
03-23 10:31:21.864  1709  3313 V AudioVolumeChangeHandler: onAudioVolumeGroupChanged volumeEvent=AudioVolumeGroupChangeEvent{groupId: 14, volumeIndex: 0, muted: false, flags: 0}
03-23 10:31:21.864  1709  3313 V AudioVolumeChangeHandler: onAudioVolumeGroupChanged volumeEvent=AudioVolumeGroupChangeEvent{groupId: 14, volumeIndex: 0, muted: false, flags: 0}
03-23 10:31:21.864  1709  3313 V AudioVolumeChangeHandler: onAudioVolumeGroupChanged volumeEvent=AudioVolumeGroupChangeEvent{groupId: 14, volumeIndex: 0, muted: false, flags: 0}
03-23 10:31:21.872  1709  1735 I DisplayDeviceRepository: Display device changed render timings: "Built-in Screen", renderFrameRate=60.000004, presentationDeadlineNanos=13333332, appVsyncOffsetNanos=1000000, frameRateOverrides=[]
