03-23 10:00:07.563  1830 22044 D DlbDapEffectContext: DapEffectContext[0xb40000787c64ccf0] getDapParameter() outval size = 4, ret = 0
03-23 10:00:07.607  1830 22044 D DlbDapEffectContext: DapEffectContext[0xb40000787c64ccf0] getDapParameter() outval size = 4, ret = 0
03-23 10:00:07.643  1830 22044 D DlbDapEffectContext: DapEffectContext[0xb40000787c64ccf0] getDapParameter() outval size = 4, ret = 0
03-23 10:00:07.658  1709  4539 I AppsFilter: interaction: PackageSetting{d44643d com.nonimusic.app/10451} -> PackageSetting{c15210c com.motorola.motosignature.app/10145} BLOCKED
03-23 10:00:07.668  6419  6419 W HWUI    : Image decoding logging dropped!
03-23 10:00:07.686  1830 22044 D DlbDapEffectContext: DapEffectContext[0xb40000787c64ccf0] getDapParameter() outval size = 4, ret = 0
03-23 10:00:07.707  1819  1819 I sensors-hal: batch:206, android.sensor.game_rotation_vector/151, period=16666000, max_latency=0
03-23 10:00:07.707  1819  1819 I sensors-hal: set_config:57, sample_period_ns is adjusted to 16666000 based on min/max delay_ns
03-23 10:00:07.707  1819  1819 I sensors-hal: batch:215, android.sensor.game_rotation_vector/151, period=16666000, max_latency=0 request completed
03-23 10:00:07.707  1819  1819 I sensors-hal: activate:173, android.sensor.game_rotation_vector/151 en=1
03-23 10:00:07.708  1819  1819 I sensors-hal: get_qmi_debug_flag:239, support_qmi_debug : false
03-23 10:00:07.712  1811  1882 E minksocket: MinkIPC_QRTR_Service: client with node 1 port 7df9 went down
03-23 10:00:07.715  1811  1882 E minksocket: MinkIPC_QRTR_Service: client with node 1 port 7dfa went down
03-23 10:00:07.719  1811  1882 E minksocket: MinkIPC_QRTR_Service: client with node 1 port 7dfb went down
03-23 10:00:07.724  1819  1819 E Diag_Lib: diag: Diag_LSM_Init: invoked for pid: 1819 with init_count: 0
03-23 10:00:07.726  1819  1819 E Diag_Lib: diag:failed to connect to diag socket
03-23 10:00:07.726  1819  1819 E Diag_Lib:  Diag_LSM_Init: Failed to open handle to diag driver, error = 13
03-23 10:00:07.726  1811  1882 E minksocket: MinkIPC_QRTR_Service: client with node 1 port 7dfc went down
03-23 10:00:07.727  1819  1819 I sensors-hal: send_sync_sensor_request:341, send sync request
03-23 10:00:07.728  1819  1819 I sensors-hal: send_sync_sensor_request:367, wait for notification of response
03-23 10:00:07.729  1819  6806 I sensors-hal: ssc_conn_resp_cb:632, resp_value = 0
03-23 10:00:07.729  1819  1819 I sensors-hal: send_sync_sensor_request:373, takes 1 ms to receive the response with 0
03-23 10:00:07.730  1819  1819 I sensors-hal: activate:184, android.sensor.game_rotation_vector/151 en=1 completed
03-23 10:00:07.730  1830 22044 D DlbDapEffectContext: DapEffectContext[0xb40000787c64ccf0] getDapParameter() outval size = 4, ret = 0
03-23 10:00:07.736  1993  5465 E ANDR-PERF-LM: StatsProvider: stats_nl_error_callback() 145: NL SOC receive error: No such process
03-23 10:00:07.736  1993  5465 E ANDR-PERF-LM: StatsProvider: sendRecvData() 386: nl_recvmsgs failed return=-12
03-23 10:00:07.736  1993  5465 E ANDR-PERF-LM: StatsProvider: getPIDStats() 198: sendRecvData returned error = -4
03-23 10:00:07.765  1830 22044 D DlbDapEffectContext: DapEffectContext[0xb40000787c64ccf0] getDapParameter() outval size = 4, ret = 0
03-23 10:00:07.776  6419  6419 I PlayCore: UID: [10451]  PID: [6419] StandardIntegrity : warmUpIntegrityToken(868618676952)
03-23 10:00:07.778  6419  6812 I PlayCore: UID: [10451]  PID: [6419] StandardIntegrity : Initiate binding to the service.
03-23 10:00:07.782  1709  3520 D BackgroundInstallControlService: Package event received: 0
03-23 10:00:07.786  5068  5234 V OsAgent : broadcastSystemEvent - 7
03-23 10:00:07.802  6419  6419 I PlayCore: UID: [10451]  PID: [6419] StandardIntegrity : ServiceConnectionImpl.onServiceConnected(ComponentInfo{com.android.vending/com.google.android.finsky.expressintegrityservice.ExpressIntegrityService})
03-23 10:00:07.803  6419  6812 I PlayCore: UID: [10451]  PID: [6419] StandardIntegrity : linkToDeath
03-23 10:00:07.806  1830 22044 D DlbDapEffectContext: DapEffectContext[0xb40000787c64ccf0] getDapParameter() outval size = 4, ret = 0
03-23 10:00:07.828  1819  6806 I sensors-hal: handle_indication_realtime:467,  SCHED_FIFO(10) for qmi_cbk
03-23 10:00:07.844  1830 22044 D DlbDapEffectContext: DapEffectContext[0xb40000787c64ccf0] getDapParameter() outval size = 4, ret = 0
03-23 10:00:07.853  1819  1819 I sensors-hal: activate:173, android.sensor.game_rotation_vector/151 en=0
03-23 10:00:07.855  1819  1819 I sensors-hal: activate:184, android.sensor.game_rotation_vector/151 en=0 completed
03-23 10:00:07.856  1811  1882 E minksocket: MinkIPC_QRTR_Service: client with node 1 port 7dfd went down
03-23 10:00:07.886  1830 22044 D DlbDapEffectContext: DapEffectContext[0xb40000787c64ccf0] getDapParameter() outval size = 4, ret = 0
03-23 10:00:07.909  1709  1929 I RemoteProvisionSysSvc: getRegistration(android.hardware.security.keymint.IRemotelyProvisionedComponent/default)
03-23 10:00:07.922  1709  3520 D BackgroundInstallControlService: Package event received: 0
03-23 10:00:07.922  1709  1929 V GrammaticalInflectionUtils: AttributionSource: android.content.AttributionSource@710f6817 does not have READ_SYSTEM_GRAMMATICAL_GENDER permission.
03-23 10:00:07.926  1830 22044 D DlbDapEffectContext: DapEffectContext[0xb40000787c64ccf0] getDapParameter() outval size = 4, ret = 0
03-23 10:00:07.944  1573  1573 D Zygote  : Forked child process 6819
03-23 10:00:07.945  1709  1744 I ActivityManager: Start proc 6819:com.google.android.rkpdapp/u0a441 for service {com.google.android.rkpdapp/com.android.rkpdapp.service.RemoteProvisioningService}
03-23 10:00:07.945  1709  1744 I ActivityManager: ProcessObserver broadcast disabled
03-23 10:00:07.960  6819  6819 I android.rkpdapp: Using CollectorTypeCMC GC.
03-23 10:00:07.967  1830 22044 D DlbDapEffectContext: DapEffectContext[0xb40000787c64ccf0] getDapParameter() outval size = 4, ret = 0
03-23 10:00:07.970  6819  6819 D nativeloader: Load libframework-connectivity-tiramisu-jni.so using APEX ns com_android_tethering for caller /apex/com.android.tethering/javalib/framework-connectivity-t.jar: ok
03-23 10:00:07.991  5068  5234 V OsAgent : broadcastSystemEvent - 7
03-23 10:00:07.993  1709  3520 D BackgroundInstallControlService: Package event received: 0
03-23 10:00:08.002  1830 16708 D DlbDap2Process: process() called [49935000] times with input format 0x22 and channel mask 0x3 (ProcessingMode=8), htEnable=0(0, 0, 0)
03-23 10:00:08.005  1830 22044 D DlbDapEffectContext: DapEffectContext[0xb40000787c64ccf0] getDapParameter() outval size = 4, ret = 0
03-23 10:00:08.023  6819  6819 D nativeloader: Configuring clns-shared-9 for other apk /apex/com.android.rkpd/priv-app/rkpdapp.google@361420380/rkpdapp.google.apk. target_sdk_version=36, uses_libraries=, library_path=/apex/com.android.rkpd/priv-app/rkpdapp.google@361420380/lib/arm64:/system/lib64:/system_ext/lib64, permitted_path=/data:/mnt/expand:/data/user/0/com.google.android.rkpdapp:/apex/com.android.rkpd/priv-app/rkpdapp.google@361420380:/system/lib64:/system_ext/lib64
03-23 10:00:08.025  6819  6819 D nativeloader: InitApexLibraries:
03-23 10:00:08.025  6819  6819 D nativeloader:   com_android_adservices: libhpke_jni.so:libtflite_support_classifiers_native.so
03-23 10:00:08.025  6819  6819 D nativeloader:   com_android_appsearch: libappsearchservice.so:libicing_anywhere.so
03-23 10:00:08.025  6819  6819 D nativeloader:   com_android_art: libartservice.so
03-23 10:00:08.025  6819  6819 D nativeloader:   com_android_bt: libbluetooth_jni.so
03-23 10:00:08.025  6819  6819 D nativeloader:   com_android_conscrypt: libjavacrypto.so
03-23 10:00:08.025  6819  6819 D nativeloader:   com_android_mediaprovider: libpdfclient.so
03-23 10:00:08.025  6819  6819 D nativeloader:   com_android_nfcservices: libnfc_nci_jni.so
03-23 10:00:08.025  6819  6819 D nativeloader:   com_android_ondevicepersonalization: libfcp_cpp_dep_jni.so:libfcp_hpke_jni.so
03-23 10:00:08.025  6819  6819 D nativeloader:   com_android_os_statsd: libstats_jni.so
03-23 10:00:08.025  6819  6819 D nativeloader:   com_android_tethering: libandroid_net_connectivity_com_android_net_module_util_jni.so:libandroid_net_connectivity_com_android_net_module_util_jni_CommonConnectivityJni.so:libframework-connectivity-jni.so:libframework-connectivity-tiramisu-jni.so:libmainlinecronet.141.0.7340.3.so:libservice-connectivity.so:libservice-thread-jni.so:stable_cronet_libcrypto.so:stable_cronet_libssl.so
03-23 10:00:08.025  6819  6819 D nativeloader:   com_android_uwb: libuwb_uci_jni_rust.so
03-23 10:00:08.025  6819  6819 D nativeloader:   com_android_virt: libvirtualizationservice_jni.so:libvirtualmachine_jni.so
03-23 10:00:08.025  6819  6819 D nativeloader:   com_android_wifi: lib
03-23 10:00:08.036  6819  6819 V GraphicsEnvironment: Currently set values for:
03-23 10:00:08.036  6819  6819 V GraphicsEnvironment:   angle_gl_driver_selection_pkgs=[]
03-23 10:00:08.036  6819  6819 V GraphicsEnvironment:   angle_gl_driver_selection_values=[]
03-23 10:00:08.036  6819  6819 V GraphicsEnvironment: com.google.android.rkpdapp is not listed in per-application setting
03-23 10:00:08.036  6819  6819 V GraphicsEnvironment: ANGLE allowlist from config: 
03-23 10:00:08.036  6819  6819 V GraphicsEnvironment: com.google.android.rkpdapp is not listed in ANGLE allowlist or settings, returning default
03-23 10:00:08.037  1993  5465 E ANDR-PERF-LM: StatsProvider: stats_nl_error_callback() 145: NL SOC receive error: No such process
03-23 10:00:08.037  1993  5465 E ANDR-PERF-LM: StatsProvider: sendRecvData() 386: nl_recvmsgs failed return=-12
03-23 10:00:08.037  1993  5465 E ANDR-PERF-LM: StatsProvider: getPIDStats() 198: sendRecvData returned error = -4
03-23 10:00:08.044  6819  6819 D WM-WrkMgrInitializer: Initializing WorkManager with default configuration.
03-23 10:00:08.049  1830 22044 D DlbDapEffectContext: DapEffectContext[0xb40000787c64ccf0] getDapParameter() outval size = 4, ret = 0
03-23 10:00:08.049  6819  6819 D WM-PackageManagerHelper: Skipping component enablement for androidx.work.impl.background.systemjob.SystemJobService
03-23 10:00:08.049  6819  6819 D WM-Schedulers: Created SystemJobScheduler and enabled SystemJobService
03-23 10:00:08.050  6819  6836 D WM-ForceStopRunnable: The default process name was not specified.
03-23 10:00:08.050  6819  6836 D WM-ForceStopRunnable: Performing cleanup operations.
03-23 10:00:08.054  6819  6819 I Typeface: updateThemeFont new=Rookery-Regular;old=sans-serif;new=Rookery-Stacked;old=
03-23 10:00:08.056  1709  5415 I ActivityManager: Flag disabled. Ignoring finishAttachApplication from uid: 10441. pid: 6819
03-23 10:00:08.060  1709  1709 I RegistrationProxy: onServiceConnected: com.android.rkpdapp.service.RemoteProvisioningService
03-23 10:00:08.071  6819  6836 E ashmem  : Pinning is deprecated since Android Q. Please use trim or other methods.
03-23 10:00:08.082  1709  1929 I RegistrationProxy: IGetRegistrationCallback.onSuccess
03-23 10:00:08.085  1830 22044 D DlbDapEffectContext: DapEffectContext[0xb40000787c64ccf0] getDapParameter() outval size = 4, ret = 0
03-23 10:00:08.100  1709  1929 I RemoteProvisionSysSvc: Device support RKP, go on to fetch key
03-23 10:00:08.100  1709  1929 I RemoteProvisionSysSvc: Fetching key 10218 for client 238829087
03-23 10:00:08.100  1709  1929 I RegistrationProxy: getKeyAsync operation started with callback 93197676
03-23 10:00:08.103  6819  6839 I RkpdRegistrationBinder: Key requested for : android.hardware.security.keymint.IRemotelyProvisionedComponent/default, clientUid: 1017, keyId: 10218, callback: 260232714
03-23 10:00:08.113  2066  2066 D Scheduler: notifyScrollEvent state=0, mAcceptScrollEvent=1 touchGuess=0
03-23 10:00:08.129  1830 22044 D DlbDapEffectContext: DapEffectContext[0xb40000787c64ccf0] getDapParameter() outval size = 4, ret = 0
03-23 10:00:08.129  6819  6839 I RkpdRegistrationBinder: Key successfully assigned to client
03-23 10:00:08.131  1709  1709 I RemoteProvisionSysSvc: Successfully fetched key for client 238829087
03-23 10:00:08.135  6819  6852 D WM-PackageManagerHelper: Skipping component enablement for androidx.work.impl.background.systemalarm.RescheduleReceiver
03-23 10:00:08.136 12147 12239 I ProtoXDBBufferWrapper: ProtoXDBBufferWrapper.flushToStorage():158 Flushed 6 data item(s) to storage.
03-23 10:00:08.145 16172 16172 D BoundBrokerSvc: onUnbind: Intent { act=com.google.android.mdd.service.START dat=chimera-action:/... xflg=0x4 cmp=com.google.android.gms/.chimera.GmsBoundBrokerService }
03-23 10:00:08.166  1830 22044 D DlbDapEffectContext: DapEffectContext[0xb40000787c64ccf0] getDapParameter() outval size = 4, ret = 0
03-23 10:00:08.175 16172 16172 D BoundBrokerSvc: onUnbind: Intent { act=com.google.firebase.dynamiclinks.service.START xflg=0x4 pkg=com.google.android.gms }
03-23 10:00:08.177  1214  1222 D DrmLibTime: got the req here! ret=0
03-23 10:00:08.177  1214  1222 D DrmLibTime: command id, time_cmd_id = 770
03-23 10:00:08.177  1214  1222 D DrmLibTime: time_getutcsec starts!
03-23 10:00:08.177  1214  1222 D DrmLibTime: QSEE Time Listener: time_getutcsec
03-23 10:00:08.177  1214  1222 D DrmLibTime: QSEE Time Listener: get_utc_seconds
03-23 10:00:08.177  1214  1222 D DrmLibTime: QSEE Time Listener: time_get_modem_time
03-23 10:00:08.177  1214  1222 D DrmLibTime: QSEE Time Listener: Checking if ATS_MODEM is set or not.
03-23 10:00:08.177  1214  1222 D QC-time-services: Lib:time_genoff_operation: pargs->base = 13
03-23 10:00:08.177  1214  1222 D QC-time-services: Lib:time_genoff_operation: pargs->operation = 2
03-23 10:00:08.177  1214  1222 D QC-time-services: Lib:time_genoff_operation: pargs->ts_val = 0
03-23 10:00:08.177  1214  1222 D QC-time-services: Lib:time_genoff_operation: Send to server  passed!!
03-23 10:00:08.177  1546  1557 D QC-time-services: Daemon: Connection accepted:time_genoff
03-23 10:00:08.177  1546  6855 D QC-time-services: Daemon:Received base = 13, unit = 1, operation = 2,value = 0
03-23 10:00:08.177  1546  6855 D QC-time-services: Daemon:genoff_opr: Base = 13, val = 0, operation = 2
03-23 10:00:08.177  1546  6855 D QC-time-services: offset is: 1 for base: 13
03-23 10:00:08.178  1214  1222 E QC-time-services: Receive Passed == base = 13, unit = 1, operation = 2, result = 0
03-23 10:00:08.178  1214  1222 D DrmLibTime: QSEE Time Listener: ATS_MODEM is set. Try to retrieve it.
03-23 10:00:08.178  1546  1557 E QC-time-services: Daemon: Time-services: Waiting to acceptconnection
03-23 10:00:08.178  1546  1557 D QC-time-services: Daemon: Connection accepted:time_genoff
03-23 10:00:08.178  1546  6857 D QC-time-services: Daemon:Received base = 13, unit = 1, operation = 1,value = 0
03-23 10:00:08.178  1546  6857 D QC-time-services: Daemon:genoff_opr: Base = 13, val = 0, operation = 1
03-23 10:00:08.178  1546  6857 D QC-time-services: Daemon: genoff get for 13
03-23 10:00:08.178  1546  6857 D QC-time-services: Daemon:Value read from QTimer mseconds = 738955864
03-23 10:00:08.178  1546  6857 D QC-time-services: Daemon:Value read from RTC mseconds on boot = 6495314000
03-23 10:00:08.178  1546  6857 D QC-time-services: Daemon:Value read from QTimer mseconds = 738955864
03-23 10:00:08.178  1546  6857 D QC-time-services: Daemon:Value read from generic offset = 1767005952152
03-23 10:00:08.178  1546  6857 D QC-time-services: Daemon:Delta read on boot mseconds = 6495300088
03-23 10:00:08.178  1546  6857 D QC-time-services: Daemon:Final Time = 1774240208104
03-23 10:00:08.178  1214  1222 D DrmLibTime: QSEE Time Listener: Time GenOff - seconds: 1774240208
03-23 10:00:08.178  1214  1222 D DrmLibTime: time_getutcsec returns 0, sec = 1774240208; nsec = 0
03-23 10:00:08.178  1214  1222 D DrmLibTime: time_getutcsec finished! 
03-23 10:00:08.178  1214  1222 D DrmLibTime: iotcl_continue_command finished! and return 0 
03-23 10:00:08.178  1214  1222 D DrmLibTime: before calling ioctl to read the next time_cmd
03-23 10:00:08.178  1546  1557 E QC-time-services: Daemon: Time-services: Waiting to acceptconnection
03-23 10:00:08.202  1830 22044 D DlbDapEffectContext: DapEffectContext[0xb40000787c64ccf0] getDapParameter() outval size = 4, ret = 0
03-23 10:00:08.221 16172 16172 D BoundBrokerSvc: onUnbind: Intent { act=com.google.android.gms.chromesync.service.zeroparty.START dat=chimera-action:/... xflg=0x4 cmp=com.google.android.gms/.chimera.GmsApiService }
03-23 10:00:08.224 16172 16172 D BoundBrokerSvc: onUnbind: Intent { act=com.google.android.gms.wallet.service.BIND xflg=0x4 pkg=com.google.android.gms }
03-23 10:00:08.231 16172 16172 D BoundBrokerSvc: onUnbind: Intent { act=com.google.android.gms.auth.api.phone.service.SmsRetrieverApiService.START dat=chimera-action:/... xflg=0x4 cmp=com.google.android.gms/.chimera.GmsApiService }
03-23 10:00:08.245  1830 22044 D DlbDapEffectContext: DapEffectContext[0xb40000787c64ccf0] getDapParameter() outval size = 4, ret = 0
03-23 10:00:08.288  1830 22044 D DlbDapEffectContext: DapEffectContext[0xb40000787c64ccf0] getDapParameter() outval size = 4, ret = 0
03-23 10:00:08.288 28072  6817 I Finsky  : [1415] Integrity key attestation record generated successfully.
03-23 10:00:08.289  1830 22044 E DlbEffectContext: getParam() called with invalid parameter id 1953655149
03-23 10:00:08.289  2049  2821 D EffectModule: process:  profile=0  music=0  speech=0
03-23 10:00:08.322  1830 22044 D DlbDapEffectContext: DapEffectContext[0xb40000787c64ccf0] getDapParameter() outval size = 4, ret = 0
03-23 10:00:08.338  1993  5465 E ANDR-PERF-LM: StatsProvider: stats_nl_error_callback() 145: NL SOC receive error: No such process
03-23 10:00:08.338  1993  5465 E ANDR-PERF-LM: StatsProvider: sendRecvData() 386: nl_recvmsgs failed return=-12
03-23 10:00:08.338  1993  5465 E ANDR-PERF-LM: StatsProvider: getPIDStats() 198: sendRecvData returned error = -4
03-23 10:00:08.364  1830 22044 D DlbDapEffectContext: DapEffectContext[0xb40000787c64ccf0] getDapParameter() outval size = 4, ret = 0
03-23 10:00:08.405  1830 22044 D DlbDapEffectContext: DapEffectContext[0xb40000787c64ccf0] getDapParameter() outval size = 4, ret = 0
03-23 10:00:08.444  1830 22044 D DlbDapEffectContext: DapEffectContext[0xb40000787c64ccf0] getDapParameter() outval size = 4, ret = 0
03-23 10:00:08.462  6419  6462 I AAudio  : AAudioStreamBuilder_openStream() called ----------------------------------------
03-23 10:00:08.462  6419  6462 I AudioStreamBuilder: rate   =  48000, channels  = 2, channelMask = 0x3, format   = 5, sharing = SH, dir = OUTPUT
03-23 10:00:08.462  6419  6462 I AudioStreamBuilder: devices = AUDIO_PORT_HANDLE_NONE, sessionId = -1, perfMode = 11, callback: ON with frames = 1024
03-23 10:00:08.462  6419  6462 I AudioStreamBuilder: usage  =      1, contentType = 0, inputPreset = 0, allowedCapturePolicy = 0
03-23 10:00:08.462  6419  6462 I AudioStreamBuilder: privacy sensitive = false, opPackageName = (null), attributionTag = (null)
03-23 10:00:08.462  6419  6462 D AudioStreamBuilder: build, global mmap policy is 0
03-23 10:00:08.463  6419  6462 D AudioStreamBuilder: build, system mmap policy is 2
03-23 10:00:08.463  6419  6462 D AudioStreamBuilder: build, final mmap policy is 2
03-23 10:00:08.463  6419  6462 D AudioStreamBuilder: build, system mmap exclusive policy is 2
03-23 10:00:08.463  6419  6462 D AudioStreamBuilder: build, final mmap exclusive policy is 2
03-23 10:00:08.463  6419  6462 D AudioStreamBuilder: build() MMAP not used because AAUDIO_PERFORMANCE_MODE_LOW_LATENCY not requested.
03-23 10:00:08.463  6419  6462 D m.nonimusic.app: PlayerBase::PlayerBase()
03-23 10:00:08.463  6419  6462 D AudioStreamTrack: open(), request notificationFrames = 0, frameCount = 0
03-23 10:00:08.464  2049 24622 D NativePermissionController: checkPermission: missing 1 for 10451
03-23 10:00:08.464  2049 24622 D NativePermissionController: checkPermission: missing 3 for 10451
03-23 10:00:08.464  2049 24622 D NativePermissionController: checkPermission: missing 5 for 10451
03-23 10:00:08.465  2049 24622 D APM_AudioPolicyManager: getOutputForAttrInt() attributes={ Content type: AUDIO_CONTENT_TYPE_MUSIC Usage: AUDIO_USAGE_MEDIA Source: AUDIO_SOURCE_DEFAULT Flags: 0x200 Tags:  } stream=AUDIO_STREAM_MUSIC session 71913 selectedDeviceId 0
03-23 10:00:08.465  2049 24622 D AudioFlinger: Client defaulted notificationFrames to 8658 for frameCount 17316
03-23 10:00:08.465  2049 24622 I AF::PthrPatchRecord: creating track with enforcement level 0
03-23 10:00:08.472  2049 29268 D AudioFlinger: getParameters() io 29, keys is_direct_pcm_track, calling pid 6419
03-23 10:00:08.472  1830 22044 D AHAL: AudioStream: astream_out_get_parameters: 1115: enter
03-23 10:00:08.473  1830 22044 D AHAL: AudioStream: astream_out_get_parameters: 1137: keys: is_direct_pcm_track
03-23 10:00:08.473  1830 22044 D AHAL: AudioStream: astream_out_get_parameters: 1174: exit: returns - is_direct_pcm_track=false
03-23 10:00:08.473  6419  6462 D AudioTrack: setVolume: mRelativePercentage:1.000000, left:1.000000, right:1.000000
03-23 10:00:08.476  6419  6462 D AAudioStream: setState(s#2) from 0 to 2
03-23 10:00:08.479  6419  6462 I AAudio  : AAudioStreamBuilder_openStream() returns 0 = AAUDIO_OK for s#2 ----------------
03-23 10:00:08.482  6419  6462 D AAudio  : AAudioStream_requestStart(s#2) called --------------
03-23 10:00:08.482  6419  6462 D AAudioStream: setState(s#2) from 2 to 3
03-23 10:00:08.485  1830 22044 D DlbDapEffectContext: DapEffectContext[0xb40000787c64ccf0] getDapParameter() outval size = 4, ret = 0
03-23 10:00:08.485  1709  4539 W AppOps  : Noting op not finished: uid 10451 pkg com.nonimusic.app code 154 startTime of in progress event=1774240201250
03-23 10:00:08.486  1709  4539 I MediaFocusControl: requestAudioFocus() from uid/pid 10451/6419 AA=USAGE_MEDIA/CONTENT_TYPE_UNKNOWN clientId=android.media.AudioManager@dac348forg.chromium.content.browser.AudioFocusDelegate@ff0231c callingPack=com.nonimusic.app req=1 flags=0x0 sdk=35
03-23 10:00:08.486  1709  4539 I MediaFocusControl: removeFocusStackEntry client:android.media.AudioManager@dac348forg.chromium.content.browser.AudioFocusDelegate@ff0231c
03-23 10:00:08.486  1709  4539 D MediaFocusControl: mMultiAudioFocusEnabled: false, aa.mContentType: 0, aa.mUsage: 1, aa.mFlags: 0, callingPackageName: com.nonimusic.app, isDesktopOrMobileUiConnected: false
03-23 10:00:08.486  1709  4539 I MediaFocusControl: propagateFocusLossFromGain_syncAf gain:1
03-23 10:00:08.486  1709  4539 I MediaFocusControl: propagateFocusLossFromGain_syncAf empty stack
03-23 10:00:08.486  1709  4539 I AS.FadeOutManager: unfadeOutUid() uid:10451
03-23 10:00:08.487  1830 22044 I EffectsFactory: EffectCreate() create_effect
03-23 10:00:08.490  1830 21279 I EffectsFactory: EffectCreate() create_effect
03-23 10:00:08.490  1830 21279 V DlbVolumeListener: Create Dolby Listener Effect.
03-23 10:00:08.490  1830 21279 V DlbVolumeListener: create CREATED_CONTEXT 0xb4000079ac64f870 sessionId 71913 ioId 29 stream_type 0
03-23 10:00:08.490  1830 21279 I DlbVolumeListener: create() Created effect Music Listener
03-23 10:00:08.490  1830 21279 V DlbVolumeListener: effectGetDescriptor
03-23 10:00:08.490  1830 21279 I DlbVolumeListener: effectGetDescriptor() Returning descriptor for Music Listener
03-23 10:00:08.490  1830 21279 V DlbVolumeListener: effectGetDescriptor
03-23 10:00:08.490  1830 21279 I DlbVolumeListener: effectGetDescriptor() Returning descriptor for Music Listener
03-23 10:00:08.491  1830 21279 V DlbVolumeListener: effectCommand
03-23 10:00:08.491  1830 21279 V DlbVolumeListener: effectCommand :: Command EFFECT_CMD_INIT
03-23 10:00:08.491  1830 21279 V DlbVolumeListener: effectCommand
03-23 10:00:08.491  1830 21279 D DlbVolumeListener: effectCommand :: Command EFFECT_CMD_OFFLOAD offload=0 ioHandle=29
03-23 10:00:08.491  1830 21279 V DlbVolumeListener: effectCommand
03-23 10:00:08.491  1830 21279 V DlbVolumeListener: effectCommand :: Command EFFECT_CMD_SET_CONFIG
03-23 10:00:08.492  1830 24817 V DlbVolumeListener: effectCommand
03-23 10:00:08.492  1830 24817 V DlbVolumeListener: effectCommand :: Command EFFECT_CMD_SET_CONFIG
03-23 10:00:08.492  1830 22045 V DlbVolumeListener: effectCommand
03-23 10:00:08.492  2049  2429 D APM_AudioPolicyManager: startOutput() output 29, stream 3, session 71913
03-23 10:00:08.493  1709  5415 E AppOps  : attributionTag  not declared in manifest of com.nonimusic.app
03-23 10:00:08.494  1709  4539 E AppOps  : attributionTag  not declared in manifest of com.nonimusic.app
03-23 10:00:08.494  6419  6462 D AAudio  : AAudioStream_requestStart(s#2) returned 0 ---------
03-23 10:00:08.498  1709  3472 V AS.AudioDeviceBroker: onSetForceUse(useCase<1>, config<0>, fromA2dp<true>, eventSource<setBluetoothA2dpOn(true) from u/pid:1000/1709 src:AudioService.setBtA2dpOn>)
03-23 10:00:08.498  2049 29268 D APM_AudioPolicyManager: setForceUse() usage 1, config 0, mPhoneState 0
03-23 10:00:08.500  4503  4521 I AdapterProperties: getBondedDevices: length=17
03-23 10:00:08.501  4503  4521 I AdapterProperties: getBondedDevices: length=17
03-23 10:00:08.506  3742 27396 I DaxService: New audio routes: AudioRoutesInfo{ type=SPEAKER, bluetoothName=UBON SP-90 }, isA2dp = true
03-23 10:00:08.508  4503  4521 I AdapterProperties: getBondedDevices: length=17
03-23 10:00:08.512  1709  4539 V AudioVolumeChangeHandler: onAudioVolumeGroupChanged volumeEvent=AudioVolumeGroupChangeEvent{groupId: 6, volumeIndex: 0, muted: false, flags: 0}
03-23 10:00:08.513  1709  4539 V AudioVolumeChangeHandler: onAudioVolumeGroupChanged volumeEvent=AudioVolumeGroupChangeEvent{groupId: 6, volumeIndex: 0, muted: false, flags: 0}
03-23 10:00:08.515  1709  4539 V AudioVolumeChangeHandler: onAudioVolumeGroupChanged volumeEvent=AudioVolumeGroupChangeEvent{groupId: 6, volumeIndex: 0, muted: false, flags: 0}
03-23 10:00:08.515  1709  4539 V AudioVolumeChangeHandler: onAudioVolumeGroupChanged volumeEvent=AudioVolumeGroupChangeEvent{groupId: 6, volumeIndex: 0, muted: false, flags: 0}
03-23 10:00:08.515  1709  4539 V AudioVolumeChangeHandler: onAudioVolumeGroupChanged volumeEvent=AudioVolumeGroupChangeEvent{groupId: 6, volumeIndex: 0, muted: false, flags: 0}
03-23 10:00:08.516  1709  4539 V AudioVolumeChangeHandler: onAudioVolumeGroupChanged volumeEvent=AudioVolumeGroupChangeEvent{groupId: 6, volumeIndex: 0, muted: false, flags: 0}
03-23 10:00:08.516  1709  4539 V AudioVolumeChangeHandler: onAudioVolumeGroupChanged volumeEvent=AudioVolumeGroupChangeEvent{groupId: 6, volumeIndex: 0, muted: false, flags: 0}
03-23 10:00:08.517  1830 21279 D DlbDapEffectContext: DapEffectContext[0xb40000787c64ccf0] getDapParameter() outval size = 12, ret = 0
03-23 10:00:08.518  1709  4539 V AudioVolumeChangeHandler: onAudioVolumeGroupChanged volumeEvent=AudioVolumeGroupChangeEvent{groupId: 6, volumeIndex: 0, muted: false, flags: 0}
03-23 10:00:08.518  1709  1929 V AudioVolumeChangeHandler: onAudioVolumeGroupChanged volumeEvent=AudioVolumeGroupChangeEvent{groupId: 6, volumeIndex: 0, muted: false, flags: 0}
03-23 10:00:08.518  1830 21279 D DlbDapEffectContext: DapEffectContext[0xb40000787c64ccf0] getDapParameter() outval size = 12, ret = 0
03-23 10:00:08.518  3742 27396 D DolbyAudioEffectHelper: getSuggestTuningDevice[4]: default_bluetooth, profile=0, swapLR=true, rotation=0
03-23 10:00:08.519  1950  1950 I DMSService: getSelectedTuningDevice called with port=4.
03-23 10:00:08.519  1830 21279 D DlbDapEffectContext: DapEffectContext::getSelectedTuningDevice(port = 4): [default_bluetooth]
03-23 10:00:08.519  1950  1950 D DolbyManagerService: setActiveDevice called with device = 0x80 (original 0x80)
03-23 10:00:08.520  6419  6512 D AudioStreamLegacy: onAudioDeviceUpdate() devices 8402 => 8402
03-23 10:00:08.521  1830 22044 V DlbVolumeListener: effectCommand
03-23 10:00:08.521  1830 22044 V DlbVolumeListener: effectCommand :: Command EFFECT_CMD_ENABLE
03-23 10:00:08.521  1830 21279 I MotSpeakerWrapper: EFFECT_CMD_SET_VOLUME: 1.000000, 1.000000 on ID 71913 (Music)
03-23 10:00:08.521  1830 21279 I MotSpeakerWrapper: EFFECT_CMD_SET_VOLUME: 1.000000, 1.000000 on ID 71913 (Music Offload)
03-23 10:00:08.522  1830 15022 V DlbVolumeListener: effectCommand
03-23 10:00:08.522  1830 15022 V DlbVolumeListener: Command EFFECT_CMD_SET_VOLUME: left 16777216, right 16777216
03-23 10:00:08.522  1830  3974 D DlbDapEndpointParamCache: commit() Applying parameters for device 0x40000000
03-23 10:00:08.522  1830  3974 D DlbDapEndpointParamCache: doCommit() Committed 0 parameters out of 14.
03-23 10:00:08.522  1830  3974 D DlbDapEndpointParamCache: commit() Overriding parameters for current device 0x00000080
03-23 10:00:08.522  1830  3974 D DlbDapEndpointParamCache: doCommit() Committed 0 parameters out of 64.
03-23 10:00:08.522  1709  4539 V AudioVolumeChangeHandler: onAudioVolumeGroupChanged volumeEvent=AudioVolumeGroupChangeEvent{groupId: 12, volumeIndex: 0, muted: false, flags: 0}
03-23 10:00:08.522  1709  4539 V AudioVolumeChangeHandler: onAudioVolumeGroupChanged volumeEvent=AudioVolumeGroupChangeEvent{groupId: 12, volumeIndex: 0, muted: false, flags: 0}
03-23 10:00:08.523  1709  4539 V AudioVolumeChangeHandler: onAudioVolumeGroupChanged volumeEvent=AudioVolumeGroupChangeEvent{groupId: 12, volumeIndex: 0, muted: false, flags: 0}
03-23 10:00:08.523  1709  4539 V AudioVolumeChangeHandler: onAudioVolumeGroupChanged volumeEvent=AudioVolumeGroupChangeEvent{groupId: 12, volumeIndex: 0, muted: false, flags: 0}
03-23 10:00:08.524  1709  4539 V AudioVolumeChangeHandler: onAudioVolumeGroupChanged volumeEvent=AudioVolumeGroupChangeEvent{groupId: 12, volumeIndex: 0, muted: false, flags: 0}
03-23 10:00:08.524  1709  4539 V AudioVolumeChangeHandler: onAudioVolumeGroupChanged volumeEvent=AudioVolumeGroupChangeEvent{groupId: 12, volumeIndex: 0, muted: false, flags: 0}
03-23 10:00:08.525  1830 22044 D DlbDapEffectContext: DapEffectContext[0xb40000787c64ccf0] getDapParameter() outval size = 4, ret = 0
03-23 10:00:08.525  1709  4539 V AudioVolumeChangeHandler: onAudioVolumeGroupChanged volumeEvent=AudioVolumeGroupChangeEvent{groupId: 12, volumeIndex: 0, muted: false, flags: 0}
03-23 10:00:08.525  1709  4539 V AudioVolumeChangeHandler: onAudioVolumeGroupChanged volumeEvent=AudioVolumeGroupChangeEvent{groupId: 12, volumeIndex: 0, muted: false, flags: 0}
03-23 10:00:08.526  1709  4539 V AudioVolumeChangeHandler: onAudioVolumeGroupChanged volumeEvent=AudioVolumeGroupChangeEvent{groupId: 12, volumeIndex: 0, muted: false, flags: 0}
03-23 10:00:08.528  1709  4539 V AudioVolumeChangeHandler: onAudioVolumeGroupChanged volumeEvent=AudioVolumeGroupChangeEvent{groupId: 1, volumeIndex: 0, muted: false, flags: 0}
03-23 10:00:08.528  1709  4539 V AudioVolumeChangeHandler: onAudioVolumeGroupChanged volumeEvent=AudioVolumeGroupChangeEvent{groupId: 1, volumeIndex: 0, muted: false, flags: 0}
03-23 10:00:08.529  1709  4539 V AudioVolumeChangeHandler: onAudioVolumeGroupChanged volumeEvent=AudioVolumeGroupChangeEvent{groupId: 1, volumeIndex: 0, muted: false, flags: 0}
03-23 10:00:08.529  1709  4539 V AudioVolumeChangeHandler: onAudioVolumeGroupChanged volumeEvent=AudioVolumeGroupChangeEvent{groupId: 1, volumeIndex: 0, muted: false, flags: 0}
03-23 10:00:08.530  1709  4539 V AudioVolumeChangeHandler: onAudioVolumeGroupChanged volumeEvent=AudioVolumeGroupChangeEvent{groupId: 1, volumeIndex: 0, muted: false, flags: 0}
03-23 10:00:08.530  1709  4539 V AudioVolumeChangeHandler: onAudioVolumeGroupChanged volumeEvent=AudioVolumeGroupChangeEvent{groupId: 1, volumeIndex: 0, muted: false, flags: 0}
03-23 10:00:08.531  1709  4539 V AudioVolumeChangeHandler: onAudioVolumeGroupChanged volumeEvent=AudioVolumeGroupChangeEvent{groupId: 1, volumeIndex: 0, muted: false, flags: 0}
03-23 10:00:08.531  1709  4539 V AudioVolumeChangeHandler: onAudioVolumeGroupChanged volumeEvent=AudioVolumeGroupChangeEvent{groupId: 1, volumeIndex: 0, muted: false, flags: 0}
03-23 10:00:08.532  1709  4539 V AudioVolumeChangeHandler: onAudioVolumeGroupChanged volumeEvent=AudioVolumeGroupChangeEvent{groupId: 1, volumeIndex: 0, muted: false, flags: 0}
03-23 10:00:08.533  1709  4539 V AudioVolumeChangeHandler: onAudioVolumeGroupChanged volumeEvent=AudioVolumeGroupChangeEvent{groupId: 14, volumeIndex: 0, muted: false, flags: 0}
03-23 10:00:08.533  1709  4539 V AudioVolumeChangeHandler: onAudioVolumeGroupChanged volumeEvent=AudioVolumeGroupChangeEvent{groupId: 14, volumeIndex: 0, muted: false, flags: 0}
03-23 10:00:08.534  1709  4539 V AudioVolumeChangeHandler: onAudioVolumeGroupChanged volumeEvent=AudioVolumeGroupChangeEvent{groupId: 14, volumeIndex: 0, muted: false, flags: 0}
03-23 10:00:08.534  1709  4539 V AudioVolumeChangeHandler: onAudioVolumeGroupChanged volumeEvent=AudioVolumeGroupChangeEvent{groupId: 14, volumeIndex: 0, muted: false, flags: 0}
03-23 10:00:08.535  1709  4539 V AudioVolumeChangeHandler: onAudioVolumeGroupChanged volumeEvent=AudioVolumeGroupChangeEvent{groupId: 14, volumeIndex: 0, muted: false, flags: 0}
03-23 10:00:08.535  1709  4539 V AudioVolumeChangeHandler: onAudioVolumeGroupChanged volumeEvent=AudioVolumeGroupChangeEvent{groupId: 14, volumeIndex: 0, muted: false, flags: 0}
03-23 10:00:08.535  1709  4539 V AudioVolumeChangeHandler: onAudioVolumeGroupChanged volumeEvent=AudioVolumeGroupChangeEvent{groupId: 14, volumeIndex: 0, muted: false, flags: 0}
03-23 10:00:08.536  1709  4539 V AudioVolumeChangeHandler: onAudioVolumeGroupChanged volumeEvent=AudioVolumeGroupChangeEvent{groupId: 14, volumeIndex: 0, muted: false, flags: 0}
03-23 10:00:08.537  1709  4539 V AudioVolumeChangeHandler: onAudioVolumeGroupChanged volumeEvent=AudioVolumeGroupChangeEvent{groupId: 14, volumeIndex: 0, muted: false, flags: 0}
03-23 10:00:08.566  1830 22044 D DlbDapEffectContext: DapEffectContext[0xb40000787c64ccf0] getDapParameter() outval size = 4, ret = 0
03-23 10:00:08.608  1830 22044 D DlbDapEffectContext: DapEffectContext[0xb40000787c64ccf0] getDapParameter() outval size = 4, ret = 0
03-23 10:00:08.639  1993  5465 E ANDR-PERF-LM: StatsProvider: stats_nl_error_callback() 145: NL SOC receive error: No such process
03-23 10:00:08.639  1993  5465 E ANDR-PERF-LM: StatsProvider: sendRecvData() 386: nl_recvmsgs failed return=-12
03-23 10:00:08.639  1993  5465 E ANDR-PERF-LM: StatsProvider: getPIDStats() 198: sendRecvData returned error = -4
03-23 10:00:08.649  1830 22044 D DlbDapEffectContext: DapEffectContext[0xb40000787c64ccf0] getDapParameter() outval size = 4, ret = 0
03-23 10:00:08.684  6419  6862 D AAudioStream: setState(s#2) from 3 to 4
03-23 10:00:08.692  1830 22044 D DlbDapEffectContext: DapEffectContext[0xb40000787c64ccf0] getDapParameter() outval size = 4, ret = 0
03-23 10:00:08.729  1830 22044 D DlbDapEffectContext: DapEffectContext[0xb40000787c64ccf0] getDapParameter() outval size = 4, ret = 0
03-23 10:00:08.748  2066  2275 I Scheduler: applyPolicy: UpdateRefreshRate 120 to 60 of group 0: [touch=0:0 touchBoost=0 scroll=0:0 idle=1:1 prr=0:0 brightnessDiming=0:0 qvrr=0:0] for display 4630946747577212034
03-23 10:00:08.749  2066  2275 D DisplayModeController: setDesiredMode 4630946747577212034 {mode={fps=60.00 Hz, modePtr={id=2, vsyncRate=60.00 Hz, peakRefreshRate=60.00 Hz}}, emitEvent=false, force=false}
03-23 10:00:08.749  2066  2275 I DisplayModeController: Desired transition mode changed. 120 -> 60
03-23 10:00:08.752  2066  2066 I SurfaceFlinger: initiateDisplayModeChanges changing active mode from 0(120.00 Hz:0) to 1(90.00 Hz:0) for display 4630946747577212034
03-23 10:00:08.752  2066  2066 I SurfaceFlinger: initiateDisplayModeChanges active mode changed to 1(90.00 Hz) for display 4630946747577212034. mBrightnessDimingCnt=0
03-23 10:00:08.753  2066  2245 D VSyncReactor: 4630946747577212034: confirming period 8->16(cnt1)
03-23 10:00:08.753  1965  2159 W SDM     : HWDeviceDRM::GetSupportedBitClkRate: Requested rate not supported: 0
03-23 10:00:08.754  1965  2159 I SDM     : HWDeviceDRM::UpdateMixerAttributes: Mixer WxH 1220x2712-1 for Peripheral
03-23 10:00:08.755  1965  2159 I SDM     : HWCDisplay::SubmitDisplayConfig: Active configuration changed from config 0 to 1
03-23 10:00:08.760  2066  2066 I SurfaceFlinger: initiateDisplayModeChanges changing active mode from 1(90.00 Hz:0) to 1(90.00 Hz:0) for display 4630946747577212034
03-23 10:00:08.766  3783  4741 I QImsService: VtDataUsageProvider : onSetAlert:2097152
03-23 10:00:08.768  1830 22044 D DlbDapEffectContext: DapEffectContext[0xb40000787c64ccf0] getDapParameter() outval size = 4, ret = 0
03-23 10:00:08.769  2066  2245 D VSyncReactor: 4630946747577212034: period 11 confirmed(cnt2)
03-23 10:00:08.769  3783  3783 I QImsService: ImsServiceClassTracker : updateAlertQuota:newQuota=2097152,Remaining=2097152
03-23 10:00:08.769  2066  2066 I SurfaceFlinger: initiateDisplayModeChanges changing active mode from 1(90.00 Hz:0) to 2(60.00 Hz:0) for display 4630946747577212034
03-23 10:00:08.771  2066  2066 I SurfaceFlinger: initiateDisplayModeChanges active mode changed to 2(60.00 Hz) for display 4630946747577212034. mBrightnessDimingCnt=0
03-23 10:00:08.772  1965  2159 W SDM     : HWDeviceDRM::GetSupportedBitClkRate: Requested rate not supported: 0
03-23 10:00:08.772  1965  2159 I SDM     : HWDeviceDRM::UpdateMixerAttributes: Mixer WxH 1220x2712-1 for Peripheral
03-23 10:00:08.772  1965  2159 I SDM     : HWCDisplay::SubmitDisplayConfig: Active configuration changed from config 1 to 2
03-23 10:00:08.780  2066  2066 I SurfaceFlinger: initiateDisplayModeChanges changing active mode from 2(60.00 Hz:0) to 2(60.00 Hz:0) for display 4630946747577212034
03-23 10:00:08.807  1830 22044 D DlbDapEffectContext: DapEffectContext[0xb40000787c64ccf0] getDapParameter() outval size = 4, ret = 0
03-23 10:00:08.819  6419  6812 I PlayCore: UID: [10451]  PID: [6419] StandardIntegrity : Unbind from service.
03-23 10:00:08.820  6419  6512 I PlayCore: UID: [10451]  PID: [6419] OnWarmUpIntegrityTokenCallback : onWarmUpExpressIntegrityToken
03-23 10:00:08.825  5068  5234 V OsAgent : broadcastSystemEvent - 7
03-23 10:00:08.827  6419  6419 I PlayCore: UID: [10451]  PID: [6419] StandardIntegrity : requestExpressIntegrityToken(890618572740528842)
03-23 10:00:08.827  6419  6812 I PlayCore: UID: [10451]  PID: [6419] StandardIntegrity : Initiate binding to the service.
03-23 10:00:08.831  5068  5234 V OsAgent : broadcastSystemEvent - 7
03-23 10:00:08.830  1709  3520 D BackgroundInstallControlService: Package event received: 0
03-23 10:00:08.831  1709  3520 D BackgroundInstallControlService: Package event received: 0
03-23 10:00:08.834  6419  6419 I PlayCore: UID: [10451]  PID: [6419] StandardIntegrity : ServiceConnectionImpl.onServiceConnected(ComponentInfo{com.android.vending/com.google.android.finsky.expressintegrityservice.ExpressIntegrityService})
03-23 10:00:08.835  6419  6812 I PlayCore: UID: [10451]  PID: [6419] StandardIntegrity : linkToDeath
03-23 10:00:08.842  6419  6512 I PlayCore: UID: [10451]  PID: [6419] OnRequestIntegrityTokenCallback : onRequestExpressIntegrityToken
03-23 10:00:08.842  6419  6812 I PlayCore: UID: [10451]  PID: [6419] StandardIntegrity : Unbind from service.
03-23 10:00:08.844  1830 22044 D DlbDapEffectContext: DapEffectContext[0xb40000787c64ccf0] getDapParameter() outval size = 4, ret = 0
03-23 10:00:08.846  5068  5234 V OsAgent : broadcastSystemEvent - 7
03-23 10:00:08.889  1830 22044 D DlbDapEffectContext: DapEffectContext[0xb40000787c64ccf0] getDapParameter() outval size = 4, ret = 0
03-23 10:00:08.929  1830 22044 D DlbDapEffectContext: DapEffectContext[0xb40000787c64ccf0] getDapParameter() outval size = 4, ret = 0
03-23 10:00:08.940  1993  5465 E ANDR-PERF-LM: StatsProvider: stats_nl_error_callback() 145: NL SOC receive error: No such process
03-23 10:00:08.940  1993  5465 E ANDR-PERF-LM: StatsProvider: sendRecvData() 386: nl_recvmsgs failed return=-12
03-23 10:00:08.941  1993  5465 E ANDR-PERF-LM: StatsProvider: getPIDStats() 198: sendRecvData returned error = -4
03-23 10:00:08.969  1830 22044 D DlbDapEffectContext: DapEffectContext[0xb40000787c64ccf0] getDapParameter() outval size = 4, ret = 0
03-23 10:00:09.010  1830 22044 D DlbDapEffectContext: DapEffectContext[0xb40000787c64ccf0] getDapParameter() outval size = 4, ret = 0
03-23 10:00:09.049  1830 22044 D DlbDapEffectContext: DapEffectContext[0xb40000787c64ccf0] getDapParameter() outval size = 4, ret = 0
03-23 10:00:09.083  1830 22044 D DlbDapEffectContext: DapEffectContext[0xb40000787c64ccf0] getDapParameter() outval size = 4, ret = 0
03-23 10:00:09.130  1830 22044 D DlbDapEffectContext: DapEffectContext[0xb40000787c64ccf0] getDapParameter() outval size = 4, ret = 0
03-23 10:00:09.139  2066  2275 I Scheduler: applyPolicy: UpdateRefreshRate 60 to 120 of group 0: [touch=0:0 touchBoost=0 scroll=0:0 idle=0:0 prr=0:0 brightnessDiming=0:0 qvrr=0:0] for display 4630946747577212034
03-23 10:00:09.140  2066  2275 D DisplayModeController: setDesiredMode 4630946747577212034 {mode={fps=120.00 Hz, modePtr={id=0, vsyncRate=120.00 Hz, peakRefreshRate=120.00 Hz}}, emitEvent=true, force=false}
03-23 10:00:09.140  2066  2275 I DisplayModeController: Desired transition mode changed. 60 -> 120
03-23 10:00:09.145  2066  2066 I SurfaceFlinger: initiateDisplayModeChanges changing active mode from 2(60.00 Hz:0) to 1(90.00 Hz:0) for display 4630946747577212034
03-23 10:00:09.145  2066  2066 I SurfaceFlinger: initiateDisplayModeChanges active mode changed to 1(90.00 Hz) for display 4630946747577212034. mBrightnessDimingCnt=0
03-23 10:00:09.146  1965  2159 W SDM     : HWDeviceDRM::GetSupportedBitClkRate: Requested rate not supported: 0
03-23 10:00:09.146  1965  2159 I SDM     : HWDeviceDRM::UpdateMixerAttributes: Mixer WxH 1220x2712-1 for Peripheral
03-23 10:00:09.147  1965  2159 I SDM     : HWCDisplay::SubmitDisplayConfig: Active configuration changed from config 2 to 1
03-23 10:00:09.158  2066  2245 D VSyncReactor: 4630946747577212034: confirming period 16->8(cnt1)
03-23 10:00:09.163  1830 22044 D DlbDapEffectContext: DapEffectContext[0xb40000787c64ccf0] getDapParameter() outval size = 4, ret = 0
03-23 10:00:09.179  2066  2066 I SurfaceFlinger: initiateDisplayModeChanges changing active mode from 1(90.00 Hz:0) to 1(90.00 Hz:0) for display 4630946747577212034
03-23 10:00:09.186  2066  2245 D VSyncReactor: 4630946747577212034: period 11 confirmed(cnt2)
03-23 10:00:09.193  2066  2066 I SurfaceFlinger: initiateDisplayModeChanges changing active mode from 1(90.00 Hz:0) to 0(120.00 Hz:0) for display 4630946747577212034
03-23 10:00:09.194  2066  2066 I SurfaceFlinger: initiateDisplayModeChanges active mode changed to 0(120.00 Hz) for display 4630946747577212034. mBrightnessDimingCnt=0
03-23 10:00:09.194  1965  2159 W SDM     : HWDeviceDRM::GetSupportedBitClkRate: Requested rate not supported: 0
03-23 10:00:09.195  1965  2159 I SDM     : HWDeviceDRM::UpdateMixerAttributes: Mixer WxH 1220x2712-1 for Peripheral
03-23 10:00:09.195  1965  2159 I SDM     : HWCDisplay::SubmitDisplayConfig: Active configuration changed from config 1 to 0
03-23 10:00:09.203  2066  2066 I Scheduler: onDisplayModeChanged: [0 120 0x0]
03-23 10:00:09.204  2066  2066 I SurfaceFlinger: initiateDisplayModeChanges changing active mode from 0(120.00 Hz:0) to 0(120.00 Hz:0) for display 4630946747577212034
03-23 10:00:09.207  1830 22044 D DlbDapEffectContext: DapEffectContext[0xb40000787c64ccf0] getDapParameter() outval size = 4, ret = 0
03-23 10:00:09.241  1993  5465 E ANDR-PERF-LM: StatsProvider: stats_nl_error_callback() 145: NL SOC receive error: No such process
03-23 10:00:09.242  1993  5465 E ANDR-PERF-LM: StatsProvider: sendRecvData() 386: nl_recvmsgs failed return=-12
03-23 10:00:09.242  1993  5465 E ANDR-PERF-LM: StatsProvider: getPIDStats() 198: sendRecvData returned error = -4
03-23 10:00:09.247  1830 22044 D DlbDapEffectContext: DapEffectContext[0xb40000787c64ccf0] getDapParameter() outval size = 4, ret = 0
03-23 10:00:09.288  1830 22044 D DlbDapEffectContext: DapEffectContext[0xb40000787c64ccf0] getDapParameter() outval size = 4, ret = 0
03-23 10:00:09.329  1830 22044 D DlbDapEffectContext: DapEffectContext[0xb40000787c64ccf0] getDapParameter() outval size = 4, ret = 0
03-23 10:00:09.369  1830 22044 D DlbDapEffectContext: DapEffectContext[0xb40000787c64ccf0] getDapParameter() outval size = 4, ret = 0
03-23 10:00:09.395  2066  2275 I Scheduler: applyPolicy: UpdateRefreshRate 120 to 60 of group 0: [touch=0:0 touchBoost=0 scroll=0:0 idle=1:1 prr=0:0 brightnessDiming=0:0 qvrr=0:0] for display 4630946747577212034
03-23 10:00:09.396  2066  2275 D DisplayModeController: setDesiredMode 4630946747577212034 {mode={fps=60.00 Hz, modePtr={id=2, vsyncRate=60.00 Hz, peakRefreshRate=60.00 Hz}}, emitEvent=false, force=false}
03-23 10:00:09.396  2066  2275 I DisplayModeController: Desired transition mode changed. 120 -> 60
03-23 10:00:09.401  2066  2245 D VSyncReactor: 4630946747577212034: confirming period 8->16(cnt1)
03-23 10:00:09.401  2066  2066 I SurfaceFlinger: initiateDisplayModeChanges changing active mode from 0(120.00 Hz:0) to 1(90.00 Hz:0) for display 4630946747577212034
03-23 10:00:09.402  2066  2066 I SurfaceFlinger: initiateDisplayModeChanges active mode changed to 1(90.00 Hz) for display 4630946747577212034. mBrightnessDimingCnt=0
03-23 10:00:09.403  1965  2159 W SDM     : HWDeviceDRM::GetSupportedBitClkRate: Requested rate not supported: 0
03-23 10:00:09.403  1965  2159 I SDM     : HWDeviceDRM::UpdateMixerAttributes: Mixer WxH 1220x2712-1 for Peripheral
03-23 10:00:09.403  1965  2159 I SDM     : HWCDisplay::SubmitDisplayConfig: Active configuration changed from config 0 to 1
03-23 10:00:09.405  1830 22044 D DlbDapEffectContext: DapEffectContext[0xb40000787c64ccf0] getDapParameter() outval size = 4, ret = 0
03-23 10:00:09.409  2066  2066 I SurfaceFlinger: initiateDisplayModeChanges changing active mode from 1(90.00 Hz:0) to 1(90.00 Hz:0) for display 4630946747577212034
03-23 10:00:09.418  2066  2245 D VSyncReactor: 4630946747577212034: period 11 confirmed(cnt2)
03-23 10:00:09.420  2066  2066 I SurfaceFlinger: initiateDisplayModeChanges changing active mode from 1(90.00 Hz:0) to 2(60.00 Hz:0) for display 4630946747577212034
03-23 10:00:09.421  2066  2066 I SurfaceFlinger: initiateDisplayModeChanges active mode changed to 2(60.00 Hz) for display 4630946747577212034. mBrightnessDimingCnt=0
03-23 10:00:09.422  1965  2159 W SDM     : HWDeviceDRM::GetSupportedBitClkRate: Requested rate not supported: 0
03-23 10:00:09.422  1965  2159 I SDM     : HWDeviceDRM::UpdateMixerAttributes: Mixer WxH 1220x2712-1 for Peripheral
03-23 10:00:09.423  1965  2159 I SDM     : HWCDisplay::SubmitDisplayConfig: Active configuration changed from config 1 to 2
03-23 10:00:09.446  2066  2066 I SurfaceFlinger: initiateDisplayModeChanges changing active mode from 2(60.00 Hz:0) to 2(60.00 Hz:0) for display 4630946747577212034
03-23 10:00:09.447  1830 22044 D DlbDapEffectContext: DapEffectContext[0xb40000787c64ccf0] getDapParameter() outval size = 4, ret = 0
03-23 10:00:09.490  1830 22044 D DlbDapEffectContext: DapEffectContext[0xb40000787c64ccf0] getDapParameter() outval size = 4, ret = 0
03-23 10:00:09.528  1830 22044 D DlbDapEffectContext: DapEffectContext[0xb40000787c64ccf0] getDapParameter() outval size = 4, ret = 0
03-23 10:00:09.543  1993  5465 E ANDR-PERF-LM: StatsProvider: stats_nl_error_callback() 145: NL SOC receive error: No such process
03-23 10:00:09.543  1993  5465 E ANDR-PERF-LM: StatsProvider: sendRecvData() 386: nl_recvmsgs failed return=-12
03-23 10:00:09.543  1993  5465 E ANDR-PERF-LM: StatsProvider: getPIDStats() 198: sendRecvData returned error = -4
03-23 10:00:09.570  1830 22044 D DlbDapEffectContext: DapEffectContext[0xb40000787c64ccf0] getDapParameter() outval size = 4, ret = 0
03-23 10:00:09.610  1830 22044 D DlbDapEffectContext: DapEffectContext[0xb40000787c64ccf0] getDapParameter() outval size = 4, ret = 0
03-23 10:00:09.649  1830 22044 D DlbDapEffectContext: DapEffectContext[0xb40000787c64ccf0] getDapParameter() outval size = 4, ret = 0
03-23 10:00:09.689  1830 22044 D DlbDapEffectContext: DapEffectContext[0xb40000787c64ccf0] getDapParameter() outval size = 4, ret = 0
03-23 10:00:09.723  1709  3451 D WifiStaIfaceHidlImpl: getCachedScanData is not implemented by HIDL
03-23 10:00:09.728  1830 22044 D DlbDapEffectContext: DapEffectContext[0xb40000787c64ccf0] getDapParameter() outval size = 4, ret = 0
03-23 10:00:09.733  1709  2014 I MotoSoftApCheckin: onWifiNetworkStateChanged: 1
03-23 10:00:09.733  1709  2014 I MotoStaCheckin: onCapabilitiesChanged, Network ID: 485, Valid: true, NetworkCapabilities: [ Transports: WIFI Capabilities: NOT_METERED&INTERNET&NOT_RESTRICTED&TRUSTED&NOT_VPN&VALIDATED&NOT_ROAMING&FOREGROUND&NOT_CONGESTED&NOT_SUSPENDED&NOT_VCN_MANAGED&NOT_BANDWIDTH_CONSTRAINED LinkUpBandwidth>=17104Kbps LinkDnBandwidth>=24566Kbps TransportInfo: <SSID: "Airtel_sanj_3891", BSSID: 84:6e:bc:cf:51:9a, MAC: f2:ae:c7:f5:03:67, IP: /192.168.1.7, Security type: 2, Supplicant state: COMPLETED, Wi-Fi standard: 11ax, RSSI: -75, Link speed: 25Mbps, Tx Link speed: 25Mbps, Max Supported Tx Link speed: 286Mbps, Rx Link speed: 51Mbps, Max Supported Rx Link speed: 286Mbps, Frequency: 2412MHz, Net ID: 5, Metered hint: false, score: 100, isUsable: true, CarrierMerged: false, SubscriptionId: -1, IsPrimary: 1, Trusted: true, Restricted: false, Ephemeral: false, OEM paid: false, OEM private: false, OSU AP: false, FQDN: <none>, Provider friendly name: <none>, Requesting package name: <none>"Airtel_sanj_3891"wpa2-pskMLO Information: , Is TID-To-Link negotiation supported by the AP: false, AP MLD Address: <none>, AP MLO Link Id: <none>, AP MLO Affiliated links: <none>, Vendor Data: <none>> SignalStrength: -75 OwnerUid: 1000 AdminUids: [1000] SSID: "Airtel_sanj_3891" UnderlyingNetworks: Null]
03-23 10:00:09.740  1709  3451 I HalDevMgr: bestIfaceCreationProposal is null, requestIface=STA, existingIface=[name=wlan0 type=STA]
03-23 10:00:09.741  1709  1709 D WiFiBlocklistController: Wifi onCapabilitiesChanged
