03-23 10:35:27.511  1709  5414 I ActivityManager: Killing 17925:com.android.vending:com.google.android.finsky.verifier.apkanalysis.service.ApkContentsScanService/u0a218i542 (adj 0, setSvc -10000): isolated not needed
03-23 10:35:27.556  1709  3647 I ActivityManager: appDiedLocked: app=ProcessRecord{e315de0 17925:com.android.vending:com.google.android.finsky.verifier.apkanalysis.service.ApkContentsScanService/u0a218i542} thread=android.os.BinderProxy@38a8b6a fromBinderDied=true isKilledByAm=true reason=null
03-23 10:35:27.558  1709  3647 D ActivityTaskManager: handleAppDied: uid=99542,diedCount=1,lastDiedTime=152650003,forceStopUids=false
03-23 10:35:27.823  1709  2313 I PackageManager: Continuing with installation of file:///data/app/vmdl419754606.tmp
03-23 10:35:27.827  1709  3311 D InstallDependencyHelper: No missing dependency for com.nonimusic.app
03-23 10:35:27.843  1709  2313 I PackageManager: Update package com.nonimusic.app code path from /data/app/~~JrfDvCAp-VaOm_loxmxHTg==/com.nonimusic.app-QDFDq49cSU5HTQQwEayvgQ== to /data/app/vmdl419754606.tmp; Retain data and using new
03-23 10:35:27.932  1709  2313 I AppsFilter: interaction: PackageSetting{c9c4219 com.oem.euiccpartnerapp/10225} -> PackageSetting{28e02cd com.nonimusic.app/10451} BLOCKED
03-23 10:35:27.933  1709  2313 I AppsFilter: interaction: PackageSetting{c9c4219 com.oem.euiccpartnerapp/10225} -> PackageSetting{868061b com.nonimusic.app/10451} BLOCKED
03-23 10:35:27.998  1709  1743 I ActivityManager: Force stopping com.nonimusic.app appid=10451 user=-1: installPackageLI
03-23 10:35:28.005  1709  1743 I ActivityManager: Killing 15348:com.nonimusic.app/u0a451 (adj 200, setSvc -10000): stop com.nonimusic.app due to installPackageLI
03-23 10:35:28.016  1709  1743 D ActivityTaskManager: handleAppDied: uid=10451,diedCount=1,lastDiedTime=480708778,forceStopUids=false
03-23 10:35:28.019  1709  2313 I PackageManager: installation completed for package:com.nonimusic.app. Final code path: /data/app/~~0ZvyWxBUKPSXSX1tELCLmg==/com.nonimusic.app-I2Wh1MfRL2FKANRNftWrJQ==
03-23 10:35:28.019  1709  3520 D BackgroundInstallControlService: Package event received: 0
03-23 10:35:28.020  1709  2313 I AppsFilter: interaction: PackageSetting{9ca7e2c com.oem.euiccpartnerapp/10225} -> PackageSetting{c986c00 com.nonimusic.app/10451} BLOCKED
03-23 10:35:28.025  1709  1739 D addPss  : tracker=ProcessState{251b5cf ir.ilmili.telegraph:AppMetrica/10313 pkg=ir.ilmili.telegraph}
03-23 10:35:28.025  1709  1739 D addPss  : tracker=ProcessState{3ae55d0 ir.ilmili.telegraph/10313 pkg=ir.ilmili.telegraph}
03-23 10:35:28.027  1709  1739 D addPss  : tracker=ProcessState{e98c213 com.android.chrome/10227 pkg=com.android.chrome}
03-23 10:35:28.033  1709  1743 W ProcessStats: Tracking association SourceState{8397200 com.android.settings/1000 Service #1252177} whose proc state 8 is better than process ProcessState{2356a94 com.google.android.apps.wellbeing/10217 pkg=com.google.android.apps.wellbeing} proc state 15 (1 skipped)
03-23 10:35:28.035  1709  2313 I ActivityManager: Force stopping com.nonimusic.app appid=10451 user=0: pkg removed
03-23 10:35:28.057  1709  3519 D ShortcutService: received package broadcast intent: Intent { act=android.intent.action.PACKAGE_REMOVED dat=package: flg=0x4000010 (has extras) }
03-23 10:35:28.058  1709  3463 E AppOps  : attributionTag VCN not declared in manifest of android
03-23 10:35:28.063  1709  1709 D ActivityManager: unfreezing ProcessRecord{3d99b4a 6224:com.android.settings/1000}, reason = oom_uncached, adj = 905, adjType = cch-started-ui-services, adjSource = null
03-23 10:35:28.065  1709  1709 D ActivityManager: sync unfroze 6224 com.android.settings for 10
03-23 10:35:28.066  1709  1709 D ActivityManager: unfreezing ProcessRecord{828c44 32163:com.google.android.apps.wellbeing/u0a217}, reason = oom_uncached, adj = 925, adjType = cch-empty, adjSource = null
03-23 10:35:28.067  1709  1709 D ActivityManager: sync unfroze 32163 com.google.android.apps.wellbeing for 10
03-23 10:35:28.067  1709  1709 D ActivityManager: unfreezing ProcessRecord{252e6b0 12382:com.android.keychain/1000}, reason = oom_uncached, adj = 925, adjType = cch-empty, adjSource = null
03-23 10:35:28.068  1709  1709 D ActivityManager: sync unfroze 12382 com.android.keychain for 10
03-23 10:35:28.070  1709  3361 E JobScheduler.Background: Couldn't determine stopped state for unknown package: com.motorola.leanbacklauncher
03-23 10:35:28.075 12147 12147 D ActivityThread: Package [com.nonimusic.app] reported as REPLACED, but missing application info. Assuming REMOVED.
03-23 10:35:28.075  2480  2480 D ActivityThread: Package [com.nonimusic.app] reported as REPLACED, but missing application info. Assuming REMOVED.
03-23 10:35:28.076  2647  2647 D ActivityThread: Package [com.nonimusic.app] reported as REPLACED, but missing application info. Assuming REMOVED.
03-23 10:35:28.076 17592 17592 D ActivityThread: Package [com.nonimusic.app] reported as REPLACED, but missing application info. Assuming REMOVED.
03-23 10:35:28.077 13517 13517 D ActivityThread: Package [com.nonimusic.app] reported as REPLACED, but missing application info. Assuming REMOVED.
03-23 10:35:28.077 31624 31624 D ActivityThread: Package [com.nonimusic.app] reported as REPLACED, but missing application info. Assuming REMOVED.
03-23 10:35:28.078 13291 13291 D ActivityThread: Package [com.nonimusic.app] reported as REPLACED, but missing application info. Assuming REMOVED.
03-23 10:35:28.079 24275 24275 D ActivityThread: Package [com.nonimusic.app] reported as REPLACED, but missing application info. Assuming REMOVED.
03-23 10:35:28.079 12398 12398 D ActivityThread: Package [com.nonimusic.app] reported as REPLACED, but missing application info. Assuming REMOVED.
03-23 10:35:28.079 16383 16383 D ActivityThread: Package [com.nonimusic.app] reported as REPLACED, but missing application info. Assuming REMOVED.
03-23 10:35:28.079  3815  3815 D ActivityThread: Package [com.nonimusic.app] reported as REPLACED, but missing application info. Assuming REMOVED.
03-23 10:35:28.080  7264  7264 D ActivityThread: Package [com.nonimusic.app] reported as REPLACED, but missing application info. Assuming REMOVED.
03-23 10:35:28.080  1709  1709 I Telecom : CarModeTracker: Package com.nonimusic.app is not tracked.: SSH.oR@GTI
03-23 10:35:28.080  3796  3796 D ActivityThread: Package [com.nonimusic.app] reported as REPLACED, but missing application info. Assuming REMOVED.
03-23 10:35:28.081  3742  3742 D ActivityThread: Package [com.nonimusic.app] reported as REPLACED, but missing application info. Assuming REMOVED.
03-23 10:35:28.081  3709  3709 D ActivityThread: Package [com.nonimusic.app] reported as REPLACED, but missing application info. Assuming REMOVED.
03-23 10:35:28.081 16172 16172 D ActivityThread: Package [com.nonimusic.app] reported as REPLACED, but missing application info. Assuming REMOVED.
03-23 10:35:28.081  3806  3806 D ActivityThread: Package [com.nonimusic.app] reported as REPLACED, but missing application info. Assuming REMOVED.
03-23 10:35:28.080 13283 13283 D ActivityThread: Package [com.nonimusic.app] reported as REPLACED, but missing application info. Assuming REMOVED.
03-23 10:35:28.082  1709  1709 I Telecom : InCallController: updateCarModeForConnections: car mode apps: : SSH.oR@GTI
03-23 10:35:28.082  1709  1709 I Telecom : InCallController: update carmode current:UserHandle{0} parent:null: SSH.oR@GTI
03-23 10:35:28.082  2480  2480 D ActivityThread: Package [com.nonimusic.app] reported as REPLACED, but missing application info. Assuming REMOVED.
03-23 10:35:28.082 12147 12147 D ActivityThread: Package [com.nonimusic.app] reported as REPLACED, but missing application info. Assuming REMOVED.
03-23 10:35:28.081  3722  3722 D ActivityThread: Package [com.nonimusic.app] reported as REPLACED, but missing application info. Assuming REMOVED.
03-23 10:35:28.083  3824  3824 D ActivityThread: Package [com.nonimusic.app] reported as REPLACED, but missing application info. Assuming REMOVED.
03-23 10:35:28.085 13283 13283 D ActivityThread: Package [com.nonimusic.app] reported as REPLACED, but missing application info. Assuming REMOVED.
03-23 10:35:28.085  1709  2313 D PackageInstallerSession: Marking session 419754606 as applied
03-23 10:35:28.085  3722  3722 D ActivityThread: Package [com.nonimusic.app] reported as REPLACED, but missing application info. Assuming REMOVED.
03-23 10:35:28.087  1709  3311 D InstallDependencyHelper: Session complete for 419754606
03-23 10:35:28.087  3577  3577 D ActivityThread: Package [com.nonimusic.app] reported as REPLACED, but missing application info. Assuming REMOVED.
03-23 10:35:28.088  3577  3577 D ActivityThread: Package [com.nonimusic.app] reported as REPLACED, but missing application info. Assuming REMOVED.
03-23 10:35:28.091  1709  1743 D CompatChangeReporter: Compat change id reported: 151861875; UID 10319; state: ENABLED
03-23 10:35:28.093  3806  3806 D ActivityThread: Package [com.nonimusic.app] reported as REPLACED, but missing application info. Assuming REMOVED.
03-23 10:35:28.093  3709  3709 D ActivityThread: Package [com.nonimusic.app] reported as REPLACED, but missing application info. Assuming REMOVED.
03-23 10:35:28.094  3815  3815 D ActivityThread: Package [com.nonimusic.app] reported as REPLACED, but missing application info. Assuming REMOVED.
03-23 10:35:28.094  3824  3824 D ActivityThread: Package [com.nonimusic.app] reported as REPLACED, but missing application info. Assuming REMOVED.
03-23 10:35:28.095 12398 12398 D ActivityThread: Package [com.nonimusic.app] reported as REPLACED, but missing application info. Assuming REMOVED.
03-23 10:35:28.095 24275 24275 D ActivityThread: Package [com.nonimusic.app] reported as REPLACED, but missing application info. Assuming REMOVED.
03-23 10:35:28.095  1709  1743 D ActivityManager: unfreezing ProcessRecord{2997f96 12902:com.google.android.permissioncontroller/u0a325}, reason = unfreezeTemporarily, adj = 955, adjType = cch-empty, adjSource = null
03-23 10:35:28.095 18294 18294 D ActivityThread: Package [com.nonimusic.app] reported as REPLACED, but missing application info. Assuming REMOVED.
03-23 10:35:28.095  1709  1743 D ActivityManager: sync unfroze 12902 com.google.android.permissioncontroller for 3
03-23 10:35:28.095 18079 18079 D ActivityThread: Package [com.nonimusic.app] reported as REPLACED, but missing application info. Assuming REMOVED.
03-23 10:35:28.096  2647  2647 D ActivityThread: Package [com.nonimusic.app] reported as REPLACED, but missing application info. Assuming REMOVED.
03-23 10:35:28.096 25211 25211 D ActivityThread: Package [com.nonimusic.app] reported as REPLACED, but missing application info. Assuming REMOVED.
03-23 10:35:28.098 13462 13462 D ActivityThread: Package [com.nonimusic.app] reported as REPLACED, but missing application info. Assuming REMOVED.
03-23 10:35:28.098 18294 18294 D ActivityThread: Package [com.nonimusic.app] reported as REPLACED, but missing application info. Assuming REMOVED.
03-23 10:35:28.098 13248 13248 D ActivityThread: Package [com.nonimusic.app] reported as REPLACED, but missing application info. Assuming REMOVED.
03-23 10:35:28.098 16383 16383 D ActivityThread: Package [com.nonimusic.app] reported as REPLACED, but missing application info. Assuming REMOVED.
03-23 10:35:28.098  5154  5154 D ActivityThread: Package [com.nonimusic.app] reported as REPLACED, but missing application info. Assuming REMOVED.
03-23 10:35:28.098 13458 13458 D ActivityThread: Package [com.nonimusic.app] reported as REPLACED, but missing application info. Assuming REMOVED.
03-23 10:35:28.099 19584 19584 D ActivityThread: Package [com.nonimusic.app] reported as REPLACED, but missing application info. Assuming REMOVED.
03-23 10:35:28.099  3783  3783 D ActivityThread: Package [com.nonimusic.app] reported as REPLACED, but missing application info. Assuming REMOVED.
03-23 10:35:28.100  3725  3725 D ActivityThread: Package [com.nonimusic.app] reported as REPLACED, but missing application info. Assuming REMOVED.
03-23 10:35:28.100  3725  3725 D ActivityThread: Package [com.nonimusic.app] reported as REPLACED, but missing application info. Assuming REMOVED.
03-23 10:35:28.102  5018  5018 D ActivityThread: Package [com.nonimusic.app] reported as REPLACED, but missing application info. Assuming REMOVED.
03-23 10:35:28.103  5068  5068 D ActivityThread: Package [com.nonimusic.app] reported as REPLACED, but missing application info. Assuming REMOVED.
03-23 10:35:28.103  5068  5068 D ActivityThread: Package [com.nonimusic.app] reported as REPLACED, but missing application info. Assuming REMOVED.
03-23 10:35:28.104  5211  5211 D ActivityThread: Package [com.nonimusic.app] reported as REPLACED, but missing application info. Assuming REMOVED.
03-23 10:35:28.105  5045  5045 D ActivityThread: Package [com.nonimusic.app] reported as REPLACED, but missing application info. Assuming REMOVED.
03-23 10:35:28.105  1709  3443 W PackageConfigPersister: App-specific configuration not found for packageName: com.nonimusic.app and userId: 0
03-23 10:35:28.105  3878  3878 D ActivityThread: Package [com.nonimusic.app] reported as REPLACED, but missing application info. Assuming REMOVED.
03-23 10:35:28.105  5045  5045 D ActivityThread: Package [com.nonimusic.app] reported as REPLACED, but missing application info. Assuming REMOVED.
03-23 10:35:28.105  5083  5083 D ActivityThread: Package [com.nonimusic.app] reported as REPLACED, but missing application info. Assuming REMOVED.
03-23 10:35:28.106  5083  5083 D ActivityThread: Package [com.nonimusic.app] reported as REPLACED, but missing application info. Assuming REMOVED.
03-23 10:35:28.106  3742  3742 D ActivityThread: Package [com.nonimusic.app] reported as REPLACED, but missing application info. Assuming REMOVED.
03-23 10:35:28.106  5033  5033 D ActivityThread: Package [com.nonimusic.app] reported as REPLACED, but missing application info. Assuming REMOVED.
03-23 10:35:28.107  5033  5033 D ActivityThread: Package [com.nonimusic.app] reported as REPLACED, but missing application info. Assuming REMOVED.
03-23 10:35:28.107  4795  4795 D ActivityThread: Package [com.nonimusic.app] reported as REPLACED, but missing application info. Assuming REMOVED.
03-23 10:35:28.108  5078  5078 D ActivityThread: Package [com.nonimusic.app] reported as REPLACED, but missing application info. Assuming REMOVED.
03-23 10:35:28.108  5078  5078 D ActivityThread: Package [com.nonimusic.app] reported as REPLACED, but missing application info. Assuming REMOVED.
03-23 10:35:28.108  4795  4795 D ActivityThread: Package [com.nonimusic.app] reported as REPLACED, but missing application info. Assuming REMOVED.
03-23 10:35:28.112  3783  3783 D ActivityThread: Package [com.nonimusic.app] reported as REPLACED, but missing application info. Assuming REMOVED.
03-23 10:35:28.112  1709  1709 W ContextImpl: Calling a method in the system process without a qualified user: android.app.ContextImpl.sendBroadcast:1304 com.motorola.server.security.PackageChangedReceiver.onReceive:68 android.app.LoadedApk$ReceiverDispatcher$Args.lambda$getRunnable$0:1857 android.app.LoadedApk$ReceiverDispatcher$Args.$r8$lambda$mcNAAl1SQ4MyJPyDg8TJ2x2h0Rk:0 android.app.LoadedApk$ReceiverDispatcher$Args$$ExternalSyntheticLambda0.run:0 
03-23 10:35:28.113  1709  3647 W AppOpService: Ignored setUidMode call for runtime permission app op: uid = 10195, code = READ_CELL_BROADCASTS, mode = allow, callingUid = 1001, oldMode = allow
03-23 10:35:28.115  1709  5414 I MediaSessionStack: removeSession | record: com.nonimusic.app/NoniMusicSession/297 (userId=0)
03-23 10:35:28.118  1709  3519 D ShortcutService: received package broadcast intent: Intent { act=android.intent.action.PACKAGE_ADDED dat=package: flg=0x4000010 (has extras) }
03-23 10:35:28.118  1709  3519 D ShortcutService: replacing package: com.nonimusic.app userId=0
03-23 10:35:28.118  3878  3878 D ActivityThread: Package [com.nonimusic.app] reported as REPLACED, but missing application info. Assuming REMOVED.
03-23 10:35:28.123 17061 17061 D ActivityThread: Package [com.nonimusic.app] reported as REPLACED, but missing application info. Assuming REMOVED.
03-23 10:35:28.125 25211 25211 D ActivityThread: Package [com.nonimusic.app] reported as REPLACED, but missing application info. Assuming REMOVED.
03-23 10:35:28.125 17137 17137 D ActivityThread: Package [com.nonimusic.app] reported as REPLACED, but missing application info. Assuming REMOVED.
03-23 10:35:28.125  3677  3677 D ActivityThread: Package [com.nonimusic.app] reported as REPLACED, but missing application info. Assuming REMOVED.
03-23 10:35:28.125  3796  3796 D ActivityThread: Package [com.nonimusic.app] reported as REPLACED, but missing application info. Assuming REMOVED.
03-23 10:35:28.125  3727  3727 D ActivityThread: Package [com.nonimusic.app] reported as REPLACED, but missing application info. Assuming REMOVED.
03-23 10:35:28.125  3677  3677 D ActivityThread: Package [com.nonimusic.app] reported as REPLACED, but missing application info. Assuming REMOVED.
03-23 10:35:28.125 18079 18079 D ActivityThread: Package [com.nonimusic.app] reported as REPLACED, but missing application info. Assuming REMOVED.
03-23 10:35:28.125 17061 17061 D ActivityThread: Package [com.nonimusic.app] reported as REPLACED, but missing application info. Assuming REMOVED.
03-23 10:35:28.126  3727  3727 D ActivityThread: Package [com.nonimusic.app] reported as REPLACED, but missing application info. Assuming REMOVED.
03-23 10:35:28.126 17137 17137 D ActivityThread: Package [com.nonimusic.app] reported as REPLACED, but missing application info. Assuming REMOVED.
03-23 10:35:28.127 13517 13517 D ActivityThread: Package [com.nonimusic.app] reported as REPLACED, but missing application info. Assuming REMOVED.
03-23 10:35:28.127 13291 13291 D ActivityThread: Package [com.nonimusic.app] reported as REPLACED, but missing application info. Assuming REMOVED.
03-23 10:35:28.127 15909 15909 D ActivityThread: Package [com.nonimusic.app] reported as REPLACED, but missing application info. Assuming REMOVED.
03-23 10:35:28.128 31246 31246 D ActivityThread: Package [com.nonimusic.app] reported as REPLACED, but missing application info. Assuming REMOVED.
03-23 10:35:28.128 15909 15909 D ActivityThread: Package [com.nonimusic.app] reported as REPLACED, but missing application info. Assuming REMOVED.
03-23 10:35:28.128 13500 13500 D ActivityThread: Package [com.nonimusic.app] reported as REPLACED, but missing application info. Assuming REMOVED.
03-23 10:35:28.130  5018  5018 D ActivityThread: Package [com.nonimusic.app] reported as REPLACED, but missing application info. Assuming REMOVED.
03-23 10:35:28.130 31624 31624 D ActivityThread: Package [com.nonimusic.app] reported as REPLACED, but missing application info. Assuming REMOVED.
03-23 10:35:28.131 17592 17592 D ActivityThread: Package [com.nonimusic.app] reported as REPLACED, but missing application info. Assuming REMOVED.
03-23 10:35:28.131 16172 16172 D ActivityThread: Package [com.nonimusic.app] reported as REPLACED, but missing application info. Assuming REMOVED.
03-23 10:35:28.131  1709  1709 D ActivityThread: Package [com.nonimusic.app] reported as REPLACED, but missing application info. Assuming REMOVED.
03-23 10:35:28.131  1709  1709 D ActivityThread: Package [com.nonimusic.app] reported as REPLACED, but missing application info. Assuming REMOVED.
03-23 10:35:28.131  7264  7264 D ActivityThread: Package [com.nonimusic.app] reported as REPLACED, but missing application info. Assuming REMOVED.
03-23 10:35:28.132 20920 20920 D ActivityThread: Package [com.nonimusic.app] reported as REPLACED, but missing application info. Assuming REMOVED.
03-23 10:35:28.132  1709  6469 V ActivityManager: Got obituary of 15348:com.nonimusic.app
03-23 10:35:28.133 28072 28072 D ActivityThread: Package [com.nonimusic.app] reported as REPLACED, but missing application info. Assuming REMOVED.
03-23 10:35:28.135 28072 28072 D ActivityThread: Package [com.nonimusic.app] reported as REPLACED, but missing application info. Assuming REMOVED.
03-23 10:35:28.135 31246 31246 D ActivityThread: Package [com.nonimusic.app] reported as REPLACED, but missing application info. Assuming REMOVED.
03-23 10:35:28.135 20920 20920 D ActivityThread: Package [com.nonimusic.app] reported as REPLACED, but missing application info. Assuming REMOVED.
03-23 10:35:28.136 13500 13500 D ActivityThread: Package [com.nonimusic.app] reported as REPLACED, but missing application info. Assuming REMOVED.
03-23 10:35:28.144 13458 13458 D ActivityThread: Package [com.nonimusic.app] reported as REPLACED, but missing application info. Assuming REMOVED.
03-23 10:35:28.144 19584 19584 D ActivityThread: Package [com.nonimusic.app] reported as REPLACED, but missing application info. Assuming REMOVED.
03-23 10:35:28.145  5154  5154 D ActivityThread: Package [com.nonimusic.app] reported as REPLACED, but missing application info. Assuming REMOVED.
03-23 10:35:28.145 13248 13248 D ActivityThread: Package [com.nonimusic.app] reported as REPLACED, but missing application info. Assuming REMOVED.
03-23 10:35:28.145  5211  5211 D ActivityThread: Package [com.nonimusic.app] reported as REPLACED, but missing application info. Assuming REMOVED.
03-23 10:35:28.146  1709  1744 W ActivityManager: Slow operation: 54ms so far, now at startProcess: returned from zygote!
03-23 10:35:28.146 13462 13462 D ActivityThread: Package [com.nonimusic.app] reported as REPLACED, but missing application info. Assuming REMOVED.
03-23 10:35:28.146  1709  1744 W ActivityManager: Slow operation: 54ms so far, now at startProcess: done updating battery stats
03-23 10:35:28.146  1709  1744 W ActivityManager: Slow operation: 54ms so far, now at startProcess: building log message
03-23 10:35:28.146  1709  1744 I ActivityManager: Start proc 17957:com.qualcomm.qti.workloadclassifier/u0a319 for broadcast {com.qualcomm.qti.workloadclassifier/com.qualcomm.qti.workloadclassifier.WLCReceiver}
03-23 10:35:28.146  1709  1744 W ActivityManager: Slow operation: 54ms so far, now at startProcess: starting to update pids map
03-23 10:35:28.146 12003 12003 D ActivityThread: Package [com.nonimusic.app] reported as REPLACED, but missing application info. Assuming REMOVED.
03-23 10:35:28.146  1709  1744 I ActivityManager: ProcessObserver broadcast disabled
03-23 10:35:28.146  1709  1744 W ActivityManager: Slow operation: 55ms so far, now at startProcess: done updating pids map
03-23 10:35:28.148  4523  4523 D ActivityThread: Package [com.nonimusic.app] reported as REPLACED, but missing application info. Assuming REMOVED.
03-23 10:35:28.152 12003 12003 D ActivityThread: Package [com.nonimusic.app] reported as REPLACED, but missing application info. Assuming REMOVED.
03-23 10:35:28.156 10343 10343 D ActivityThread: Package [com.nonimusic.app] reported as REPLACED, but missing application info. Assuming REMOVED.
03-23 10:35:28.157 12902 12902 D ActivityThread: Package [com.nonimusic.app] reported as REPLACED, but missing application info. Assuming REMOVED.
03-23 10:35:28.165 12902 12902 D ActivityThread: Package [com.nonimusic.app] reported as REPLACED, but missing application info. Assuming REMOVED.
03-23 10:35:28.172  4523  4523 D ActivityThread: Package [com.nonimusic.app] reported as REPLACED, but missing application info. Assuming REMOVED.
03-23 10:35:28.173  1709  3520 D BackgroundInstallControlService: Package event received: 0
03-23 10:35:28.175  1709  3520 D BackgroundInstallControlService: Package event received: 0
03-23 10:35:28.175  1709  3520 D BackgroundInstallControlService: Package event received: 0
03-23 10:35:28.176  1709  4027 I ActivityManager: Force stopping com.nonimusic.app appid=10451 user=0: from pid 17961 and uid 2000
03-23 10:35:28.179 10343 10343 D ActivityThread: Package [com.nonimusic.app] reported as REPLACED, but missing application info. Assuming REMOVED.
03-23 10:35:28.183  1709  5348 W AppOpService: Ignored setUidMode call for runtime permission app op: uid = 1001, code = READ_SMS, mode = allow, callingUid = 1001, oldMode = allow
03-23 10:35:28.184  1709  1709 D BackupManagerConstants: getFullBackupIntervalMilliseconds(...) returns 86400000
03-23 10:35:28.184  1709  1709 D BackupManagerConstants: getFullBackupRequiredNetworkType(...) returns 2
03-23 10:35:28.185  1709  1709 D BackupManagerConstants: getFullBackupRequireCharging(...) returns true
03-23 10:35:28.185  1709  5407 W AppOpService: Ignored setUidMode call for runtime permission app op: uid = 1001, code = RECEIVE_SMS, mode = allow, callingUid = 1001, oldMode = allow
03-23 10:35:28.185  1709  1929 W AppOpService: Ignored setUidMode call for runtime permission app op: uid = 1001, code = RECEIVE_WAP_PUSH, mode = allow, callingUid = 1001, oldMode = allow
03-23 10:35:28.186  1709  5348 W AppOpService: Ignored setUidMode call for runtime permission app op: uid = 1001, code = SEND_SMS, mode = allow, callingUid = 1001, oldMode = allow
03-23 10:35:28.186  1709  5348 W AppOpService: Ignored setUidMode call for runtime permission app op: uid = 1001, code = READ_CELL_BROADCASTS, mode = allow, callingUid = 1001, oldMode = allow
03-23 10:35:28.191  1709  4027 I AppsFilter: interaction: PackageSetting{9ca7e2c com.oem.euiccpartnerapp/10225} -> PackageSetting{769b8f7 com.nonimusic.app/10451} BLOCKED
03-23 10:35:28.194  1709  1735 W ActivityManager: setHasOverlayUi called on unknown pid: 15348
03-23 10:35:28.207  1709  3520 D BackgroundInstallControlService: Package event received: 0
03-23 10:35:28.208  1709  3520 D BackgroundInstallControlService: Package event received: 0
03-23 10:35:28.215  3827  3827 D ActivityThread: Package [com.nonimusic.app] reported as REPLACED, but missing application info. Assuming REMOVED.
03-23 10:35:28.215  3827  3827 D ActivityThread: Package [com.nonimusic.app] reported as REPLACED, but missing application info. Assuming REMOVED.
03-23 10:35:28.221  3755  3755 D ActivityThread: Package [com.nonimusic.app] reported as REPLACED, but missing application info. Assuming REMOVED.
03-23 10:35:28.222  3755  3755 D ActivityThread: Package [com.nonimusic.app] reported as REPLACED, but missing application info. Assuming REMOVED.
03-23 10:35:28.227  1709  3893 W AppOpService: Ignored setUidMode call for runtime permission app op: uid = 10195, code = READ_CELL_BROADCASTS, mode = allow, callingUid = 1001, oldMode = allow
03-23 10:35:28.232  1709  1709 E AppOps  : Operation not started: uid=10451 pkg=com.nonimusic.app(null) op=WAKE_LOCK
03-23 10:35:28.232  1709  5407 W AppOpService: Ignored setUidMode call for runtime permission app op: uid = 1001, code = READ_SMS, mode = allow, callingUid = 1001, oldMode = allow
03-23 10:35:28.225 12382 12382 D ActivityThread: Package [com.nonimusic.app] reported as REPLACED, but missing application info. Assuming REMOVED.
03-23 10:35:28.234  1709  3893 W AppOpService: Ignored setUidMode call for runtime permission app op: uid = 1001, code = RECEIVE_SMS, mode = allow, callingUid = 1001, oldMode = allow
03-23 10:35:28.235  1709  3893 W AppOpService: Ignored setUidMode call for runtime permission app op: uid = 1001, code = RECEIVE_WAP_PUSH, mode = allow, callingUid = 1001, oldMode = allow
03-23 10:35:28.235 12382 12382 D ActivityThread: Package [com.nonimusic.app] reported as REPLACED, but missing application info. Assuming REMOVED.
03-23 10:35:28.237  1709  3893 W AppOpService: Ignored setUidMode call for runtime permission app op: uid = 1001, code = SEND_SMS, mode = allow, callingUid = 1001, oldMode = allow
03-23 10:35:28.237  1709  3893 W AppOpService: Ignored setUidMode call for runtime permission app op: uid = 1001, code = READ_CELL_BROADCASTS, mode = allow, callingUid = 1001, oldMode = allow
03-23 10:35:28.238  1709  1709 W AlarmManager: Package com.nonimusic.app, uid 10451 lost permission to set exact alarms!
03-23 10:35:28.253  1709  5412 W AppOpService: Ignored setUidMode call for runtime permission app op: uid = 10195, code = READ_CELL_BROADCASTS, mode = allow, callingUid = 1001, oldMode = allow
03-23 10:35:28.255  1709  3893 W ActivityTaskManager: callingPackage for (uid=2000, pid=17982) has no WPC
03-23 10:35:28.255  1709  3893 D ActivityTaskManager: getPreferredLaunchDisplay userset_displayid true user set display id 0, current focus display 0
03-23 10:35:28.255  1709  3893 I SettingsAccessControlPolicy: isDeviceSettingsChangeDisabled: value -> false
03-23 10:35:28.258  1709  3893 W OptProp : Cannot read opt property android.window.PROPERTY_COMPAT_ALLOW_RESIZEABLE_ACTIVITY_OVERRIDES
03-23 10:35:28.258  1709  3893 W OptProp : Cannot read opt property android.window.PROPERTY_COMPAT_ALLOW_MIN_ASPECT_RATIO_OVERRIDE
03-23 10:35:28.258  1709  3893 D CompatChangeReporter: Compat change id reported: 306666082; UID 10451; state: ENABLED
03-23 10:35:28.259  1709  3893 D ActivityTaskManager: getPreferredLaunchDisplay userset_displayid true user set display id 0, current focus display 0
03-23 10:35:28.259  1709  3893 D ActivityTaskManager: getPreferredLaunchDisplay userset_displayid true user set display id 0, current focus display 0
03-23 10:35:28.260  1709  3893 D ActivityTaskManager: getPreferredLaunchDisplay userset_displayid true user set display id 0, current focus display 0
03-23 10:35:28.260  1709  3893 D ActivityTaskManager: getPreferredLaunchDisplay userset_displayid true user set display id 0, current focus display 0
03-23 10:35:28.261  1709  3893 D PowerManagerService: nativeSetPowerMode ret:false mode:5 enabled:true duration ms: 0
03-23 10:35:28.261  1709  3893 D ActivityTaskManager: sendShowDecorCaptionWindow Task is not organized Task{2e2abcb #1364 type=undefined}
03-23 10:35:28.261  1709  3893 D ActivityTaskManager: sendShowDecorCaptionWindow Task is not organized Task{2e2abcb #1364 type=undefined}
03-23 10:35:28.264  1709  3893 D ActivityTaskManager: getPreferredLaunchDisplay userset_displayid false user set display id 0, current focus display 0
03-23 10:35:28.264  1709  3893 D ActivityTaskManager: getPreferredLaunchDisplay userset_displayid false user set display id 0, current focus display 0
03-23 10:35:28.266  1709  3893 W OptProp : Cannot read opt property android.window.PROPERTY_COMPAT_ALLOW_ORIENTATION_OVERRIDE
03-23 10:35:28.269  1709  3893 I AppsFilter: interaction: PackageSetting{9ca7e2c com.oem.euiccpartnerapp/10225} -> PackageSetting{b6e39a7 com.nonimusic.app/10451} BLOCKED
03-23 10:35:28.269  1709  3893 D PowerManagerService: nativeSetPowerMode ret:false mode:5 enabled:false duration ms: 0
03-23 10:35:28.270  1709  3893 I ActivityTaskManager: START u0 {flg=0x10000000 xflg=0x5 cmp=com.nonimusic.app/.MainActivity} with LAUNCH_SINGLE_TASK from uid 2000 (startActivityAsUser) (BAL_ALLOW_PERMISSION) result code=0
03-23 10:35:28.271  3577  3663 V WindowManagerShell: Transition requested (#11202): android.os.BinderProxy@5bba0f9 TransitionRequestInfo { type = OPEN, triggerTask = TaskInfo{userId=0 taskId=1364 effectiveUid=10451 displayId=0 isRunning=true baseIntent=Intent { flg=0x10000000 cmp=com.nonimusic.app/.MainActivity } baseActivity=ComponentInfo{com.nonimusic.app/com.nonimusic.app.MainActivity} topActivity=ComponentInfo{com.nonimusic.app/com.nonimusic.app.MainActivity} origActivity=null realActivity=ComponentInfo{com.nonimusic.app/com.nonimusic.app.MainActivity} numActivities=1 lastActiveTime=741069591 supportsMultiWindow=true supportsGlobalFreeform=true resizeMode=1 isResizeable=true isAppLocked=false isShowDecorCaptionWindowRequest=false canKillAndRestart=true minWidth=-1 minHeight=-1 defaultMinSize=200 token=WCT{android.window.IWindowContainerToken$Stub$Proxy@585983e} topActivityType=1 pictureInPictureParams=null shouldDockBigOverlays=false launchIntoPipHostTaskId=-1 lastParentTaskIdBeforePip=-1 displayCutoutSafeInsets=Rect(0, 118 - 0, 0) topActivityInfo=ActivityInfo{c38e69f com.nonimusic.app.MainActivity} launchCookies=[] positionInParent=Point(0, 0) parentTaskId=-1 isFocused=false isVisible=false isVisibleRequested=false isTopActivityNoDisplay=false isSleeping=true locusId=null displayAreaFeatureId=1 isTopActivityTransparent=false isActivityStackTransparent=false lastNonFullscreenBounds=Rect(316, 771 - 905, 1991) capturedLink=null capturedLinkTimestamp=0 requestedVisibleTypes=-9 topActivityRequestOpenInBrowserEducationTimestamp=0 appCompatTaskInfo=AppCompatTaskInfo { topActivityInSizeCompat=false eligibleForLetterboxEducation= false isLetterboxEducationEnabled= false isLetterboxDoubleTapEnabled= false eligibleForUserAspectRatioButton= false topActivityBoundsLetterboxed= false isFromLetterboxDoubleTap= false topActivityLetterboxVerticalPosition= -1 topActivityLetterboxHorizontalPosition= -1 topActivityLetterboxWidth=-1 topActivityLetterboxHeight=-1 topActivityAppBounds=Rect(0, 0 - 1220, 2712) isUserFullscreenOverrideEnabled=false isSystemFullscreenOverrideEnabled=false hasMinAspectRatioOverride=false topActivityLetterboxBounds=null cameraCompatTaskInfo=CameraCompatTaskInfo { freeformCameraCompatMode=inactive}} topActivityMainWindowFrame=null lastDisplayId=0 callingUid=2000}, pipChange = null, remoteTransition = null, displayChange = null, flags = 0, debugId = 11202 }
03-23 10:35:28.271  3577  3663 D ShellSplitScreen: logExit: no-op, mLoggerSessionId is null
03-23 10:35:28.272  1709  4539 W AppOpService: Ignored setUidMode call for runtime permission app op: uid = 1001, code = READ_SMS, mode = allow, callingUid = 1001, oldMode = allow
03-23 10:35:28.278  1709  3679 W AppOpService: Ignored setUidMode call for runtime permission app op: uid = 10161, code = FINE_LOCATION, mode = allow, callingUid = 1000, oldMode = allow
03-23 10:35:28.278  1709  4539 W AppOpService: Ignored setUidMode call for runtime permission app op: uid = 1001, code = RECEIVE_SMS, mode = allow, callingUid = 1001, oldMode = allow
03-23 10:35:28.278  1709  4539 W AppOpService: Ignored setUidMode call for runtime permission app op: uid = 1001, code = RECEIVE_WAP_PUSH, mode = allow, callingUid = 1001, oldMode = allow
03-23 10:35:28.279  1709  4539 W AppOpService: Ignored setUidMode call for runtime permission app op: uid = 1001, code = SEND_SMS, mode = allow, callingUid = 1001, oldMode = allow
03-23 10:35:28.279  1709  4028 W AppOpService: Ignored setUidMode call for runtime permission app op: uid = 1001, code = READ_CELL_BROADCASTS, mode = allow, callingUid = 1001, oldMode = allow
03-23 10:35:28.282  1709  3437 V AccessibilityManagerService: onUserStateChangedLocked for userId: 0, forceUpdate: false
03-23 10:35:28.282  6224  6224 D ActivityThread: Package [com.nonimusic.app] reported as REPLACED, but missing application info. Assuming REMOVED.
03-23 10:35:28.283  6224  6224 D ActivityThread: Package [com.nonimusic.app] reported as REPLACED, but missing application info. Assuming REMOVED.
03-23 10:35:28.283  1709  3437 W MagnificationConnectionManager: requestConnection duplicated request: connect=false, mConnectionState=DISCONNECTED
03-23 10:35:28.285  1709  1744 I ActivityManager: Start proc 17993:com.nonimusic.app/u0a451 for top-activity {com.nonimusic.app/com.nonimusic.app.MainActivity}
03-23 10:35:28.285  1709  1744 I ActivityManager: ProcessObserver broadcast disabled
03-23 10:35:28.309  1709  3437 V AccessibilityManagerService: onUserStateChangedLocked for userId: 0, forceUpdate: false
03-23 10:35:28.310  1709  3437 W MagnificationConnectionManager: requestConnection duplicated request: connect=false, mConnectionState=DISCONNECTED
03-23 10:35:28.316  1709  5270 D IntervalStats: Unable to parse usage stats packages: [1113, 1114, 1117, 1118]
03-23 10:35:28.318  1709  3679 W AppOpService: Ignored setUidMode call for runtime permission app op: uid = 10161, code = FINE_LOCATION, mode = allow, callingUid = 1000, oldMode = allow
03-23 10:35:28.355  1709  4539 D CompatChangeReporter: Compat change id reported: 324203798; UID 10451; state: ENABLED
03-23 10:35:28.357  1709  4539 D ActivityTaskManager: sendShowDecorCaptionWindow Task is not organized Task{acf9b6e #6 type=undefined I=com.motorola.launcher3/com.android.launcher3.CustomizationPanelLauncher}
03-23 10:35:28.361  3577 15539 V WindowManagerShell: onTransitionReady(transaction=7340099900811)
03-23 10:35:28.361  3577  3663 V WindowManagerShell: onTransitionReady (#11202) android.os.BinderProxy@5bba0f9: {id=11202 t=OPEN f=0x0 trk=0 r=[] c=[]}
03-23 10:35:28.361  3577  3663 V WindowManagerShell: No transition roots in (#11202) android.os.BinderProxy@5bba0f9@0 so abort
03-23 10:35:28.361  1709  1732 V WindowManager: Sent Transition (#11202) createdAt=03-23 10:35:28.258 via request=TransitionRequestInfo { type = OPEN, triggerTask = TaskInfo{userId=0 taskId=1364 effectiveUid=10451 displayId=0 isRunning=true baseIntent=Intent { flg=0x10000000 cmp=com.nonimusic.app/.MainActivity } baseActivity=ComponentInfo{com.nonimusic.app/com.nonimusic.app.MainActivity} topActivity=ComponentInfo{com.nonimusic.app/com.nonimusic.app.MainActivity} origActivity=null realActivity=ComponentInfo{com.nonimusic.app/com.nonimusic.app.MainActivity} numActivities=1 lastActiveTime=741069591 supportsMultiWindow=true supportsGlobalFreeform=true resizeMode=1 isResizeable=true isAppLocked=false isShowDecorCaptionWindowRequest=false canKillAndRestart=true minWidth=-1 minHeight=-1 defaultMinSize=200 token=WCT{RemoteToken{cf8e118 Task{2e2abcb #1364 type=standard A=10451:com.nonimusic.app}}} topActivityType=1 pictureInPictureParams=null shouldDockBigOverlays=false launchIntoPipHostTaskId=-1 lastParentTaskIdBeforePip=-1 displayCutoutSafeInsets=Rect(0, 118 - 0, 0) topActivityInfo=ActivityInfo{b1d5771 com.nonimusic.app.MainActivity} launchCookies=[] positionInParent=Point(0, 0) parentTaskId=-1 isFocused=false isVisible=false isVisibleRequested=false isTopActivityNoDisplay=false isSleeping=true locusId=null displayAreaFeatureId=1 isTopActivityTransparent=false isActivityStackTransparent=false lastNonFullscreenBounds=Rect(316, 771 - 905, 1991) capturedLink=null capturedLinkTimestamp=0 requestedVisibleTypes=-9 topActivityRequestOpenInBrowserEducationTimestamp=0 appCompatTaskInfo=AppCompatTaskInfo { topActivityInSizeCompat=false eligibleForLetterboxEducation= false isLetterboxEducationEnabled= false isLetterboxDoubleTapEnabled= false eligibleForUserAspectRatioButton= false topActivityBoundsLetterboxed= false isFromLetterboxDoubleTap= false topActivityLetterboxVerticalPosition= -1 topActivityLetterboxHorizontalPosition= -1 topActivityLetterboxWidth=-1 topActivityLetterboxHeight=-1 topActivityAppBounds=Rect(0, 0 - 1220, 2712) isUserFullscreenOverrideEnabled=false isSystemFullscreenOverrideEnabled=false hasMinAspectRatioOverride=false topActivityLetterboxBounds=null cameraCompatTaskInfo=CameraCompatTaskInfo { freeformCameraCompatMode=inactive}} topActivityMainWindowFrame=null lastDisplayId=0 callingUid=2000}, pipChange = null, remoteTransition = null, displayChange = null, flags = 0, debugId = 11202 }
03-23 10:35:28.361  1709  1732 V WindowManager:     startWCT=WindowContainerTransaction { changes= {} hops= [] errorCallbackToken=null taskFragmentOrganizer=null }
03-23 10:35:28.361  1709  1732 V WindowManager:     info={id=11202 t=OPEN f=0x0 trk=0 r=[] c=[]}
03-23 10:35:28.362  1709  3512 I MR2ServiceImpl: Updating composite discovery preference | preference: RouteDiscoveryRequest{ preferredFeatures={}, activeScan=false }, active routers: []
03-23 10:35:28.365  3577  3663 V WindowManagerShell: Transition animation finished (aborted=true), notifying core (#11202) android.os.BinderProxy@5bba0f9@0
03-23 10:35:28.367  1709  1732 V WindowManager: Finish Transition (#11202): created at 03-23 10:35:28.258 collect-started=0.059ms request-sent=11.121ms started=12.693ms ready=99.422ms sent=101.351ms finished=107.97ms
03-23 10:35:28.368  3577  3663 V WindowManagerShell: Track 0 became idle
03-23 10:35:28.368  3577  3663 V WindowManagerShell: All active transition animations finished
03-23 10:35:28.370  1709  1735 I DisplayDeviceRepository: Display device changed render timings: "Built-in Screen", renderFrameRate=60.000004, presentationDeadlineNanos=13333332, appVsyncOffsetNanos=1000000, frameRateOverrides=[{uid=10451 frameRateHz=60.0}]
03-23 10:35:28.375  1709  3520 D BackgroundInstallControlService: Package event received: 0
03-23 10:35:28.376  1709  3512 I MR2ServiceImpl: Updating composite discovery preference | preference: RouteDiscoveryRequest{ preferredFeatures={}, activeScan=false }, active routers: []
03-23 10:35:28.376  1709  3520 D BackgroundInstallControlService: Package event received: 0
03-23 10:35:28.395  1709  1743 D CompatChangeReporter: Compat change id reported: 151861875; UID 10436; state: ENABLED
03-23 10:35:28.409  1709  1744 I ActivityManager: Start proc 18007:com.motorola.motosecurecore/u0a436 for broadcast {com.motorola.motosecurecore/com.motorola.motosecurecore.listener.PackageChangedReceiver}
03-23 10:35:28.409  1709  1744 I ActivityManager: ProcessObserver broadcast disabled
03-23 10:35:28.470  1709  1735 I DisplayDeviceRepository: Display device changed render timings: "Built-in Screen", renderFrameRate=60.000004, presentationDeadlineNanos=13333332, appVsyncOffsetNanos=1000000, frameRateOverrides=[]
03-23 10:35:28.540 32163 32163 D ActivityThread: Package [com.nonimusic.app] reported as REPLACED, but missing application info. Assuming REMOVED.
03-23 10:35:28.543 32163 32163 D ActivityThread: Package [com.nonimusic.app] reported as REPLACED, but missing application info. Assuming REMOVED.
03-23 10:35:28.572  1709  3520 D BackgroundInstallControlService: Package event received: 0
03-23 10:35:28.722  1709  4028 I ActivityManager: Flag disabled. Ignoring finishAttachApplication from uid: 10451. pid: 17993
03-23 10:35:28.736 17993 18031 I DisplayManager: Choreographer implicitly registered for the refresh rate.
03-23 10:35:28.824  1709  3338 D BatteryService: uevent={POWER_SUPPLY_POWER_AVG=0, POWER_SUPPLY_VOLTAGE_NOW=4286000, POWER_SUPPLY_POWER_NOW=4204566, POWER_SUPPLY_CHARGE_CONTROL_LIMIT_MAX=13, POWER_SUPPLY_TYPE=Battery, POWER_SUPPLY_HEALTH=Good, POWER_SUPPLY_TECHNOLOGY=Li-ion, POWER_SUPPLY_CHARGE_FULL_DESIGN=4870000, SEQNUM=487594, POWER_SUPPLY_CHARGE_CONTROL_LIMIT=0, POWER_SUPPLY_MODEL_NAME=LS30_ATL_1255MAH, POWER_SUPPLY_STATUS=Charging, POWER_SUPPLY_CYCLE_COUNT=672, POWER_SUPPLY_CAPACITY=85, DEVPATH=/devices/platform/soc/soc:qcom,pmic_glink/soc:qcom,pmic_glink:qcom,battery_charger/power_supply/battery, POWER_SUPPLY_CHARGE_TYPE=Fast, POWER_SUPPLY_CURRENT_NOW=644000, POWER_SUPPLY_TIME_TO_FULL_AVG=4314, POWER_SUPPLY_PRESENT=1, POWER_SUPPLY_CHARGE_FULL=4562000, POWER_SUPPLY_TIME_TO_FULL_NOW=4314, SUBSYSTEM=power_supply, POWER_SUPPLY_VOLTAGE_OCV=4286000, POWER_SUPPLY_TEMP=340, ACTION=change, POWER_SUPPLY_NAME=battery, POWER_SUPPLY_VOLTAGE_MAX=4510000, POWER_SUPPLY_CHARGE_COUNTER=3694000, POWER_SUPPLY_TIME_TO_EMPTY_AVG=235926000}
03-23 10:35:28.859  1709  1735 W ActivityTaskManager: Activity top resumed state loss timeout for ActivityRecord{50107324 u0 com.nonimusic.app/.MainActivity t1364}
03-23 10:35:28.859  1709  1735 W ActivityTaskManager: Activity pause timeout for ActivityRecord{50107324 u0 com.nonimusic.app/.MainActivity t1364}
03-23 10:35:28.863  1709  3520 D BackgroundInstallControlService: Package event received: 0
03-23 10:35:29.012 17993 17993 V ResourcesManager: The following library key has been added:com.google.android.webview, ResourcesKey{ mHash=6ade6ded mResDir=null mSplitDirs=[] mOverlayDirs=[] mLibDirs=[/data/app/~~p24yoTZPg1M8PQ_XnIWE_w==/com.google.android.webview-G67-1CmGEqIaJ_wA4Ie7aw==/base.apk,/system/framework/android.test.base.jar,/system_ext/framework/androidx.window.extensions.jar] mDisplayId=0 mOverrideConfig=v36 mCompatInfo={450dpi always-compat} mLoaders=[]}
03-23 10:35:29.059  1709  5423 E AppOps  : attributionTag VCN not declared in manifest of android
03-23 10:35:29.191  1709  5417 I ActivityManager: Flag disabled. Ignoring finishAttachApplication from uid: 10319. pid: 17957
03-23 10:35:29.321  1709  1929 I ActivityManager: Flag disabled. Ignoring finishAttachApplication from uid: 10436. pid: 18007
03-23 10:35:29.388  1709  5417 D CompatChangeReporter: Compat change id reported: 311208629; UID 10319; state: ENABLED
03-23 10:35:29.422  1709  1744 I ActivityManager: Start proc 18108:com.google.android.webview:sandboxed_process0:org.chromium.content.app.SandboxedProcessService0:0/u0i543 for  {com.nonimusic.app/org.chromium.content.app.SandboxedProcessService0:0}
03-23 10:35:29.422  1709  1744 I ActivityManager: ProcessObserver broadcast disabled
03-23 10:35:29.503  1709  5423 I ActivityManager: Flag disabled. Ignoring finishAttachApplication from uid: 99543. pid: 18108
03-23 10:35:29.705  1709  3893 I AppsFilter: interaction: PackageSetting{b6e39a7 com.nonimusic.app/10451} -> PackageSetting{cec4b74 com.snapchat.android/10078} BLOCKED
03-23 10:35:29.727  1709  6043 I ActivityManager: appDiedLocked: app=ProcessRecord{a06bc62 17957:com.qualcomm.qti.workloadclassifier/u0a319} thread=android.os.BinderProxy@3bdb4f6 fromBinderDied=true isKilledByAm=false reason=null
03-23 10:35:29.727  1709  6043 I ActivityManager: Process com.qualcomm.qti.workloadclassifier (pid 17957) has died: cch+15 CEM 
03-23 10:35:29.728  1709  6043 D RestartModeController: markWaitRestartAppIsSuicided null processName=com.qualcomm.qti.workloadclassifier
03-23 10:35:29.729  1709  6043 D ActivityTaskManager: handleAppDied: uid=10319,diedCount=1,lastDiedTime=480710517,forceStopUids=false
03-23 10:35:30.011  1709  3893 I ActivityManager: Background started FGS: Allowed [callingPackage: com.nonimusic.app; callingUid: 10451; uidState: TPSL; uidBFSL: n/a; intent: Intent { xflg=0x4 cmp=com.nonimusic.app/.BackgroundAudioService }; code:ACTIVITY_STARTER; tempAllowListReason:<null>; allowWiu:52; targetSdkVersion:35; callerTargetSdkVersion:35; startForegroundCount:0; bindFromPackage:null: isBindService:false]
03-23 10:35:30.119  1709  5417 D CoreBackPreview: Window{6995f05 u0 com.nonimusic.app/com.nonimusic.app.MainActivity}: Setting back callback OnBackInvokedCallbackInfo{mCallback=android.window.IOnBackInvokedCallback$Stub$Proxy@e39d4c8, mPriority=0, mIsAnimationCallback=false, mOverrideBehavior=0}
03-23 10:35:30.255  1709  5417 I MediaSessionStack: addSession to bottom of stack | record: com.nonimusic.app/NoniSession/298 (userId=0)
03-23 10:35:30.270  1709  5417 D CompatChangeReporter: Compat change id reported: 296558535; UID 10451; state: ENABLED
03-23 10:35:30.271  1709  5417 D CompatChangeReporter: Compat change id reported: 317799821; UID 10451; state: ENABLED
03-23 10:35:30.273  1709  3520 D BackgroundInstallControlService: Package event received: 0
03-23 10:35:30.278  1709  1743 D CompatChangeReporter: Compat change id reported: 264179692; UID 10451; state: ENABLED
03-23 10:35:30.291  1709  3520 D BackgroundInstallControlService: Package event received: 0
03-23 10:35:30.297  1709  3520 D BackgroundInstallControlService: Package event received: 0
03-23 10:35:30.304  1709  1739 W MotoBatteryCareService: uid: 10451 pkgName:com.nonimusic.app come to foreground
03-23 10:35:30.495  1709  3520 D BackgroundInstallControlService: Package event received: 0
03-23 10:35:30.495  1709  1709 W NotificationHistory: Attempted to add notif for locked/gone/disabled user 0
03-23 10:35:30.953  1709  3361 D ActivityManager: unfreezing ProcessRecord{bf63f55 16059:com.inmobi.weather/u0a356}, reason = unfreezeTemporarily, adj = 975, adjType = cch-empty, adjSource = null
03-23 10:35:30.954  1709  3361 D ActivityManager: sync unfroze 16059 com.inmobi.weather for 0
03-23 10:35:30.977  1709  3361 W JobServiceContext: Sending onNetworkChanged for a job that isn't started. JobStatus{e50a4a9 androidx.work.systemjobscheduler:u0a356/995 @androidx.work.systemjobscheduler@com.inmobi.weather/androidx.work.impl.background.systemjob.SystemJobService u=0 s=10356 TIME=-2m24s927ms:none NET READY}
03-23 10:35:30.982  1709  1744 I ActivityManager: Start proc 18178:com.motorola.ccc.notification/u0a264 for service {com.motorola.ccc.notification/androidx.work.impl.background.systemjob.SystemJobService}
03-23 10:35:30.982  1709  1744 I ActivityManager: ProcessObserver broadcast disabled
03-23 10:35:31.009 16059 16059 D ActivityThread: Package [com.nonimusic.app] reported as REPLACED, but missing application info. Assuming REMOVED.
03-23 10:35:31.011 16059 16059 D ActivityThread: Package [com.nonimusic.app] reported as REPLACED, but missing application info. Assuming REMOVED.
03-23 10:35:31.176  1709  3520 D BackgroundInstallControlService: Package event received: 0
03-23 10:35:31.347  1709  4027 I ActivityManager: Flag disabled. Ignoring finishAttachApplication from uid: 10264. pid: 18178
03-23 10:35:31.356  1709  1709 W JobScheduler: Job didn't exist in JobStore: 73e2901 {androidx.work.systemjobscheduler} #u0a264/22194 @androidx.work.systemjobscheduler@com.motorola.ccc.notification/androidx.work.impl.background.systemjob.SystemJobService
03-23 10:35:31.551  1709  3520 D BackgroundInstallControlService: Package event received: 0
03-23 10:35:36.832  1709  3338 D BatteryService: uevent={POWER_SUPPLY_POWER_AVG=0, POWER_SUPPLY_VOLTAGE_NOW=4290000, POWER_SUPPLY_POWER_NOW=2702700, POWER_SUPPLY_CHARGE_CONTROL_LIMIT_MAX=13, POWER_SUPPLY_TYPE=Battery, POWER_SUPPLY_HEALTH=Good, POWER_SUPPLY_TECHNOLOGY=Li-ion, POWER_SUPPLY_CHARGE_FULL_DESIGN=4870000, SEQNUM=487595, POWER_SUPPLY_CHARGE_CONTROL_LIMIT=0, POWER_SUPPLY_MODEL_NAME=LS30_ATL_1255MAH, POWER_SUPPLY_STATUS=Charging, POWER_SUPPLY_CYCLE_COUNT=672, POWER_SUPPLY_CAPACITY=85, DEVPATH=/devices/platform/soc/soc:qcom,pmic_glink/soc:qcom,pmic_glink:qcom,battery_charger/power_supply/battery, POWER_SUPPLY_CHARGE_TYPE=Fast, POWER_SUPPLY_CURRENT_NOW=630000, POWER_SUPPLY_TIME_TO_FULL_AVG=4275, POWER_SUPPLY_PRESENT=1, POWER_SUPPLY_CHARGE_FULL=4562000, POWER_SUPPLY_TIME_TO_FULL_NOW=4275, SUBSYSTEM=power_supply, POWER_SUPPLY_VOLTAGE_OCV=4290000, POWER_SUPPLY_TEMP=340, ACTION=change, POWER_SUPPLY_NAME=battery, POWER_SUPPLY_VOLTAGE_MAX=4480000, POWER_SUPPLY_CHARGE_COUNTER=3703000, POWER_SUPPLY_TIME_TO_EMPTY_AVG=235926000}
