--------- beginning of system
03-23 09:58:26.786  1709  3520 D BackgroundInstallControlService: Package event received: 0
03-23 09:58:26.849  1709  5415 D PowerManagerService: nativeReleaseSuspendBlocker name:PowerManagerService.WakeLocks duration ms: 1
03-23 09:58:26.858  1709  5347 I ActivityManager: Killing 32745:com.google.android.apps.turbo/u0a209 (adj 925, setSvc -10000): empty #31
03-23 09:58:26.860  1709  5347 I ActivityManager: Killing 31072:ir.ilmili.telegraph/u0a313 (adj 920, setSvc -10000): empty #32
03-23 09:58:26.861  1709  5347 I ActivityManager: Killing 31378:com.android.DeviceAsWebcam/1000 (adj 935, setSvc -10000): empty #33
03-23 09:58:26.918  1709  5415 I ActivityManager: appDiedLocked: app=ProcessRecord{a0b97c2 32745:com.google.android.apps.turbo/u0a209} thread=android.os.BinderProxy@ad8bacc fromBinderDied=true isKilledByAm=true reason=null
03-23 09:58:26.919  1709  5415 D RestartModeController: markWaitRestartAppIsSuicided null processName=com.google.android.apps.turbo
03-23 09:58:26.920  1709  5415 D ActivityTaskManager: handleAppDied: uid=10209,diedCount=2,lastDiedTime=478524074,forceStopUids=false
03-23 09:58:27.007  1709  3520 D BackgroundInstallControlService: Package event received: 0
03-23 09:58:27.013  1709  3520 D BackgroundInstallControlService: Package event received: 0
03-23 09:58:27.058  1709  3361 E JobScheduler.Background: Couldn't determine stopped state for unknown package: com.motorola.leanbacklauncher
03-23 09:58:27.059  1709  3520 D BackgroundInstallControlService: Package event received: 0
03-23 09:58:27.086  1709  5695 D PowerManagerService: nativeAcquireSuspendBlocker name:PowerManagerService.WakeLocks duration ms: 2
03-23 09:58:27.092  1709  5415 D PowerManagerService: nativeReleaseSuspendBlocker name:PowerManagerService.WakeLocks duration ms: 0
03-23 09:58:27.164  1709  5695 I ActivityManager: appDiedLocked: app=ProcessRecord{b7e4dad 31072:ir.ilmili.telegraph/u0a313} thread=android.os.BinderProxy@619a73a fromBinderDied=true isKilledByAm=true reason=null
03-23 09:58:27.165  1709  5695 D RestartModeController: markWaitRestartAppIsSuicided null processName=ir.ilmili.telegraph
03-23 09:58:27.165  1709  5695 D ActivityTaskManager: handleAppDied: uid=10313,diedCount=1,lastDiedTime=478830457,forceStopUids=false
03-23 09:58:27.168  1709  4027 I ActivityManager: appDiedLocked: app=ProcessRecord{532c854 31378:com.android.DeviceAsWebcam/1000} thread=android.os.BinderProxy@f6afd06 fromBinderDied=true isKilledByAm=true reason=null
03-23 09:58:27.169  1709  4027 D RestartModeController: markWaitRestartAppIsSuicided null processName=com.android.DeviceAsWebcam
03-23 09:58:27.170  1709  4027 D ActivityTaskManager: handleAppDied: uid=1000,diedCount=1,lastDiedTime=476733175,forceStopUids=false
03-23 09:58:27.243  1709  5695 D PowerManagerService: nativeAcquireSuspendBlocker name:PowerManagerService.WakeLocks duration ms: 1
03-23 09:58:27.250  1709  5695 I ActivityManager: Flag disabled. Ignoring finishAttachApplication from uid: 10189. pid: 4484
03-23 09:58:27.253  1709  5695 D PowerManagerService: nativeReleaseSuspendBlocker name:PowerManagerService.WakeLocks duration ms: 0
03-23 09:58:27.260  1709  4027 D PowerManagerService: nativeAcquireSuspendBlocker name:PowerManagerService.WakeLocks duration ms: 1
03-23 09:58:27.268  1709  4027 D PowerManagerService: nativeReleaseSuspendBlocker name:PowerManagerService.WakeLocks duration ms: 0
03-23 09:58:27.272  1709  4027 D PowerManagerService: nativeAcquireSuspendBlocker name:PowerManagerService.WakeLocks duration ms: 1
03-23 09:58:27.278  1709  3906 D PowerManagerService: nativeReleaseSuspendBlocker name:PowerManagerService.WakeLocks duration ms: 0
03-23 09:58:27.281  1709  3906 D PowerManagerService: nativeAcquireSuspendBlocker name:PowerManagerService.WakeLocks duration ms: 1
03-23 09:58:27.301  1709  4027 D PowerManagerService: nativeReleaseSuspendBlocker name:PowerManagerService.WakeLocks duration ms: 1
03-23 09:58:27.305  1709  3906 D PowerManagerService: nativeAcquireSuspendBlocker name:PowerManagerService.WakeLocks duration ms: 1
03-23 09:58:27.312  1709  3906 D PowerManagerService: nativeReleaseSuspendBlocker name:PowerManagerService.WakeLocks duration ms: 0
03-23 09:58:27.316  1709  3906 D PowerManagerService: nativeAcquireSuspendBlocker name:PowerManagerService.WakeLocks duration ms: 1
03-23 09:58:27.325  1709  3906 D PowerManagerService: nativeReleaseSuspendBlocker name:PowerManagerService.WakeLocks duration ms: 0
03-23 09:58:27.326  1709  1739 W MotoBatteryCareService: uid: 10218 pkgName:com.android.vending come to foreground
03-23 09:58:27.331  1709  4027 D PowerManagerService: nativeAcquireSuspendBlocker name:PowerManagerService.WakeLocks duration ms: 2
03-23 09:58:27.337  1709  5695 D PowerManagerService: nativeReleaseSuspendBlocker name:PowerManagerService.WakeLocks duration ms: 0
03-23 09:58:27.338  1709  1744 I ActivityManager: Start proc 4956:com.android.vending:com.google.android.finsky.verifier.apkanalysis.service.ApkContentsScanService/u0i525 for service {com.android.vending/com.google.android.finsky.verifier.apkanalysis.service.ApkContentsScanService}
03-23 09:58:27.338  1709  1744 I ActivityManager: ProcessObserver broadcast disabled
03-23 09:58:27.346  1709  5695 D PowerManagerService: nativeAcquireSuspendBlocker name:PowerManagerService.WakeLocks duration ms: 1
03-23 09:58:27.353  1709  5695 D PowerManagerService: nativeReleaseSuspendBlocker name:PowerManagerService.WakeLocks duration ms: 0
03-23 09:58:27.367  1709  3906 D PowerManagerService: nativeAcquireSuspendBlocker name:PowerManagerService.WakeLocks duration ms: 2
03-23 09:58:27.370  1709  3520 D BackgroundInstallControlService: Package event received: 0
03-23 09:58:27.375  1709  5695 D PowerManagerService: nativeReleaseSuspendBlocker name:PowerManagerService.WakeLocks duration ms: 0
03-23 09:58:27.378  1709  4027 D PowerManagerService: nativeAcquireSuspendBlocker name:PowerManagerService.WakeLocks duration ms: 1
03-23 09:58:27.386  1709  3906 D PowerManagerService: nativeReleaseSuspendBlocker name:PowerManagerService.WakeLocks duration ms: 0
03-23 09:58:27.390  1709  3906 D PowerManagerService: nativeAcquireSuspendBlocker name:PowerManagerService.WakeLocks duration ms: 1
03-23 09:58:27.395  1709  1929 D PowerManagerService: nativeReleaseSuspendBlocker name:PowerManagerService.WakeLocks duration ms: 0
03-23 09:58:27.641  1709  3893 I ActivityManager: Flag disabled. Ignoring finishAttachApplication from uid: 99525. pid: 4956
03-23 09:58:27.791  1709  3906 I ActivityManager: appDiedLocked: app=ProcessRecord{e07fa02 18868:com.dti.motorola/u0a201} thread=android.os.BinderProxy@f278a2d fromBinderDied=true isKilledByAm=false reason=null
03-23 09:58:27.791  1709  3906 I ActivityManager: Process com.dti.motorola (pid 18868) has died: cch+25 SVC 
03-23 09:58:27.792  1709  3906 D CompatChangeReporter: Compat change id reported: 311208629; UID 10201; state: ENABLED
03-23 09:58:27.793  1709  3906 W ActivityManager: Scheduling restart of crashed service com.dti.motorola/com.dti.phoenix.core.service.CoreService in 60000ms for start-requested, crashCount = 0, earliestRestartTime = 478850584
03-23 09:58:27.793  1709  3906 D RestartModeController: markWaitRestartAppIsSuicided null processName=com.dti.motorola
03-23 09:58:27.793  1709  3906 D ActivityTaskManager: handleAppDied: uid=10201,diedCount=1,lastDiedTime=476903138,forceStopUids=false
03-23 09:58:27.858  1709  3906 I ActivityManager: Flag disabled. Ignoring finishAttachApplication from uid: 10347. pid: 4615
03-23 09:58:27.920  1709  3906 I ActivityManager: Killing 4956:com.android.vending:com.google.android.finsky.verifier.apkanalysis.service.ApkContentsScanService/u0a218i525 (adj 0, setSvc -10000): isolated not needed
03-23 09:58:27.939  1709  3906 I ActivityManager: appDiedLocked: app=ProcessRecord{9cac8f0 4956:com.android.vending:com.google.android.finsky.verifier.apkanalysis.service.ApkContentsScanService/u0a218i525} thread=android.os.BinderProxy@47a3d28 fromBinderDied=true isKilledByAm=true reason=null
03-23 09:58:27.940  1709  3906 D ActivityTaskManager: handleAppDied: uid=99525,diedCount=1,lastDiedTime=147673125,forceStopUids=false
03-23 09:58:27.955  1709  5417 D CompatChangeReporter: Compat change id reported: 151861875; UID 10201; state: ENABLED
03-23 09:58:27.956  1709  3520 D BackgroundInstallControlService: Package event received: 0
03-23 09:58:27.968  1709  1744 I ActivityManager: Start proc 5020:com.dti.motorola/u0a201 for content provider {com.dti.motorola/com.dti.phoenix.core.provider.PhoenixProvider3}
03-23 09:58:27.968  1709  1744 I ActivityManager: ProcessObserver broadcast disabled
03-23 09:58:28.042  1709  3520 D BackgroundInstallControlService: Package event received: 0
03-23 09:58:28.115  1709  2313 I AppsFilter: interaction: PackageSetting{c12e0c2 com.oem.euiccpartnerapp/10225} -> PackageSetting{2384f59 com.motorola.dolby.dolbyui/10148} BLOCKED
03-23 09:58:28.125  1709  3519 D ShortcutService: received package broadcast intent: Intent { act=android.intent.action.PACKAGE_CHANGED dat=package: flg=0x45000010 pkg=android (has extras) }
03-23 09:58:28.125  1709  3519 D ShortcutService: changing package: com.motorola.dolby.dolbyui userId=0
03-23 09:58:28.134  1709  3437 V AccessibilityManagerService: onUserStateChangedLocked for userId: 0, forceUpdate: false
03-23 09:58:28.134  1709  3437 W MagnificationConnectionManager: requestConnection duplicated request: connect=false, mConnectionState=DISCONNECTED
03-23 09:58:28.164  1709  3893 D CompatChangeReporter: Compat change id reported: 271850009; UID 10347; state: ENABLED
03-23 09:58:28.164  1709  3893 D CompatChangeReporter: Compat change id reported: 253665015; UID 10347; state: ENABLED
03-23 09:58:28.185  1709  3679 W AppOpService: Ignored setUidMode call for runtime permission app op: uid = 10161, code = FINE_LOCATION, mode = allow, callingUid = 1000, oldMode = allow
03-23 09:58:28.197  1709  3679 W AppOpService: Ignored setUidMode call for runtime permission app op: uid = 10161, code = FINE_LOCATION, mode = allow, callingUid = 1000, oldMode = allow
03-23 09:58:28.287  1709  3893 D CompatChangeReporter: Compat change id reported: 297989574; UID 10079; state: ENABLED
03-23 09:58:28.354  1709  3380 D ActivityManager: freezing 6842 com.google.android.packageinstaller, reason = oom_cached
03-23 09:58:28.354  4615  4615 W ResourcesManager: Found a null ResourcesImpl, skipped.
03-23 09:58:28.355  4615  4615 W ResourcesManager: Found a null ResourcesImpl, skipped.
03-23 09:58:28.355  4615  4615 W ResourcesManager: Found a null ResourcesImpl, skipped.
03-23 09:58:28.397  4615  4615 V ResourcesManager: The following library key has been added:com.google.android.webview, ResourcesKey{ mHash=6ade6ded mResDir=null mSplitDirs=[] mOverlayDirs=[] mLibDirs=[/data/app/~~p24yoTZPg1M8PQ_XnIWE_w==/com.google.android.webview-G67-1CmGEqIaJ_wA4Ie7aw==/base.apk,/system/framework/android.test.base.jar,/system_ext/framework/androidx.window.extensions.jar] mDisplayId=0 mOverrideConfig=v36 mCompatInfo={450dpi always-compat} mLoaders=[]}
03-23 09:58:28.521  1709  2313 I PackageManager: Continuing with installation of file:///data/app/vmdl1896995561.tmp
03-23 09:58:28.524  1709  3311 D InstallDependencyHelper: No missing dependency for com.nonimusic.app
03-23 09:58:28.527  1709  3565 W FileUtils: Failed to chmod(AtomicFile[/data/system_de/0/system/game-manager-service.xml]): android.system.ErrnoException: chmod failed: ENOENT (No such file or directory)
03-23 09:58:28.530  1709  2313 D PowerManagerService: nativeAcquireSuspendBlocker name:PowerManagerService.WakeLocks duration ms: 4
03-23 09:58:28.658  1709  2313 D BackupManagerService: [UserID:0] restoreAtInstall pkg=com.nonimusic.app token=4b restoreSet=0
03-23 09:58:28.658  1709  2313 D BackupManagerService: [UserID:0] Finishing install immediately
03-23 09:58:28.661  1709  2313 D PowerManagerService: nativeReleaseSuspendBlocker name:PowerManagerService.WakeLocks duration ms: 0
03-23 09:58:28.663  1709  2313 I PackageManager: installation completed for package:com.nonimusic.app. Final code path: /data/app/~~Y5iH6qqvgI09nvKQGYBbZg==/com.nonimusic.app-htbTpTSJ_MAy51SGmhQKYw==
03-23 09:58:28.664  1709  2313 I AppsFilter: interaction: PackageSetting{c12e0c2 com.oem.euiccpartnerapp/10225} -> PackageSetting{6d84ebb com.nonimusic.app/10451} BLOCKED
03-23 09:58:28.664  1709  3520 D BackgroundInstallControlService: Package event received: 1
03-23 09:58:28.665  1709  2313 D PackageInstallerSession: Marking session 1896995561 as applied
03-23 09:58:28.672  1709  3311 D InstallDependencyHelper: Session complete for 1896995561
03-23 09:58:28.683  1709  1743 D CompatChangeReporter: Compat change id reported: 151861875; UID 10319; state: ENABLED
03-23 09:58:28.687  1709  1743 D ActivityManager: unfreezing ProcessRecord{60aa526 6842:com.google.android.packageinstaller/u0a119}, reason = unfreezeTemporarily, adj = 920, adjType = cch-empty, adjSource = null
03-23 09:58:28.687  1709  1743 D ActivityManager: sync unfroze 6842 com.google.android.packageinstaller for 3
03-23 09:58:28.696  1709  3519 D ShortcutService: received package broadcast intent: Intent { act=android.intent.action.PACKAGE_ADDED dat=package: flg=0x4000010 (has extras) }
03-23 09:58:28.696  1709  3519 D ShortcutService: adding package: com.nonimusic.app userId=0
03-23 09:58:28.700  1709  3463 E AppOps  : attributionTag VCN not declared in manifest of android
03-23 09:58:28.710  1709  1744 I ActivityManager: Start proc 5225:com.qualcomm.qti.workloadclassifier/u0a319 for broadcast {com.qualcomm.qti.workloadclassifier/com.qualcomm.qti.workloadclassifier.WLCReceiver}
03-23 09:58:28.710  1709  1744 I ActivityManager: ProcessObserver broadcast disabled
03-23 09:58:28.730  1709  3520 D BackgroundInstallControlService: Package event received: 0
03-23 09:58:28.730  1709  3520 D BackgroundInstallControlService: Package event received: 0
03-23 09:58:28.781  1709  1739 D LauncherAppsService: onPackageAdded: triggering onPackageAdded for user=UserHandle{0}, packageName=com.nonimusic.app
03-23 09:58:28.782  1709  1739 D LauncherAppsService: onPackageAdded: triggering onPackageAdded for user=UserHandle{0}, packageName=com.nonimusic.app
03-23 09:58:28.783  1709  1739 D LauncherAppsService: onPackageAdded: triggering onPackageAdded for user=UserHandle{0}, packageName=com.nonimusic.app
03-23 09:58:28.783  1709  1739 D LauncherAppsService: onPackageAdded: triggering onPackageAdded for user=UserHandle{0}, packageName=com.nonimusic.app
03-23 09:58:28.783  1709  1739 D LauncherAppsService: onPackageAdded: triggering onPackageAdded for user=UserHandle{0}, packageName=com.nonimusic.app
03-23 09:58:28.784  1709  1739 D LauncherAppsService: onPackageAdded: triggering onPackageAdded for user=UserHandle{0}, packageName=com.nonimusic.app
03-23 09:58:28.784  1709  1739 W PackageManager: Failed registering loading progress callback. Package is fully loaded.
03-23 09:58:28.804  1709  1709 W Looper  : Slow dispatch took 110ms main app=system_server main=true group=FOREGROUND h=android.app.ActivityThread$H c=android.app.LoadedApk$ReceiverDispatcher$Args$$ExternalSyntheticLambda0@26bc1b1 m=0
03-23 09:58:28.806  1709  1709 D TransparencyService: Not an update. Skipping...
03-23 09:58:28.808  1709  1728 W AppOpService: Ignored setUidMode call for runtime permission app op: uid = 10195, code = READ_CELL_BROADCASTS, mode = allow, callingUid = 1001, oldMode = allow
03-23 09:58:28.819  1709  6435 W AppOpService: Ignored setUidMode call for runtime permission app op: uid = 1001, code = READ_SMS, mode = allow, callingUid = 1001, oldMode = allow
03-23 09:58:28.820  1709  3437 V AccessibilityManagerService: onUserStateChangedLocked for userId: 0, forceUpdate: false
03-23 09:58:28.820  1709  6435 W AppOpService: Ignored setUidMode call for runtime permission app op: uid = 1001, code = RECEIVE_SMS, mode = allow, callingUid = 1001, oldMode = allow
03-23 09:58:28.821  1709  3437 W MagnificationConnectionManager: requestConnection duplicated request: connect=false, mConnectionState=DISCONNECTED
03-23 09:58:28.821  1709  6435 W AppOpService: Ignored setUidMode call for runtime permission app op: uid = 1001, code = RECEIVE_WAP_PUSH, mode = allow, callingUid = 1001, oldMode = allow
03-23 09:58:28.821  1709  5414 W AppOpService: Ignored setUidMode call for runtime permission app op: uid = 1001, code = SEND_SMS, mode = allow, callingUid = 1001, oldMode = allow
03-23 09:58:28.822  1709  5414 W AppOpService: Ignored setUidMode call for runtime permission app op: uid = 1001, code = READ_CELL_BROADCASTS, mode = allow, callingUid = 1001, oldMode = allow
03-23 09:58:28.826  1709  1709 D BackupManagerConstants: getFullBackupIntervalMilliseconds(...) returns 86400000
03-23 09:58:28.826  1709  1709 D BackupManagerConstants: getFullBackupRequiredNetworkType(...) returns 2
03-23 09:58:28.826  1709  1709 D BackupManagerConstants: getFullBackupRequireCharging(...) returns true
03-23 09:58:28.828  1709  3520 D BackgroundInstallControlService: Package event received: 0
03-23 09:58:28.841  1709  6435 D CompatChangeReporter: Compat change id reported: 311402873; UID 10079; state: ENABLED
03-23 09:58:28.841  1709  6435 D CompatChangeReporter: Compat change id reported: 323349338; UID 10079; state: ENABLED
03-23 09:58:28.844  1709  1709 I AppsFilter: interaction: PackageSetting{9ca7e2c com.oem.euiccpartnerapp/10225} -> PackageSetting{fb150f5 com.nonimusic.app/10451} BLOCKED
03-23 09:58:28.854  1709  3519 D ShortcutService: received package broadcast intent: Intent { act=android.intent.action.PACKAGE_CHANGED dat=package: flg=0x5000010 (has extras) }
03-23 09:58:28.854  1709  3519 D ShortcutService: changing package: com.nonimusic.app userId=0
03-23 09:58:28.872  1709  3437 V AccessibilityManagerService: onUserStateChangedLocked for userId: 0, forceUpdate: false
03-23 09:58:28.874  1709  5263 D BatteryOptimizationPolicy: setNonBatteryOptimizedModeForAppList: [com.motorola.oemconfig.rel, com.motorola.oemconfig.demo, com.motorola.enterprise.adapter.service]
03-23 09:58:28.874  1709  5263 E DeviceIdleController: Tried to add unknown package to power save whitelist: com.motorola.oemconfig.demo
03-23 09:58:28.875  1709  5263 E DeviceIdleController: Tried to add unknown package to power save whitelist: com.motorola.oemconfig.rel
03-23 09:58:28.875  1709  5263 D BatteryOptimizationPolicy: Package not found: com.motorola.oemconfig.rel Current user: 0
03-23 09:58:28.875  1709  5263 D BatteryOptimizationPolicy: Package not found: com.motorola.oemconfig.demo Current user: 0
03-23 09:58:28.875  1709  5263 D BatteryOptimizationPolicy: Granting permission to run jobs when in background: com.motorola.enterprise.adapter.service(UID: 10267)
03-23 09:58:28.875  1709  5263 D BatteryOptimizationPolicy: setNonBatteryOptimizedModeForAppList: [com.motorola.oemconfig.rel, com.motorola.oemconfig.demo, com.motorola.enterprise.adapter.service]
03-23 09:58:28.875  1709  5263 E DeviceIdleController: Tried to add unknown package to power save whitelist: com.motorola.oemconfig.demo
03-23 09:58:28.875  1709  5263 E DeviceIdleController: Tried to add unknown package to power save whitelist: com.motorola.oemconfig.rel
03-23 09:58:28.875  1709  5263 D BatteryOptimizationPolicy: Package not found: com.motorola.oemconfig.rel Current user: 0
03-23 09:58:28.875  1709  5263 D BatteryOptimizationPolicy: Package not found: com.motorola.oemconfig.demo Current user: 0
03-23 09:58:28.875  1709  5263 D BatteryOptimizationPolicy: Granting permission to run jobs when in background: com.motorola.enterprise.adapter.service(UID: 10267)
03-23 09:58:28.882  1709  3437 W MagnificationConnectionManager: requestConnection duplicated request: connect=false, mConnectionState=DISCONNECTED
03-23 09:58:28.901  1709  1709 D PowerManagerService: nativeAcquireSuspendBlocker name:PowerManagerService.WakeLocks duration ms: 2
03-23 09:58:28.901  1709  1732 D PowerManagerService: nativeReleaseSuspendBlocker name:PowerManagerService.WakeLocks duration ms: 0
03-23 09:58:28.905  1709  5114 D HealthConnectTrackerManagerImpl: No packages eligible for step tracking. Aborting initialization.
03-23 09:58:28.912  1709  6435 I ActivityManager: appDiedLocked: app=ProcessRecord{74362d4 32296:com.google.android.cellbroadcastreceiver/u0a321} thread=android.os.BinderProxy@3573a2b fromBinderDied=true isKilledByAm=false reason=null
03-23 09:58:28.912  1709  6435 I ActivityManager: Process com.google.android.cellbroadcastreceiver (pid 32296) has died: cch+99 CEM 
03-23 09:58:28.912  1709  6435 D RestartModeController: markWaitRestartAppIsSuicided null processName=com.google.android.cellbroadcastreceiver
03-23 09:58:28.913  1709  6435 D ActivityTaskManager: handleAppDied: uid=10321,diedCount=1,lastDiedTime=478524173,forceStopUids=false
03-23 09:58:28.929  1709  3906 W AppOpService: Ignored setUidMode call for runtime permission app op: uid = 10195, code = READ_CELL_BROADCASTS, mode = allow, callingUid = 1001, oldMode = allow
03-23 09:58:28.941  1709  4027 W AppOpService: Ignored setUidMode call for runtime permission app op: uid = 1001, code = READ_SMS, mode = allow, callingUid = 1001, oldMode = allow
03-23 09:58:28.944  1709  4027 W AppOpService: Ignored setUidMode call for runtime permission app op: uid = 1001, code = RECEIVE_SMS, mode = allow, callingUid = 1001, oldMode = allow
03-23 09:58:28.946  1709  4027 W AppOpService: Ignored setUidMode call for runtime permission app op: uid = 1001, code = RECEIVE_WAP_PUSH, mode = allow, callingUid = 1001, oldMode = allow
03-23 09:58:28.957  1709  6442 W AppOpService: Ignored setUidMode call for runtime permission app op: uid = 1001, code = SEND_SMS, mode = allow, callingUid = 1001, oldMode = allow
03-23 09:58:28.958  1709  6442 W AppOpService: Ignored setUidMode call for runtime permission app op: uid = 1001, code = READ_CELL_BROADCASTS, mode = allow, callingUid = 1001, oldMode = allow
03-23 09:58:28.979  1709  5695 W AppOpService: Ignored setUidMode call for runtime permission app op: uid = 10195, code = READ_CELL_BROADCASTS, mode = allow, callingUid = 1001, oldMode = allow
03-23 09:58:28.985  1709  3312 W AppOpService: Ignored setUidMode call for runtime permission app op: uid = 1001, code = READ_SMS, mode = allow, callingUid = 1001, oldMode = allow
03-23 09:58:29.002  1709  3893 W AppOpService: Ignored setUidMode call for runtime permission app op: uid = 1001, code = RECEIVE_SMS, mode = allow, callingUid = 1001, oldMode = allow
03-23 09:58:29.009  1709  5414 W AppOpService: Ignored setUidMode call for runtime permission app op: uid = 1001, code = RECEIVE_WAP_PUSH, mode = allow, callingUid = 1001, oldMode = allow
03-23 09:58:29.010  1709  5414 W AppOpService: Ignored setUidMode call for runtime permission app op: uid = 1001, code = SEND_SMS, mode = allow, callingUid = 1001, oldMode = allow
03-23 09:58:29.010  1709  5414 W AppOpService: Ignored setUidMode call for runtime permission app op: uid = 1001, code = READ_CELL_BROADCASTS, mode = allow, callingUid = 1001, oldMode = allow
03-23 09:58:29.057  1709  3906 I ActivityManager: Flag disabled. Ignoring finishAttachApplication from uid: 10319. pid: 5225
03-23 09:58:29.084  1709  1728 D PowerManagerService: nativeAcquireSuspendBlocker name:PowerManagerService.WakeLocks duration ms: 5
03-23 09:58:29.119  1709  1744 I ActivityManager: Start proc 5298:com.google.android.webview:sandboxed_process0:org.chromium.content.app.SandboxedProcessService0:0/u0i526 for  {com.swishme.moto/org.chromium.content.app.SandboxedProcessService0:0}
03-23 09:58:29.119  1709  1744 I ActivityManager: ProcessObserver broadcast disabled
03-23 09:58:29.125  1709  1735 I DisplayDeviceRepository: Display device changed render timings: "Built-in Screen", renderFrameRate=60.000004, presentationDeadlineNanos=16666666, appVsyncOffsetNanos=1000000, frameRateOverrides=[]
03-23 09:58:29.126  1709  1733 D WindowManager: DeferredDisplayUpdater: partially applying DisplayInfo(1220 x 2712) immediately
03-23 09:58:29.132  1709  5417 D PowerManagerService: nativeReleaseSuspendBlocker name:PowerManagerService.WakeLocks duration ms: 0
03-23 09:58:29.135  1709  1744 I ActivityManager: Start proc 5302:com.android.soundpicker/u0a116 for broadcast {com.android.soundpicker/com.android.soundpicker.PreloadedRROInit}
03-23 09:58:29.135  1709  1744 I ActivityManager: ProcessObserver broadcast disabled
03-23 09:58:29.157  1709  4027 D PowerManagerService: nativeAcquireSuspendBlocker name:PowerManagerService.WakeLocks duration ms: 3
03-23 09:58:29.177  4615  4615 I DisplayManager: Implicitly registering for refresh rate
03-23 09:58:29.280  1709  3520 D BackgroundInstallControlService: Package event received: 0
03-23 09:58:29.303  1709  3380 D ActivityManager: freezing 2258 com.facebook.katana, reason = oom_cached
03-23 09:58:29.317  1709  3906 I ActivityManager: Flag disabled. Ignoring finishAttachApplication from uid: 99526. pid: 5298
03-23 09:58:29.366  1709  3679 W AppOpService: Ignored setUidMode call for runtime permission app op: uid = 10161, code = FINE_LOCATION, mode = allow, callingUid = 1000, oldMode = allow
03-23 09:58:29.415  1709  5414 D PowerManagerService: nativeReleaseSuspendBlocker name:PowerManagerService.WakeLocks duration ms: 0
03-23 09:58:29.435  1709  4027 E AppOps  : attributionTag VCN not declared in manifest of android
03-23 09:58:29.444  1709  3679 W AppOpService: Ignored setUidMode call for runtime permission app op: uid = 10161, code = FINE_LOCATION, mode = allow, callingUid = 1000, oldMode = allow
03-23 09:58:29.459  1709  4027 D PowerManagerService: nativeAcquireSuspendBlocker name:PowerManagerService.WakeLocks duration ms: 2
03-23 09:58:29.782  1709  5423 I ActivityManager: Flag disabled. Ignoring finishAttachApplication from uid: 10116. pid: 5302
03-23 09:58:29.828  1709  5414 I ActivityManager: Killing 2585:com.android.keychain/1000 (adj 915, setSvc -10000): empty #31
03-23 09:58:29.882  1709  5414 D CompatChangeReporter: Compat change id reported: 311208629; UID 10319; state: ENABLED
03-23 09:58:29.886  1709  5347 D PowerManagerService: nativeReleaseSuspendBlocker name:PowerManagerService.WakeLocks duration ms: 0
03-23 09:58:29.899  1709  5414 D PowerManagerService: nativeAcquireSuspendBlocker name:PowerManagerService.WakeLocks duration ms: 1
03-23 09:58:29.945  1709  3893 D PowerManagerService: nativeReleaseSuspendBlocker name:PowerManagerService.WakeLocks duration ms: 0
03-23 09:58:29.967  1709  5347 I ActivityManager: appDiedLocked: app=ProcessRecord{534900d 2585:com.android.keychain/1000} thread=android.os.BinderProxy@1a90c8e fromBinderDied=true isKilledByAm=true reason=null
03-23 09:58:29.967  1709  5347 D RestartModeController: markWaitRestartAppIsSuicided null processName=com.android.keychain
03-23 09:58:29.968  1709  5347 D ActivityTaskManager: handleAppDied: uid=1000,diedCount=1,lastDiedTime=478848961,forceStopUids=false
03-23 09:58:30.102  1709  5417 I ActivityManager: appDiedLocked: app=ProcessRecord{895c7fe 5225:com.qualcomm.qti.workloadclassifier/u0a319} thread=android.os.BinderProxy@e4d23aa fromBinderDied=true isKilledByAm=false reason=null
03-23 09:58:30.102  1709  5417 I ActivityManager: Process com.qualcomm.qti.workloadclassifier (pid 5225) has died: fg  SVC 
03-23 09:58:30.102  1709  5417 D RestartModeController: markWaitRestartAppIsSuicided null processName=com.qualcomm.qti.workloadclassifier
03-23 09:58:30.103  1709  5417 D ActivityTaskManager: handleAppDied: uid=10319,diedCount=1,lastDiedTime=478841577,forceStopUids=false
03-23 09:58:30.247  1709  3520 D BackgroundInstallControlService: Package event received: 0
03-23 09:58:30.305  1709  3520 D BackgroundInstallControlService: Package event received: 0
03-23 09:58:30.312  1709  3380 D ActivityManager: freezing 2704 com.android.chrome, reason = oom_cached
03-23 09:58:30.319  1709  1744 I ActivityManager: Start proc 5488:com.motorola.aiservices/u0a158 for content provider {com.motorola.aiservices/com.motorola.aiservices.contentprovider.ServiceContentProvider}
03-23 09:58:30.319  1709  1744 I ActivityManager: ProcessObserver broadcast disabled
03-23 09:58:30.341  1709  3520 D BackgroundInstallControlService: Package event received: 0
03-23 09:58:30.373  1709  1728 I ActivityManager: Killing 2704:com.android.chrome/u0a227 (adj 915, setSvc -10000): empty #31
03-23 09:58:30.460  1709  5695 I ActivityManager: appDiedLocked: app=ProcessRecord{8bd3555 2704:com.android.chrome/u0a227} thread=android.os.BinderProxy@7a46a02 fromBinderDied=true isKilledByAm=true reason=null
03-23 09:58:30.461  1709  5695 D RestartModeController: markWaitRestartAppIsSuicided null processName=com.android.chrome
03-23 09:58:30.462  1709  5695 D ActivityTaskManager: handleAppDied: uid=10227,diedCount=1,lastDiedTime=476571598,forceStopUids=false
03-23 09:58:30.481  2400  2400 W wificond: Failed to get NL80211_ATTR_MAX_NUM_AKM_SUITES
03-23 09:58:30.482  2400  2400 W wificond: Failed to get NL80211_ATTR_MAX_NUM_AKM_SUITES
03-23 09:58:30.482  2400  2400 W wificond: Failed to get NL80211_ATTR_MAX_NUM_AKM_SUITES
03-23 09:58:30.601  1709  6442 I ActivityManager: Flag disabled. Ignoring finishAttachApplication from uid: 10201. pid: 5020
03-23 09:58:30.714  1709  3520 D BackgroundInstallControlService: Package event received: 0
03-23 09:58:30.766  1709  3380 D ActivityManager: freezing 2831 com.google.android.apps.carrier.carrierwifi, reason = oom_cached
03-23 09:58:30.777  1709  5348 I ActivityManager: Killing 2946:com.google.android.apps.nbu.files/u0a173 (adj 915, setSvc -10000): empty #31
03-23 09:58:30.778  1709  1739 D addPss  : tracker=ProcessState{e0b56a7 com.instagram.android/10390 pkg=com.instagram.android}
03-23 09:58:30.797  1709  3380 D ActivityManager: freezing 3040 com.google.android.googlequicksearchbox:search, reason = oom_cached
03-23 09:58:30.822  1709  3380 D ActivityManager: freezing 2983 com.google.android.documentsui, reason = oom_cached
03-23 09:58:30.838  1709  3380 D ActivityManager: freezing 3200 com.google.android.apps.docs, reason = oom_cached
03-23 09:58:30.891  1709  5423 I ActivityManager: appDiedLocked: app=ProcessRecord{78628 2946:com.google.android.apps.nbu.files/u0a173} thread=android.os.BinderProxy@5784210 fromBinderDied=true isKilledByAm=true reason=null
03-23 09:58:30.892  1709  5423 D RestartModeController: markWaitRestartAppIsSuicided null processName=com.google.android.apps.nbu.files
03-23 09:58:30.893  1709  5423 D ActivityTaskManager: handleAppDied: uid=10173,diedCount=1,lastDiedTime=476581350,forceStopUids=false
03-23 09:58:30.923  1709  3893 D CompatChangeReporter: Compat change id reported: 271850009; UID 10347; state: ENABLED
03-23 09:58:30.923  1709  3893 D CompatChangeReporter: Compat change id reported: 253665015; UID 10347; state: ENABLED
03-23 09:58:31.062  1709  3380 D ActivityManager: freezing 3272 com.google.android.rkpdapp, reason = oom_cached
03-23 09:58:31.168  1709  3380 D ActivityManager: freezing 31398 android.process.media, reason = oom_cached
03-23 09:58:31.244  1709  1728 I ActivityManager: Flag disabled. Ignoring finishAttachApplication from uid: 10158. pid: 5488
03-23 09:58:31.287  1709  3520 D BackgroundInstallControlService: Package event received: 0
03-23 09:58:31.347  1709  3520 D BackgroundInstallControlService: Package event received: 0
03-23 09:58:31.364  1709  3893 I ActivityManager: appDiedLocked: app=ProcessRecord{3a80831 31398:android.process.media/u0a116} thread=android.os.BinderProxy@8ebc735 fromBinderDied=true isKilledByAm=false reason=null
03-23 09:58:31.364  1709  3893 I ActivityManager: Process android.process.media (pid 31398) has died: cch+75 CEM 
03-23 09:58:31.365  1709  3893 D RestartModeController: markWaitRestartAppIsSuicided null processName=android.process.media
03-23 09:58:31.365  1709  3893 D ActivityTaskManager: handleAppDied: uid=10116,diedCount=1,lastDiedTime=476733026,forceStopUids=false
03-23 09:58:31.453  1709  5348 I ActivityManager: appDiedLocked: app=ProcessRecord{7147b56 2258:com.facebook.katana/u0a341} thread=android.os.BinderProxy@31de7a5 fromBinderDied=true isKilledByAm=false reason=null
03-23 09:58:31.453  1709  5348 I ActivityManager: Process com.facebook.katana (pid 2258) has died: cch+20 CEM 
03-23 09:58:31.455  1709  5348 D RestartModeController: markWaitRestartAppIsSuicided null processName=com.facebook.katana
03-23 09:58:31.455  1709  5348 D ActivityTaskManager: handleAppDied: uid=10341,diedCount=1,lastDiedTime=478524129,forceStopUids=false
03-23 09:58:31.551  1709  3380 D ActivityManager: freezing 3632 com.motorola.om, reason = oom_cached
03-23 09:58:31.736  1709  3520 D BackgroundInstallControlService: Package event received: 0
03-23 09:58:32.162  1709  3380 D ActivityManager: freezing 3990 com.android.shell, reason = oom_cached
03-23 09:58:32.836  1709  3520 D BackgroundInstallControlService: Package event received: 0
03-23 09:58:32.837 19584 19594 W Binder  : reply too large data on java level: InterfaceDescriptor = null, code = 1
03-23 09:58:33.300  1709  1735 I DisplayDeviceRepository: Display device changed render timings: "Built-in Screen", renderFrameRate=120.00001, presentationDeadlineNanos=13333332, appVsyncOffsetNanos=1000000, frameRateOverrides=[]
03-23 09:58:33.301  1709  1733 D WindowManager: DeferredDisplayUpdater: partially applying DisplayInfo(1220 x 2712) immediately
03-23 09:58:33.678  1709  3380 D ActivityManager: freezing 4052 com.google.android.projection.gearhead:shared, reason = oom_cached
03-23 09:58:33.680  1709  3380 D ActivityManager: freezing 3781 com.motorola.spaces, reason = oom_cached
03-23 09:58:34.087  1709  3380 D ActivityManager: freezing 2846 com.facebook.appmanager, reason = oom_cached
03-23 09:58:34.089  1709  3380 D ActivityManager: freezing 3429 com.facebook.system, reason = oom_cached
03-23 09:58:34.090  1709  3380 D ActivityManager: freezing 4192 com.brave.browser, reason = oom_cached
03-23 09:58:34.369  1709  3380 D ActivityManager: freezing 4321 com.motorola.motosecurecore, reason = oom_cached
03-23 09:58:35.425  1709  3380 D ActivityManager: freezing 3517 com.google.android.videos, reason = oom_cached
03-23 09:58:35.868 19584 19594 W Binder  : reply too large data on java level: InterfaceDescriptor = null, code = 1
03-23 09:58:35.928  1709  3386 D PowerManagerService: nativeAcquireSuspendBlocker name:PowerManagerService.WakeLocks duration ms: 3
03-23 09:58:36.079  1709  1709 D PowerManagerService: nativeReleaseSuspendBlocker name:PowerManagerService.WakeLocks duration ms: 0
03-23 09:58:36.438  1709  5423 W ActivityManager: stopServiceToken startId 17 is last, but have 1 remaining args
03-23 09:58:36.619  1709  5423 D CoreBackPreview: Window{85ab2c9 u0 NotificationShade}: Setting back callback OnBackInvokedCallbackInfo{mCallback=android.window.IOnBackInvokedCallback$Stub$Proxy@153887e, mPriority=0, mIsAnimationCallback=false, mOverrideBehavior=0}
03-23 09:58:36.625  1709  5423 D PowerManagerService: nativeAcquireSuspendBlocker name:PowerManagerService.WakeLocks duration ms: 1
03-23 09:58:36.626  1709  5423 D PowerManagerService: nativeReleaseSuspendBlocker name:PowerManagerService.WakeLocks duration ms: 1
03-23 09:58:36.644  1709  3520 D BackgroundInstallControlService: Package event received: 0
03-23 09:58:36.701  1709  5348 D SystemServerTiming: getUserSwitchability-0
03-23 09:58:36.701  1709  5348 D SystemServerTiming: TM.isInCall
03-23 09:58:36.701  1709  5348 D SystemServerTiming: hasUserRestriction-DISALLOW_USER_SWITCH
03-23 09:58:36.702  1709  5348 D SystemServerTiming: getInt-ALLOW_USER_SWITCHING_WHEN_SYSTEM_USER_LOCKED
03-23 09:58:36.702  1709  5348 D SystemServerTiming: isUserUnlocked-USER_SYSTEM
03-23 09:58:36.702  1709  5348 D SystemServerTiming: getUserSwitchability-0
03-23 09:58:36.702  1709  5348 D SystemServerTiming: TM.isInCall
03-23 09:58:36.703  1709  5348 D SystemServerTiming: hasUserRestriction-DISALLOW_USER_SWITCH
03-23 09:58:36.703  1709  5348 D SystemServerTiming: getInt-ALLOW_USER_SWITCHING_WHEN_SYSTEM_USER_LOCKED
03-23 09:58:36.703  1709  5348 D SystemServerTiming: isUserUnlocked-USER_SYSTEM
03-23 09:58:36.860  1709  3380 D ActivityManager: freezing 4382 com.motorola.dolby.dolbyui, reason = oom_cached
03-23 09:58:36.862  1709  3380 D ActivityManager: freezing 4484 com.motorola.moto, reason = oom_cached
03-23 09:58:36.863  1709  3380 D ActivityManager: freezing 4743 com.motorola.motcameradesktop, reason = oom_cached
03-23 09:58:36.865  1709  3380 D ActivityManager: freezing 25211 com.motorola.personalize, reason = oom_cached
03-23 09:58:38.040  1709  3380 D ActivityManager: freezing 4252 com.jio.myjio, reason = oom_cached
03-23 09:58:38.740  1709  3380 D ActivityManager: freezing 6842 com.google.android.packageinstaller, reason = oom_cached
03-23 09:58:38.896  1709  3520 D BackgroundInstallControlService: Package event received: 0
03-23 09:58:38.899 19584 18383 W Binder  : reply too large data on java level: InterfaceDescriptor = null, code = 1
03-23 09:58:39.316  1709  3386 D PowerManagerService: nativeAcquireSuspendBlocker name:PowerManagerService.WakeLocks duration ms: 1
03-23 09:58:39.887  1709  3380 D ActivityManager: freezing 5302 com.android.soundpicker, reason = oom_cached
03-23 09:58:39.889  1709  3380 D ActivityManager: freezing 5298 com.google.android.webview:sandboxed_process0:org.chromium.content.app.SandboxedProcessService0:0, reason = oom_cached
03-23 09:58:39.890  1709  3380 D ActivityManager: freezing 4615 com.swishme.moto, reason = oom_cached
03-23 09:58:39.894  1709  3380 D ActivityManager: freezing 4666 com.motorola.securityhub, reason = oom_cached
03-23 09:58:40.200  1709  3360 I UsageStatsService: User[0] Flushing usage stats to disk
03-23 09:58:40.245  1709  3520 D BackgroundInstallControlService: Package event received: 0
03-23 09:58:40.624  1288  2032 I keystore2: system/security/keystore2/watchdog/src/lib.rs:377 - Watchdog thread idle -> terminating. Have a great day.
03-23 09:58:41.401  1709  3380 D ActivityManager: freezing 5488 com.motorola.aiservices, reason = oom_cached
03-23 09:58:41.548  1709  6442 D PowerManagerService: nativeReleaseSuspendBlocker name:PowerManagerService.WakeLocks duration ms: 0
03-23 09:58:41.925 19584 19594 W Binder  : reply too large data on java level: InterfaceDescriptor = null, code = 1
03-23 09:58:41.926  1709  5417 D PowerManagerService: nativeAcquireSuspendBlocker name:PowerManagerService.WakeLocks duration ms: 3
03-23 09:58:44.061  1709  1739 D addPss  : tracker=ProcessState{f7317fe com.android.vending:background/10218 pkg=com.android.vending}
03-23 09:58:44.066  1709  3361 E JobScheduler.Background: Couldn't determine stopped state for unknown package: com.motorola.leanbacklauncher
03-23 09:58:44.967  1709  3520 D BackgroundInstallControlService: Package event received: 0
03-23 09:58:44.968 19584 19594 W Binder  : reply too large data on java level: InterfaceDescriptor = null, code = 1
03-23 09:58:46.089  1709  3380 D ActivityManager: freezing 3583 com.indus.appstore, reason = oom_cached
03-23 09:58:48.000 19584 19594 W Binder  : reply too large data on java level: InterfaceDescriptor = null, code = 1
03-23 09:58:48.328  1709  3338 D BatteryService: uevent={POWER_SUPPLY_POWER_AVG=0, POWER_SUPPLY_VOLTAGE_NOW=4074000, POWER_SUPPLY_POWER_NOW=11007948, POWER_SUPPLY_CHARGE_CONTROL_LIMIT_MAX=13, POWER_SUPPLY_TYPE=Battery, POWER_SUPPLY_HEALTH=Good, POWER_SUPPLY_TECHNOLOGY=Li-ion, POWER_SUPPLY_CHARGE_FULL_DESIGN=4870000, SEQNUM=484154, POWER_SUPPLY_CHARGE_CONTROL_LIMIT=9, POWER_SUPPLY_MODEL_NAME=LS30_ATL_1255MAH, POWER_SUPPLY_STATUS=Charging, POWER_SUPPLY_CYCLE_COUNT=672, POWER_SUPPLY_CAPACITY=52, DEVPATH=/devices/platform/soc/soc:qcom,pmic_glink/soc:qcom,pmic_glink:qcom,battery_charger/power_supply/battery, POWER_SUPPLY_CHARGE_TYPE=Fast, POWER_SUPPLY_CURRENT_NOW=2702000, POWER_SUPPLY_TIME_TO_FULL_AVG=4095, POWER_SUPPLY_PRESENT=1, POWER_SUPPLY_CHARGE_FULL=4562000, POWER_SUPPLY_TIME_TO_FULL_NOW=4095, SUBSYSTEM=power_supply, POWER_SUPPLY_VOLTAGE_OCV=4074000, POWER_SUPPLY_TEMP=320, ACTION=change, POWER_SUPPLY_NAME=battery, POWER_SUPPLY_VOLTAGE_MAX=4501000, POWER_SUPPLY_CHARGE_COUNTER=2232000, POWER_SUPPLY_TIME_TO_EMPTY_AVG=235926000}
03-23 09:58:48.346  1709  3338 D BatteryService: uevent={POWER_SUPPLY_POWER_AVG=0, POWER_SUPPLY_VOLTAGE_NOW=4074000, POWER_SUPPLY_POWER_NOW=11007948, POWER_SUPPLY_CHARGE_CONTROL_LIMIT_MAX=13, POWER_SUPPLY_TYPE=Battery, POWER_SUPPLY_HEALTH=Good, POWER_SUPPLY_TECHNOLOGY=Li-ion, POWER_SUPPLY_CHARGE_FULL_DESIGN=4870000, SEQNUM=484155, POWER_SUPPLY_CHARGE_CONTROL_LIMIT=9, POWER_SUPPLY_MODEL_NAME=LS30_ATL_1255MAH, POWER_SUPPLY_STATUS=Charging, POWER_SUPPLY_CYCLE_COUNT=672, POWER_SUPPLY_CAPACITY=52, DEVPATH=/devices/platform/soc/soc:qcom,pmic_glink/soc:qcom,pmic_glink:qcom,battery_charger/power_supply/battery, POWER_SUPPLY_CHARGE_TYPE=Fast, POWER_SUPPLY_CURRENT_NOW=2702000, POWER_SUPPLY_TIME_TO_FULL_AVG=4095, POWER_SUPPLY_PRESENT=1, POWER_SUPPLY_CHARGE_FULL=4562000, POWER_SUPPLY_TIME_TO_FULL_NOW=4095, SUBSYSTEM=power_supply, POWER_SUPPLY_VOLTAGE_OCV=4074000, POWER_SUPPLY_TEMP=320, ACTION=change, POWER_SUPPLY_NAME=battery, POWER_SUPPLY_VOLTAGE_MAX=4501000, POWER_SUPPLY_CHARGE_COUNTER=2232000, POWER_SUPPLY_TIME_TO_EMPTY_AVG=235926000}
03-23 09:58:48.364  1709  1709 V UiModeManager: updateLocked: null action, mDockState=0, category=null
03-23 09:58:48.364  1709  1709 D UiModeManager: updateConfigurationLocked: mDockState=0; mCarMode=false; mNightMode=1; mNightModeCustomType=-1; uiMode=17
03-23 09:58:48.365  1709  1743 D CompatChangeReporter: Compat change id reported: 151861875; UID 10209; state: ENABLED
03-23 09:58:48.365  1709  1709 W ContextImpl: Calling a method in the system process without a qualified user: android.app.ContextImpl.startService:2031 com.motorola.server.batterycare.MotoBatteryCareService.notifyBatteryLevelChanged:1216 com.motorola.server.batterycare.MotoBatteryCareService.-$$Nest$mnotifyBatteryLevelChanged:0 com.motorola.server.batterycare.MotoBatteryCareService$1.onReceive:229 android.app.LoadedApk$ReceiverDispatcher$Args.lambda$getRunnable$0:1857 
03-23 09:58:48.372  3577  9864 D PowerUI : can't show warning due to - plugged: true status unknown: false
03-23 09:58:48.377  1709  5423 D ActivityManager: unfreezing ProcessRecord{94f39b9 25211:com.motorola.personalize/u0a299}, reason = oom_uncached, adj = 0, adjType = provider, adjSource = ProcessRecord{a6cd686 3577:com.android.systemui/u0a312}
03-23 09:58:48.378  1709  5423 D ActivityManager: sync unfroze 25211 com.motorola.personalize for 7
03-23 09:58:48.381  1709  3520 D BackgroundInstallControlService: Package event received: 0
03-23 09:58:48.389  1709  1744 I ActivityManager: Start proc 5670:com.google.android.apps.turbo/u0a209 for broadcast {com.google.android.apps.turbo/com.google.android.apps.turbo.deadline.library.GGaugeUpdateReceiver}
03-23 09:58:48.390  1709  1744 I ActivityManager: ProcessObserver broadcast disabled
03-23 09:58:48.411  1709  3361 E JobScheduler.Background: Couldn't determine stopped state for unknown package: com.motorola.leanbacklauncher
03-23 09:58:48.434  1709  5423 D PowerManagerService: nativeReleaseSuspendBlocker name:PowerManagerService.WakeLocks duration ms: 1
03-23 09:58:48.522  1709  5423 I ActivityManager: Flag disabled. Ignoring finishAttachApplication from uid: 10209. pid: 5670
03-23 09:58:48.930  1709  3380 D ActivityManager: freezing 12902 com.google.android.permissioncontroller, reason = oom_cached
03-23 09:58:51.007  1709  1739 D addPss  : tracker=ProcessState{e0b56a7 com.instagram.android/10390 pkg=com.instagram.android}
03-23 09:58:51.024 19584 19594 W Binder  : reply too large data on java level: InterfaceDescriptor = null, code = 1
03-23 09:58:51.032  1709  3520 D BackgroundInstallControlService: Package event received: 0
03-23 09:58:54.077  1709  3380 D ActivityManager: freezing 2764 com.android.vending:background, reason = oom_cached
03-23 09:58:57.085 19584 19594 W Binder  : reply too large data on java level: InterfaceDescriptor = null, code = 1
03-23 09:58:57.095  1709  3520 D BackgroundInstallControlService: Package event received: 0
03-23 09:58:57.097  1709  5417 D PowerManagerService: nativeAcquireSuspendBlocker name:PowerManagerService.WakeLocks duration ms: 2
03-23 09:58:57.703  1709  3361 E JobScheduler.Background: Couldn't determine stopped state for unknown package: com.motorola.leanbacklauncher
03-23 09:58:58.532  1709  3380 D ActivityManager: freezing 5670 com.google.android.apps.turbo, reason = oom_cached
03-23 09:58:58.725  1709  1744 I ActivityManager: Start proc 5708:com.whatsapp/u0a344 for aitune
03-23 09:58:58.725  1709  1744 I ActivityManager: ProcessObserver broadcast disabled
03-23 09:58:59.101  1709  5417 I ActivityManager: Flag disabled. Ignoring finishAttachApplication from uid: 10344. pid: 5708
03-23 09:58:59.594  1709  5407 D CompatChangeReporter: Compat change id reported: 310703690; UID 10344; state: ENABLED
03-23 09:59:00.124 19584  2099 W Binder  : reply too large data on java level: InterfaceDescriptor = null, code = 1
03-23 09:59:01.456  1709  3520 D BackgroundInstallControlService: Package event received: 0
03-23 09:59:01.477  1709  1744 I ActivityManager: Start proc 5792:com.facebook.katana/u0a341 for content provider {com.facebook.katana/com.facebook.katana.provider.FirstPartyUserValuesProvider}
03-23 09:59:01.477  1709  1744 I ActivityManager: ProcessObserver broadcast disabled
03-23 09:59:01.706  1709  6442 I ActivityManager: Flag disabled. Ignoring finishAttachApplication from uid: 10341. pid: 5792
03-23 09:59:02.140  1709  5407 I ActivityManager: Killing 2983:com.google.android.documentsui/u0a121 (adj 920, setSvc -10000): empty #31
03-23 09:59:02.176  1709  5417 I ActivityManager: appDiedLocked: app=ProcessRecord{6eda2de 2983:com.google.android.documentsui/u0a121} thread=android.os.BinderProxy@b513802 fromBinderDied=true isKilledByAm=true reason=null
03-23 09:59:02.178  1709  5417 D RestartModeController: markWaitRestartAppIsSuicided null processName=com.google.android.documentsui
03-23 09:59:02.178  1709  5417 D ActivityTaskManager: handleAppDied: uid=10121,diedCount=1,lastDiedTime=476582416,forceStopUids=false
03-23 09:59:02.500  1709  3361 D ActivityManager: unfreezing ProcessRecord{f39ac82 5488:com.motorola.aiservices/u0a158}, reason = unfreezeTemporarily, adj = 915, adjType = service, adjSource = ProcessRecord{d3fdcd5 4666:com.motorola.securityhub/u0a293}
03-23 09:59:02.501  1709  3361 D ActivityManager: sync unfroze 5488 com.motorola.aiservices for 0
03-23 09:59:02.507  1709  3361 W JobServiceContext: Sending onNetworkChanged for a job that isn't started. JobStatus{fda47ff #u0a158/-531487076 com.motorola.aiservices/com.google.android.datatransport.runtime.scheduling.jobscheduling.JobInfoSchedulerService u=0 s=10158 TIME=-773ms:none NET READY}
03-23 09:59:02.515  1709  3893 W ProcessStats: Tracking association SourceState{af42080 system/1000 ImpBg #1246429} whose proc state 6 is better than process ProcessState{e841752 com.motorola.aiservices/10158 pkg=com.motorola.aiservices} proc state 14 (3 skipped)
03-23 09:59:02.942  1709  1728 W Telecom : TelecomServiceImpl$1: registerPhoneAccount - attempt to set a group from a non-system caller.: TSI.rPA(cw)@GJ4
03-23 09:59:02.943  1709  1728 I Telecom : TelecomServiceImpl$1: registerPhoneAccount: account=[[ ] PhoneAccount: ComponentInfo{com.whatsapp/com.whatsapp.calling.telecom.SelfManagedConnectionService}, ***, UserHandle{0} Capabilities: SelfManaged SuppVideo Video  Audio Routes: BESW Schemes: tel  Extras: Bundle[{android.telecom.extra.LOG_SELF_MANAGED_CALLS=false}] GroupId: *** SC Restrictions: [NONE]]: TSI.rPA(cw)@GJ4
03-23 09:59:02.948  1709  1728 I Telecom : PhoneAccountRegistrar: Modify account: [ComponentInfo{com.whatsapp/com.whatsapp.calling.telecom.SelfManagedConnectionService}, ***, UserHandle{0}]: TSI.rPA(cw)@GJ4
03-23 09:59:02.960  1709  1728 I Telecom : AppLabelProxy: package com.whatsapp: name is WhatsApp: TSI.rPA(cw)@GJ4
03-23 09:59:02.968  1709  1728 I Telecom : MotoCallsManager: handlePhoneAccountChanged: phoneAccount=[[X] PhoneAccount: ComponentInfo{com.whatsapp/com.whatsapp.calling.telecom.SelfManagedConnectionService}, ***, UserHandle{0} Capabilities: SelfManaged SuppVideo Video  Audio Routes: BESW Schemes: tel  Extras: Bundle[{android.telecom.extra.LOG_SELF_MANAGED_CALLS=false}] GroupId: *** SC Restrictions: [NONE]]: TSI.rPA(cw)@GJ4
03-23 09:59:03.152 19584  2099 W Binder  : reply too large data on java level: InterfaceDescriptor = null, code = 1
03-23 09:59:03.159  1709  3520 D BackgroundInstallControlService: Package event received: 0
03-23 09:59:03.195  1709  6442 W ActivityManager: Background start not allowed: service Intent { act=com.whatsapp.messageservice.messaging.MessageService.START xflg=0x4 cmp=com.whatsapp/.messageservice.messaging.MessageService } to com.whatsapp/.messageservice.messaging.MessageService from pid=5708 uid=10344 pkg=com.whatsapp startFg?=false
03-23 09:59:03.601  1709  3361 E JobScheduler.Background: Couldn't determine stopped state for unknown package: com.motorola.leanbacklauncher
03-23 09:59:03.622  1709  5407 D PowerManagerService: nativeReleaseSuspendBlocker name:PowerManagerService.WakeLocks duration ms: 0
03-23 09:59:03.667  1709  3520 D BackgroundInstallControlService: Package event received: 0
03-23 09:59:03.685  1709  1744 I ActivityManager: Start proc 5943:android.process.acore/u0a111 for content provider {com.android.providers.contacts/com.android.providers.contacts.ContactsProvider2}
03-23 09:59:03.685  1709  1744 I ActivityManager: ProcessObserver broadcast disabled
03-23 09:59:03.895  1709  5407 I ActivityManager: Flag disabled. Ignoring finishAttachApplication from uid: 10111. pid: 5943
03-23 09:59:04.170  1709  5407 I ActivityManager: Killing 2831:com.google.android.apps.carrier.carrierwifi/u0a169 (adj 920, setSvc -10000): empty #31
