03-23 09:59:04.212  1709  5407 I ActivityManager: appDiedLocked: app=ProcessRecord{3a271f0 2831:com.google.android.apps.carrier.carrierwifi/u0a169} thread=android.os.BinderProxy@e715d1b fromBinderDied=true isKilledByAm=true reason=null
03-23 09:59:04.214  1709  5407 D RestartModeController: markWaitRestartAppIsSuicided null processName=com.google.android.apps.carrier.carrierwifi
03-23 09:59:04.215  1709  5407 D ActivityTaskManager: handleAppDied: uid=10169,diedCount=1,lastDiedTime=476582739,forceStopUids=false
03-23 09:59:06.177 19584  2099 W Binder  : reply too large data on java level: InterfaceDescriptor = null, code = 1
03-23 09:59:07.043  1709  6442 D ActivityManager: unfreezing ProcessRecord{50e9aaa 2846:com.facebook.appmanager/u0a255}, reason = oom_uncached, adj = 920, adjType = provider, adjSource = ProcessRecord{5e879cf 5792:com.facebook.katana/u0a341}
03-23 09:59:07.044  1709  6442 D ActivityManager: sync unfroze 2846 com.facebook.appmanager for 7
03-23 09:59:07.047  1709  1739 D addPss  : tracker=ProcessState{26e4b04 com.facebook.appmanager/10255 pkg=com.facebook.appmanager}
03-23 09:59:07.061  1709  5414 D PowerManagerService: nativeAcquireSuspendBlocker name:PowerManagerService.WakeLocks duration ms: 3
03-23 09:59:07.083  1709  5414 D PowerManagerService: nativeReleaseSuspendBlocker name:PowerManagerService.WakeLocks duration ms: 0
03-23 09:59:07.707  1709  3361 E JobScheduler.Background: Couldn't determine stopped state for unknown package: com.motorola.leanbacklauncher
03-23 09:59:09.207 19584 32468 W Binder  : reply too large data on java level: InterfaceDescriptor = null, code = 1
03-23 09:59:09.208  1709  3520 D BackgroundInstallControlService: Package event received: 0
03-23 09:59:12.001  1709  3522 D IntervalStats: Unable to parse usage stats packages: [1113, 1114, 1117, 1118]
03-23 09:59:12.043  1709  3522 D IntervalStats: Unable to parse usage stats packages: [1113, 1114, 1117, 1118]
03-23 09:59:13.238  1709  1739 W NotificationHistory: Attempted to remove conversation for locked/gone/disabled user 0
03-23 09:59:13.247  1709  5695 E ShortcutService: Invalid icon type in shortcut 59790759821424@lid. Bitmaps are not allowed in long-lived shortcuts. Use Resource icons, or Uri-based icons instead.
03-23 09:59:13.632  1709  3380 D ActivityManager: freezing 5488 com.motorola.aiservices, reason = oom_cached
03-23 09:59:15.274 19584 32468 W Binder  : reply too large data on java level: InterfaceDescriptor = null, code = 1
03-23 09:59:15.282  1709  3520 D BackgroundInstallControlService: Package event received: 0
03-23 09:59:15.312  1709  5407 I ActivityManager: Killing 3040:com.google.android.googlequicksearchbox:search/u0a219 (adj 920, setSvc -10000): empty #31
03-23 09:59:15.395  1709  6442 I ActivityManager: appDiedLocked: app=ProcessRecord{8ba3ec 3040:com.google.android.googlequicksearchbox:search/u0a219} thread=android.os.BinderProxy@bc3655c fromBinderDied=true isKilledByAm=true reason=null
03-23 09:59:15.397  1709  5407 E AppOps  : Bad call made by uid 1000. Package "com.google.android.googlequicksearchbox" does not belong to uid 1000.
03-23 09:59:15.398  1709  6442 D RestartModeController: markWaitRestartAppIsSuicided null processName=com.google.android.googlequicksearchbox:search
03-23 09:59:15.399  1709  6442 D ActivityTaskManager: handleAppDied: uid=10219,diedCount=1,lastDiedTime=478838133,forceStopUids=false
03-23 09:59:17.711  1709  3380 D ActivityManager: freezing 6224 com.android.settings, reason = oom_cached
03-23 09:59:17.717  1709  3380 D ActivityManager: freezing 32163 com.google.android.apps.wellbeing, reason = oom_cached
03-23 09:59:17.721  1709  3380 D ActivityManager: freezing 32142 com.motorola.coresettingsext, reason = oom_cached
03-23 09:59:18.288 19584 21003 W Binder  : reply too large data on java level: InterfaceDescriptor = null, code = 1
03-23 09:59:18.716  1288  5923 I keystore2: system/security/keystore2/watchdog/src/lib.rs:377 - Watchdog thread idle -> terminating. Have a great day.
03-23 09:59:18.865  1709  3380 D ActivityManager: freezing 2846 com.facebook.appmanager, reason = oom_cached
03-23 09:59:18.866  1709  3380 D ActivityManager: freezing 5792 com.facebook.katana, reason = oom_cached
03-23 09:59:18.906  1709  1744 I ActivityManager: Start proc 6075:com.spotify.music/u0a470 for aitune
03-23 09:59:18.906  1709  1744 I ActivityManager: ProcessObserver broadcast disabled
03-23 09:59:19.359  6075  6126 I ActivityThread: Removing dead content provider:android.content.ContentProviderProxy@bf72048
03-23 09:59:19.360  1709  5407 I ActivityManager: Process com.facebook.katana (pid 5792) early provider death
03-23 09:59:19.361  1709  5407 I ActivityManager: appDiedLocked: app=ProcessRecord{5e879cf 5792:com.facebook.katana/u0a341} thread=android.os.BinderProxy@7d98c54 fromBinderDied=false isKilledByAm=false reason=unstable content provider
03-23 09:59:19.361  1709  5407 I ActivityManager: Process com.facebook.katana (pid 5792) has died: cch+15 CEM 
03-23 09:59:19.365  1709  5407 D ActivityTaskManager: handleAppDied: uid=10341,diedCount=1,lastDiedTime=478853246,forceStopUids=false
03-23 09:59:19.367  1709  6442 W ActivityManager: ProcessRecord{5e879cf 0:com.facebook.katana/u0a341} is attached to a previous process 5792
03-23 09:59:19.368  1709  3520 D BackgroundInstallControlService: Package event received: 0
03-23 09:59:19.474  1709  3312 I ActivityManager: Flag disabled. Ignoring finishAttachApplication from uid: 10470. pid: 6075
03-23 09:59:19.513  1709  3312 V ActivityManager: Got obituary of 5792:com.facebook.katana
03-23 09:59:19.514  1709  1744 W ActivityManager: Slow operation: 147ms so far, now at startProcess: asking zygote to start proc
03-23 09:59:19.533  1709  1744 W ActivityManager: Slow operation: 165ms so far, now at startProcess: returned from zygote!
03-23 09:59:19.533  1709  1744 W ActivityManager: Slow operation: 165ms so far, now at startProcess: done updating battery stats
03-23 09:59:19.533  1709  1744 W ActivityManager: Slow operation: 166ms so far, now at startProcess: building log message
03-23 09:59:19.533  1709  1744 I ActivityManager: Start proc 6150:com.facebook.katana/u0a341 for content provider {com.facebook.katana/com.facebook.platform.common.provider.PlatformProviderBase}
03-23 09:59:19.533  1709  1744 W ActivityManager: Slow operation: 166ms so far, now at startProcess: starting to update pids map
03-23 09:59:19.533  1709  1744 I ActivityManager: ProcessObserver broadcast disabled
03-23 09:59:19.533  1709  1744 W ActivityManager: Slow operation: 166ms so far, now at startProcess: done updating pids map
03-23 09:59:19.575  1709  3520 D BackgroundInstallControlService: Package event received: 0
03-23 09:59:19.593  1709  1728 I MR2ServiceImpl: registerRouter2 | package: com.spotify.music, uid: 10470, pid: 6075, router id: 338, hasMediaRoutingControl: false
03-23 09:59:19.595  1709  3893 I MR2ServiceImpl: setDiscoveryRequestWithRouter2 | router: com.spotify.music(id: 338), discovery request: RouteDiscoveryRequest{ preferredFeatures={android.media.route.feature.LIVE_VIDEO, android.media.route.feature.LIVE_AUDIO}, activeScan=false }
03-23 09:59:19.597  1709  3512 I MR2ServiceImpl: Updating composite discovery preference | preference: RouteDiscoveryRequest{ preferredFeatures={}, activeScan=false }, active routers: []
03-23 09:59:19.601  1709  3520 D BackgroundInstallControlService: Package event received: 0
03-23 09:59:19.619  1709  1744 I ActivityManager: Start proc 6170:com.google.android.projection.gearhead:provider/u0a156 for content provider {com.google.android.projection.gearhead/com.google.android.apps.auto.components.projectionstate.ProjectionStateProvider}
03-23 09:59:19.620  1709  1744 I ActivityManager: ProcessObserver broadcast disabled
03-23 09:59:19.662  1709  6043 I ActivityManager: Killing 3200:com.google.android.apps.docs/u0a229 (adj 920, setSvc -10000): empty #31
03-23 09:59:19.737  1709  6043 I ActivityManager: Flag disabled. Ignoring finishAttachApplication from uid: 10341. pid: 6150
03-23 09:59:19.776  1709  3893 I ActivityManager: appDiedLocked: app=ProcessRecord{f09741a 3200:com.google.android.apps.docs/u0a229} thread=android.os.BinderProxy@705f326 fromBinderDied=true isKilledByAm=true reason=null
03-23 09:59:19.778  1709  3893 D RestartModeController: markWaitRestartAppIsSuicided null processName=com.google.android.apps.docs
03-23 09:59:19.779  1709  3893 D ActivityTaskManager: handleAppDied: uid=10229,diedCount=1,lastDiedTime=476534225,forceStopUids=false
03-23 09:59:19.803  1709  3893 I ActivityManager: Flag disabled. Ignoring finishAttachApplication from uid: 10156. pid: 6170
03-23 09:59:20.064  1709  3380 D ActivityManager: freezing 5943 android.process.acore, reason = oom_cached
03-23 09:59:20.385  1709  3893 I ActivityManager: Killing 3272:com.google.android.rkpdapp/u0a441 (adj 920, setSvc -10000): empty #31
03-23 09:59:20.429  1709  5347 I ActivityManager: appDiedLocked: app=ProcessRecord{d62e604 3272:com.google.android.rkpdapp/u0a441} thread=android.os.BinderProxy@c3d5507 fromBinderDied=true isKilledByAm=true reason=null
03-23 09:59:20.430  1709  5347 D RestartModeController: markWaitRestartAppIsSuicided null processName=com.google.android.rkpdapp
03-23 09:59:20.431  1709  5347 D ActivityTaskManager: handleAppDied: uid=10441,diedCount=1,lastDiedTime=478523715,forceStopUids=false
03-23 09:59:23.606  1709  1739 D addPss  : tracker=ProcessState{c210077 com.whatsapp/10344 pkg=com.whatsapp}
03-23 09:59:23.611  1709  3361 E JobScheduler.Background: Couldn't determine stopped state for unknown package: com.motorola.leanbacklauncher
03-23 09:59:24.354 19584  2099 W Binder  : reply too large data on java level: InterfaceDescriptor = null, code = 1
03-23 09:59:24.362  1709  3520 D BackgroundInstallControlService: Package event received: 0
03-23 09:59:24.407  1709  3380 D ActivityManager: freezing 25211 com.motorola.personalize, reason = oom_cached
03-23 09:59:25.435  1709  3893 W ActivityManager: pid 6150 com.facebook.katana sent binder code 10 with flags 2 to frozen apps and got error -2147483646
03-23 09:59:25.436  1709  1743 I ActivityManager: Killing 2846:com.facebook.appmanager/u0a255 (adj 915, setSvc -10000): Sync transaction while frozen
03-23 09:59:25.495  1709  3893 I ActivityManager: appDiedLocked: app=ProcessRecord{50e9aaa 2846:com.facebook.appmanager/u0a255} thread=android.os.BinderProxy@5251756 fromBinderDied=true isKilledByAm=true reason=null
03-23 09:59:25.497  1709  3893 D RestartModeController: markWaitRestartAppIsSuicided null processName=com.facebook.appmanager
03-23 09:59:25.498  1709  3893 D ActivityTaskManager: handleAppDied: uid=10255,diedCount=1,lastDiedTime=478523915,forceStopUids=false
03-23 09:59:25.501  6150  6150 I ActivityThread: Removing dead content provider:android.content.ContentProviderProxy@de72e25
03-23 09:59:27.381 19584 18383 W Binder  : reply too large data on java level: InterfaceDescriptor = null, code = 1
03-23 09:59:27.380  1709  3893 D PowerManagerService: nativeAcquireSuspendBlocker name:PowerManagerService.WakeLocks duration ms: 3
03-23 09:59:27.995  1709  3520 D BackgroundInstallControlService: Package event received: 0
03-23 09:59:28.024  1709  3520 D BackgroundInstallControlService: Package event received: 0
03-23 09:59:28.061  1709  3520 D BackgroundInstallControlService: Package event received: 0
03-23 09:59:28.102  1709  3520 D BackgroundInstallControlService: Package event received: 0
03-23 09:59:28.143  1709  3520 D BackgroundInstallControlService: Package event received: 0
03-23 09:59:28.182  1709  3520 D BackgroundInstallControlService: Package event received: 0
03-23 09:59:28.224  1709  3520 D BackgroundInstallControlService: Package event received: 0
03-23 09:59:28.265  1709  3520 D BackgroundInstallControlService: Package event received: 0
03-23 09:59:28.490  1709  3520 D BackgroundInstallControlService: Package event received: 0
03-23 09:59:28.526  1709  3520 D BackgroundInstallControlService: Package event received: 0
03-23 09:59:28.567  1709  3520 D BackgroundInstallControlService: Package event received: 0
03-23 09:59:28.599  1709  3520 D BackgroundInstallControlService: Package event received: 0
03-23 09:59:28.636  1709  3520 D BackgroundInstallControlService: Package event received: 0
03-23 09:59:28.674  1709  3520 D BackgroundInstallControlService: Package event received: 0
03-23 09:59:28.713  1709  3520 D BackgroundInstallControlService: Package event received: 0
03-23 09:59:28.752  1709  3520 D BackgroundInstallControlService: Package event received: 0
03-23 09:59:28.984  1709  3380 D ActivityManager: freezing 6075 com.spotify.music, reason = oom_cached
03-23 09:59:29.559  1709  1764 V DisplayPowerController[0]: Brightness [0.026506964] reason changing to: 'automatic [ dim ]', previous reason: 'automatic'.
03-23 09:59:29.561  1709  1764 I DisplayPowerController[0]: 03-23 09:59:29.559 - BrightnessEvent: brt=0.026506964 (3.0%), nits= 4.289282, lux=38.61, reason=automatic [ dim ], strat=AutomaticBrightnessStrategy, state=ON, stateReason=KEY, policy=DIM, flags=, initBrt=0.33795577, rcmdBrt=0.33795577, preBrt=NaN, preLux=NaN, hdrNits=NaN, initNits=73.32439, preNits=NaN, rcmdNits=73.32439, sdrToHdrRatio=NaN, hdrBrightness=NaN, brt(%)=3%, brtInt=8, hbmPolicy=normal, wasShortTermModelActive=false, autoBrightness=true (default), unclampedBrt=0.33795577, hbmMax=0.86654115, hbmMode=off, thrmMax=1.0, rbcStrength=50, powerFactor=1.0, physDisp=Built-in Screen(local:4630946747577212034), logicalId=0, slowChange=false, rampSpeed=0.70472443
03-23 09:59:29.567  1709  1735 D DisplayModeDirector: Display[0] brightness 0.026506964, ambient lux 36.701744, Vote CombinedVote{ mVotes=[PhysicalVote{ RefreshRateVote{  mMinRefreshRate=120.0, mMaxRefreshRate=120.0 } }, DisableRefreshRateSwitchingVote{ mDisableRefreshRateSwitching=true }] }, insideLowZone true, insideHighZone false
03-23 09:59:29.570  1709  3380 D ActivityManager: freezing 6150 com.facebook.katana, reason = oom_cached
03-23 09:59:29.570  1709  1735 I BrightnessSynchronizer: New Update: {[26705] 0.33795577(f), mUpdatedTypes=0, mConfirmedTypes=0, mTimeUpdated=0, mState=2}
03-23 09:59:29.580  1709  1735 I DisplayDeviceRepository: Display device changed render timings: "Built-in Screen", renderFrameRate=60.000004, presentationDeadlineNanos=16666666, appVsyncOffsetNanos=1000000, frameRateOverrides=[]
03-23 09:59:29.581  1709  1733 D WindowManager: DeferredDisplayUpdater: partially applying DisplayInfo(1220 x 2712) immediately
03-23 09:59:29.663  1709  1735 I DisplayDeviceRepository: Display device changed render timings: "Built-in Screen", renderFrameRate=120.00001, presentationDeadlineNanos=13333332, appVsyncOffsetNanos=1000000, frameRateOverrides=[]
03-23 09:59:29.664  1709  1733 D WindowManager: DeferredDisplayUpdater: partially applying DisplayInfo(1220 x 2712) immediately
03-23 09:59:29.802  1709  1764 V DisplayPowerController[0]: Brightness [0.33795577] reason changing to: 'automatic', previous reason: 'automatic [ dim ]'.
03-23 09:59:29.802  1709  1764 I DisplayPowerController[0]: 03-23 09:59:29.802 - BrightnessEvent: brt=0.33795577 (39.0%), nits= 73.32439, lux=38.61, reason=automatic, strat=AutomaticBrightnessStrategy, state=ON, stateReason=KEY, policy=BRIGHT, flags=, initBrt=0.026506964, rcmdBrt=0.33795577, preBrt=NaN, preLux=NaN, hdrNits=NaN, initNits=4.289282, preNits=NaN, rcmdNits=73.32439, sdrToHdrRatio=NaN, hdrBrightness=NaN, brt(%)=39%, brtInt=87, hbmPolicy=normal, wasShortTermModelActive=false, autoBrightness=true (default), unclampedBrt=0.33795577, hbmMax=0.86654115, hbmMode=off, thrmMax=1.0, rbcStrength=50, powerFactor=1.0, physDisp=Built-in Screen(local:4630946747577212034), logicalId=0, slowChange=false, rampSpeed=0.70472443
03-23 09:59:29.804  1709  1735 D DisplayModeDirector: Display[0] brightness 0.33795577, ambient lux 36.701744, Vote null, insideLowZone false, insideHighZone false
03-23 09:59:29.805  1709  1735 I BrightnessSynchronizer: New Update: {[26706] 0.33795577(f), mUpdatedTypes=0, mConfirmedTypes=0, mTimeUpdated=0, mState=2}
03-23 09:59:29.904  1709  3380 D ActivityManager: freezing 6170 com.google.android.projection.gearhead:provider, reason = oom_cached
03-23 09:59:30.104  1709  5407 D CoreBackPreview: Window{85ab2c9 u0 NotificationShade}: Setting back callback null
03-23 09:59:30.109  1709  1739 D addPss  : tracker=ProcessState{28123ac com.google.android.googlequicksearchbox:googleapp/10219 pkg=com.google.android.googlequicksearchbox}
03-23 09:59:30.147  1709  3893 W PackageConfigPersister: App-specific configuration not found for packageName: com.motorola.launcher3 and userId: 0
03-23 09:59:30.398 19584 19596 W Binder  : reply too large data on java level: InterfaceDescriptor = null, code = 1
03-23 09:59:30.400  1709  3520 D BackgroundInstallControlService: Package event received: 0
03-23 09:59:30.531  1709  1735 I BrightnessSynchronizer: New Update: {[26707] 0.33795577(f), mUpdatedTypes=0, mConfirmedTypes=0, mTimeUpdated=0, mState=2}
03-23 09:59:30.572  3577  3663 D WindowManagerShell: onKeepClearAreasChanged: restricted={Rect(1, 2339 - 1219, 2647)}, unrestricted={}
03-23 09:59:30.579  3577  3663 D WindowManagerShell: setLauncherKeepClearAreaHeight: visible=false, height=240
03-23 09:59:30.580  1709  3520 D BackgroundInstallControlService: Package event received: 0
03-23 09:59:30.581  1709  3520 D BackgroundInstallControlService: Package event received: 0
03-23 09:59:30.581  1709  3520 D BackgroundInstallControlService: Package event received: 0
03-23 09:59:30.672  3577  3663 D WindowManagerShell: onKeepClearAreasChanged: restricted={Rect(18, 2202 - 1202, 2502)}, unrestricted={}
03-23 09:59:30.956  1709  3520 D BackgroundInstallControlService: Package event received: 0
03-23 09:59:30.960  3577  3663 D WindowManagerShell: onKeepClearAreasChanged: restricted={}, unrestricted={}
03-23 09:59:31.452  1709  1739 W ProcessStats: Tracking association SourceState{e66b899 com.android.settings/1000 Service #1246598} whose proc state 8 is better than process ProcessState{c14b88b com.motorola.coresettingsext/10272 pkg=com.motorola.coresettingsext} proc state 15 (0 skipped)
03-23 09:59:31.453  1709  1739 D addPss  : tracker=ProcessState{719081c android.process.acore/10111 pkg=com.android.providers.contacts (sub)}
03-23 09:59:31.454  1709  1739 D addPss  : tracker=ProcessState{e841752 com.motorola.aiservices/10158 pkg=com.motorola.aiservices}
03-23 09:59:31.454  1709  1739 D addPss  : tracker=ProcessState{c460570 com.google.android.apps.turbo/10209 pkg=com.google.android.apps.turbo}
03-23 09:59:31.454  1709  1739 D addPss  : tracker=ProcessState{3681cfb com.indus.appstore/10425 pkg=com.indus.appstore}
03-23 09:59:31.455  1709  1739 D addPss  : tracker=ProcessState{ea3a10f com.dti.motorola/10201 pkg=com.dti.motorola}
03-23 09:59:31.455  1709  1739 D addPss  : tracker=ProcessState{a477fdf com.android.soundpicker/10116 pkg=com.android.soundpicker}
03-23 09:59:31.456  1709  1739 D addPss  : tracker=ProcessState{41b4d9b com.google.android.webview:sandboxed_process0:org.chromium.content.app.SandboxedProcessService0:0/10347 pkg=com.swishme.moto}
03-23 09:59:31.457  1709  1739 D addPss  : tracker=ProcessState{b9db790 com.swishme.moto/10347 pkg=com.swishme.moto}
03-23 09:59:31.457  1709  1739 D addPss  : tracker=ProcessState{f7317fe com.android.vending:background/10218 pkg=com.android.vending}
03-23 09:59:31.457  1709  1739 D addPss  : tracker=ProcessState{50bf017 com.jio.myjio/10079 pkg=com.jio.myjio}
03-23 09:59:31.458  1709  1739 D addPss  : tracker=ProcessState{252dfe6 com.motorola.dolby.dolbyui/10148 pkg=com.motorola.dolby.dolbyui}
03-23 09:59:31.458  1709  1739 D addPss  : tracker=ProcessState{c765ef3 com.motorola.moto/10189 pkg=com.motorola.moto}
03-23 09:59:31.459  1709  1739 D addPss  : tracker=ProcessState{d514a37 com.motorola.motcameradesktop/10279 pkg=com.motorola.motcameradesktop}
03-23 09:59:31.459  1709  1739 D addPss  : tracker=ProcessState{60b04f4 com.motorola.carriersettingsext/10164 pkg=com.motorola.carriersettingsext}
03-23 09:59:31.459  1709  1739 D addPss  : tracker=ProcessState{b3dd74 com.motorola.securityhub/10293 pkg=com.motorola.securityhub}
03-23 09:59:31.460  1709  1739 D addPss  : tracker=ProcessState{de91ac9 com.motorola.motosecurecore/10436 pkg=com.motorola.motosecurecore}
03-23 09:59:31.460  1709  1739 D addPss  : tracker=ProcessState{d2317a6 com.facebook.system/10214 pkg=com.facebook.system}
03-23 09:59:31.460  1709  1739 D addPss  : tracker=ProcessState{3a3ff3 com.motorola.spaces/10204 pkg=com.motorola.spaces}
03-23 09:59:31.461  1709  1739 D addPss  : tracker=ProcessState{93f4e4c com.brave.browser/10411 pkg=com.brave.browser}
03-23 09:59:31.461  1709  1739 D addPss  : tracker=ProcessState{9dbd96c com.google.android.projection.gearhead:shared/10156 pkg=com.google.android.projection.gearhead}
03-23 09:59:31.461  1709  1739 D addPss  : tracker=ProcessState{5a4a7f8 com.android.shell/2000 pkg=com.android.shell}
03-23 09:59:31.462  1709  1739 D addPss  : tracker=ProcessState{d23a66f com.motorola.om/10197 pkg=com.motorola.om}
03-23 09:59:31.462  1709  1739 D addPss  : tracker=ProcessState{ce976bc com.google.android.videos/10245 pkg=com.google.android.videos}
03-23 09:59:33.000  1709  5348 W PackageConfigPersister: App-specific configuration not found for packageName: com.motorola.launcher3 and userId: 0
03-23 09:59:33.435 19584 18383 W Binder  : reply too large data on java level: InterfaceDescriptor = null, code = 1
03-23 09:59:33.890  1709  5348 D PowerManagerService: nativeReleaseSuspendBlocker name:PowerManagerService.WakeLocks duration ms: 0
03-23 09:59:35.381  1709  3893 D ActivityTaskManager: getPreferredLaunchDisplay userset_displayid true user set display id 0, current focus display 0
03-23 09:59:35.381  1709  3893 I SettingsAccessControlPolicy: isDeviceSettingsChangeDisabled: value -> false
03-23 09:59:35.382  1709  3893 D CompatChangeReporter: Compat change id reported: 151861875; UID 10451; state: ENABLED
03-23 09:59:35.388  1709  3893 W OptProp : Cannot read opt property android.window.PROPERTY_COMPAT_ALLOW_RESIZEABLE_ACTIVITY_OVERRIDES
03-23 09:59:35.389  1709  3893 W OptProp : Cannot read opt property android.window.PROPERTY_COMPAT_ALLOW_MIN_ASPECT_RATIO_OVERRIDE
03-23 09:59:35.390  1709  3893 D CompatChangeReporter: Compat change id reported: 306666082; UID 10451; state: ENABLED
03-23 09:59:35.390  1709  3893 D ActivityTaskManager: getPreferredLaunchDisplay userset_displayid true user set display id 0, current focus display 0
03-23 09:59:35.390  1709  3893 D ActivityTaskManager: getPreferredLaunchDisplay userset_displayid true user set display id 0, current focus display 0
03-23 09:59:35.402  1709  3893 D ActivityTaskManager: getPreferredLaunchDisplay userset_displayid true user set display id 0, current focus display 0
03-23 09:59:35.402  1709  3893 D ActivityTaskManager: getPreferredLaunchDisplay userset_displayid true user set display id 0, current focus display 0
03-23 09:59:35.403  1709  3893 D PowerManagerService: nativeSetPowerMode ret:false mode:5 enabled:true duration ms: 0
03-23 09:59:35.404  1709  3893 D ActivityTaskManager: sendShowDecorCaptionWindow Task is not organized Task{4f1da1b #1356 type=undefined}
03-23 09:59:35.404  1709  3893 D ActivityTaskManager: sendShowDecorCaptionWindow Task is not organized Task{4f1da1b #1356 type=undefined}
03-23 09:59:35.410  1709  3893 D ActivityTaskManager: getPreferredLaunchDisplay userset_displayid true user set display id 0, current focus display 0
03-23 09:59:35.410  1709  3893 D ActivityTaskManager: getPreferredLaunchDisplay userset_displayid true user set display id 0, current focus display 0
03-23 09:59:35.411  1709  3893 D ActivityTaskManager: layoutTask::ignore force freeform on game mode because of force-fullscreen flag
03-23 09:59:35.414  1709  3893 W OptProp : Cannot read opt property android.window.PROPERTY_COMPAT_ALLOW_ORIENTATION_OVERRIDE
03-23 09:59:35.428  1709  3893 D PowerManagerService: nativeAcquireSuspendBlocker name:PowerManagerService.WakeLocks duration ms: 2
03-23 09:59:35.430  1709  5407 D CompatChangeReporter: Compat change id reported: 309578419; UID 10451; state: ENABLED
03-23 09:59:35.430  1709  3893 I ActivityTaskManager: START u0 {act=android.intent.action.MAIN cat=[android.intent.category.LAUNCHER] flg=0x10200000 xflg=0x4 cmp=com.nonimusic.app/.MainActivity bnds=[903,513][1196,913]} with LAUNCH_SINGLE_TASK from uid 10285 (startActivityAsUser) (sr=53285182) (BAL_ALLOW_VISIBLE_WINDOW) result code=0
03-23 09:59:35.435  3577  3663 V WindowManagerShell: Transition requested (#11148): android.os.BinderProxy@fcba1de TransitionRequestInfo { type = OPEN, triggerTask = TaskInfo{userId=0 taskId=1356 effectiveUid=10451 displayId=0 isRunning=true baseIntent=Intent { act=android.intent.action.MAIN cat=[android.intent.category.LAUNCHER] flg=0x10200000 cmp=com.nonimusic.app/.MainActivity } baseActivity=ComponentInfo{com.nonimusic.app/com.nonimusic.app.MainActivity} topActivity=ComponentInfo{com.nonimusic.app/com.nonimusic.app.MainActivity} origActivity=null realActivity=ComponentInfo{com.nonimusic.app/com.nonimusic.app.MainActivity} numActivities=1 lastActiveTime=738916750 supportsMultiWindow=true supportsGlobalFreeform=true resizeMode=1 isResizeable=true isAppLocked=false isShowDecorCaptionWindowRequest=false canKillAndRestart=true minWidth=-1 minHeight=-1 defaultMinSize=200 token=WCT{android.window.IWindowContainerToken$Stub$Proxy@4b9bfbf} topActivityType=1 pictureInPictureParams=null shouldDockBigOverlays=false launchIntoPipHostTaskId=-1 lastParentTaskIdBeforePip=-1 displayCutoutSafeInsets=Rect(0, 118 - 0, 0) topActivityInfo=ActivityInfo{83d068c com.nonimusic.app.MainActivity} launchCookies=[android.os.BinderProxy@642a1d5] positionInParent=Point(0, 0) parentTaskId=-1 isFocused=false isVisible=false isVisibleRequested=false isTopActivityNoDisplay=false isSleeping=false locusId=null displayAreaFeatureId=1 isTopActivityTransparent=false isActivityStackTransparent=false lastNonFullscreenBounds=Rect(316, 771 - 905, 1991) capturedLink=null capturedLinkTimestamp=0 requestedVisibleTypes=-9 topActivityRequestOpenInBrowserEducationTimestamp=0 appCompatTaskInfo=AppCompatTaskInfo { topActivityInSizeCompat=false eligibleForLetterboxEducation= false isLetterboxEducationEnabled= false isLetterboxDoubleTapEnabled= false eligibleForUserAspectRatioButton= false topActivityBoundsLetterboxed= false isFromLetterboxDoubleTap= false topActivityLetterboxVerticalPosition= -1 topActivityLetterboxHorizontalPosition= -1 topActivityLetterboxWidth=-1 topActivityLetterboxHeight=-1 topActivityAppBounds=Rect(0, 0 - 1220, 2712) isUserFullscreenOverrideEnabled=false isSystemFullscreenOverrideEnabled=false hasMinAspectRatioOverride=false topActivityLetterboxBounds=null cameraCompatTaskInfo=CameraCompatTaskInfo { freeformCameraCompatMode=inactive}} topActivityMainWindowFrame=null lastDisplayId=0 callingUid=10285}, pipChange = null, remoteTransition = RemoteTransition { remoteTransition = android.window.IRemoteTransition$Stub$Proxy@76bfdea, recentRunner = null, appThread = android.app.IApplicationThread$Stub$Proxy@d5498db, debugName = QuickstepLaunch }, displayChange = null, flags = 0, debugId = 11148 }
03-23 09:59:35.435  3577  3663 D ShellSplitScreen: logExit: no-op, mLoggerSessionId is null
03-23 09:59:35.435  3577  3663 V WindowManagerShell: RemoteTransition directly requested for (#11148) android.os.BinderProxy@fcba1de: RemoteTransition { remoteTransition = android.window.IRemoteTransition$Stub$Proxy@76bfdea, recentRunner = null, appThread = android.app.IApplicationThread$Stub$Proxy@d5498db, debugName = QuickstepLaunch }
03-23 09:59:35.440  3577  3663 V WindowManagerShell: Transition (#11148): request handled by DefaultMixedHandler
03-23 09:59:35.449  1709  3893 I AppsFilter: interaction: PackageSetting{9ca7e2c com.oem.euiccpartnerapp/10225} -> PackageSetting{d44643d com.nonimusic.app/10451} BLOCKED
03-23 09:59:35.455  1709  1744 I ActivityManager: Start proc 6419:com.nonimusic.app/u0a451 for next-top-activity {com.nonimusic.app/com.nonimusic.app.MainActivity}
03-23 09:59:35.455  1709  3520 D BackgroundInstallControlService: Package event received: 0
03-23 09:59:35.459  1709  1744 I ActivityManager: ProcessObserver broadcast disabled
03-23 09:59:35.462  1709  5348 D CoreBackPreview: Window{c84a17e u0 Splash Screen com.nonimusic.app}: Setting back callback OnBackInvokedCallbackInfo{mCallback=android.window.IOnBackInvokedCallback$Stub$Proxy@6b66471, mPriority=0, mIsAnimationCallback=false, mOverrideBehavior=0}
03-23 09:59:35.488  1709  1732 V WindowManager: Sent Transition (#11148) createdAt=03-23 09:59:35.390 via request=TransitionRequestInfo { type = OPEN, triggerTask = TaskInfo{userId=0 taskId=1356 effectiveUid=10451 displayId=0 isRunning=true baseIntent=Intent { act=android.intent.action.MAIN cat=[android.intent.category.LAUNCHER] flg=0x10200000 cmp=com.nonimusic.app/.MainActivity } baseActivity=ComponentInfo{com.nonimusic.app/com.nonimusic.app.MainActivity} topActivity=ComponentInfo{com.nonimusic.app/com.nonimusic.app.MainActivity} origActivity=null realActivity=ComponentInfo{com.nonimusic.app/com.nonimusic.app.MainActivity} numActivities=1 lastActiveTime=738916750 supportsMultiWindow=true supportsGlobalFreeform=true resizeMode=1 isResizeable=true isAppLocked=false isShowDecorCaptionWindowRequest=false canKillAndRestart=true minWidth=-1 minHeight=-1 defaultMinSize=200 token=WCT{RemoteToken{ac30a9 Task{4f1da1b #1356 type=standard A=10451:com.nonimusic.app}}} topActivityType=1 pictureInPictureParams=null shouldDockBigOverlays=false launchIntoPipHostTaskId=-1 lastParentTaskIdBeforePip=-1 displayCutoutSafeInsets=Rect(0, 118 - 0, 0) topActivityInfo=ActivityInfo{bda662e com.nonimusic.app.MainActivity} launchCookies=[android.os.BinderProxy@cb3b5cf] positionInParent=Point(0, 0) parentTaskId=-1 isFocused=false isVisible=false isVisibleRequested=false isTopActivityNoDisplay=false isSleeping=false locusId=null displayAreaFeatureId=1 isTopActivityTransparent=false isActivityStackTransparent=false lastNonFullscreenBounds=Rect(316, 771 - 905, 1991) capturedLink=null capturedLinkTimestamp=0 requestedVisibleTypes=-9 topActivityRequestOpenInBrowserEducationTimestamp=0 appCompatTaskInfo=AppCompatTaskInfo { topActivityInSizeCompat=false eligibleForLetterboxEducation= false isLetterboxEducationEnabled= false isLetterboxDoubleTapEnabled= false eligibleForUserAspectRatioButton= false topActivityBoundsLetterboxed= false isFromLetterboxDoubleTap= false topActivityLetterboxVerticalPosition= -1 topActivityLetterboxHorizontalPosition= -1 topActivityLetterboxWidth=-1 topActivityLetterboxHeight=-1 topActivityAppBounds=Rect(0, 0 - 1220, 2712) isUserFullscreenOverrideEnabled=false isSystemFullscreenOverrideEnabled=false hasMinAspectRatioOverride=false topActivityLetterboxBounds=null cameraCompatTaskInfo=CameraCompatTaskInfo { freeformCameraCompatMode=inactive}} topActivityMainWindowFrame=null lastDisplayId=0 callingUid=10285}, pipChange = null, remoteTransition = RemoteTransition { remoteTransition = android.window.IRemoteTransition$Stub$Proxy@703ab5c, recentRunner = null, appThread = android.app.IApplicationThread$Stub$Proxy@fee2e65, debugName = QuickstepLaunch }, displayChange = null, flags = 0, debugId = 11148 }
03-23 09:59:35.488  1709  1732 V WindowManager:     startWCT=WindowContainerTransaction { changes= {} hops= [] errorCallbackToken=null taskFragmentOrganizer=null }
03-23 09:59:35.488  3577  3597 V WindowManagerShell: onTransitionReady(transaction=7340099897166)
03-23 09:59:35.488  1709  1732 V WindowManager:     info={id=11148 t=OPEN f=0x0 trk=0 r=[0@Point(0, 0)] c=[
03-23 09:59:35.488  1709  1732 V WindowManager:         {WCT{RemoteToken{ac30a9 Task{4f1da1b #1356 type=standard A=10451:com.nonimusic.app}}} m=OPEN f=NONE pTaskId=-1 leash=Surface(name=Task=1356)/@0x75047b8 sb=Rect(0, 0 - 1220, 2712) eb=Rect(0, 0 - 1220, 2712) epz=Point(1220, 2712) d=0 taskParent=-1},
03-23 09:59:35.488  1709  1732 V WindowManager:         {WCT{RemoteToken{72b2a85 Task{6993915 #1 type=undefined}}} m=TO_BACK f=SHOW_WALLPAPER pTaskId=-1 leash=Surface(name=Task=1)/@0x9dfe42a sb=Rect(0, 0 - 1220, 2712) eb=Rect(0, 0 - 1220, 2712) epz=Point(1220, 2712) d=0 taskParent=-1},
03-23 09:59:35.488  1709  1732 V WindowManager:         {m=TO_BACK f=IS_WALLPAPER leash=Surface(name=WallpaperWindowToken{a8583fa showWhenLocked=false})/@0xb1c9852 sb=Rect(0, 0 - 1220, 2712) eb=Rect(0, 0 - 1220, 2712) epz=Point(1220, 2712) d=0}
03-23 09:59:35.488  1709  1732 V WindowManager:     ]}
03-23 09:59:35.488  3577  3663 V WindowManagerShell: onTransitionReady (#11148) android.os.BinderProxy@fcba1de: {id=11148 t=OPEN f=0x0 trk=0 r=[0@Point(0, 0)] c=[
03-23 09:59:35.488  3577  3663 V WindowManagerShell:         {m=OPEN f=NONE pTaskId=-1 leash=Surface(name=Task=1356)/@0x9a836a8 sb=Rect(0, 0 - 1220, 2712) eb=Rect(0, 0 - 1220, 2712) epz=Point(1220, 2712) d=0 taskParent=-1},
03-23 09:59:35.488  3577  3663 V WindowManagerShell:         {m=TO_BACK f=SHOW_WALLPAPER pTaskId=-1 leash=Surface(name=Task=1)/@0xb36a5c1 sb=Rect(0, 0 - 1220, 2712) eb=Rect(0, 0 - 1220, 2712) epz=Point(1220, 2712) d=0 taskParent=-1},
03-23 09:59:35.488  3577  3663 V WindowManagerShell:         {m=TO_BACK f=IS_WALLPAPER leash=Surface(name=WallpaperWindowToken{a8583fa showWhenLocked=false})/@0x10b9166 sb=Rect(0, 0 - 1220, 2712) eb=Rect(0, 0 - 1220, 2712) epz=Point(1220, 2712) d=0}
03-23 09:59:35.488  3577  3663 V WindowManagerShell:     ]}
03-23 09:59:35.489  3577  3663 V WindowManagerShell: Playing animation for (#11148) android.os.BinderProxy@fcba1de@0
03-23 09:59:35.489  3577  3663 V WindowManagerShell:  try firstHandler com.android.wm.shell.transition.DefaultMixedHandler@1dfa9e2
03-23 09:59:35.490  3577  3663 V WindowManagerShell: Mixed transition for opening an intent with a remote transition and PIP or Desktop #11148
03-23 09:59:35.490  3577  3663 V WindowManagerShell: tryAnimateOpenIntentWithRemoteAndPipOrDesktop
03-23 09:59:35.490  3577  3663 V WindowManagerShell:  Delegate animation for (#11148) to RemoteTransition { remoteTransition = android.window.IRemoteTransition$Stub$Proxy@76bfdea, recentRunner = null, appThread = android.app.IApplicationThread$Stub$Proxy@d5498db, debugName = QuickstepLaunch }
03-23 09:59:35.494  3577  3663 V WindowManagerShell:  animated by firstHandler
03-23 09:59:35.567  1709  3520 D BackgroundInstallControlService: Package event received: 0
03-23 09:59:35.576  1709  5347 D CompatChangeReporter: Compat change id reported: 324203798; UID 10451; state: ENABLED
03-23 09:59:35.578  1709  5347 D ActivityTaskManager: sendShowDecorCaptionWindow Task is not organized Task{acf9b6e #6 type=undefined I=com.motorola.launcher3/com.android.launcher3.CustomizationPanelLauncher}
03-23 09:59:35.586  1709  3520 D BackgroundInstallControlService: Package event received: 0
03-23 09:59:35.587  1709  3520 D BackgroundInstallControlService: Package event received: 0
03-23 09:59:35.611  1709  1743 D ActivityManager: unfreezing ProcessRecord{1b72cf8 4382:com.motorola.dolby.dolbyui/u0a148}, reason = unfreezeTemporarily, adj = 965, adjType = cch-empty, adjSource = null
03-23 09:59:35.612  1709  1743 D ActivityManager: sync unfroze 4382 com.motorola.dolby.dolbyui for 3
03-23 09:59:35.648  1709  3360 D IntervalStats: Unable to parse usage stats packages: [1113, 1114, 1117, 1118]
03-23 09:59:35.651  1709  3520 D BackgroundInstallControlService: Package event received: 0
03-23 09:59:35.770  1709  5407 I ActivityManager: Flag disabled. Ignoring finishAttachApplication from uid: 10451. pid: 6419
03-23 09:59:35.775  6419  6443 I DisplayManager: Choreographer implicitly registered for the refresh rate.
03-23 09:59:35.888  6419  6419 V ResourcesManager: The following library key has been added:com.google.android.webview, ResourcesKey{ mHash=6ade6ded mResDir=null mSplitDirs=[] mOverlayDirs=[] mLibDirs=[/data/app/~~p24yoTZPg1M8PQ_XnIWE_w==/com.google.android.webview-G67-1CmGEqIaJ_wA4Ie7aw==/base.apk,/system/framework/android.test.base.jar,/system_ext/framework/androidx.window.extensions.jar] mDisplayId=0 mOverrideConfig=v36 mCompatInfo={450dpi always-compat} mLoaders=[]}
03-23 09:59:35.937  3577  3663 V WindowManagerShell: Transition animation finished (aborted=false), notifying core (#11148) android.os.BinderProxy@fcba1de@0
03-23 09:59:35.939  1709  1732 V WindowManager: Finish Transition (#11148): created at 03-23 09:59:35.390 collect-started=0.119ms request-sent=39.323ms started=51.055ms ready=92.643ms sent=96.225ms commit=16.618ms finished=548.647ms
03-23 09:59:35.942  3577  3663 V WindowManagerShell: Track 0 became idle
03-23 09:59:35.942  3577  3663 V WindowManagerShell: All active transition animations finished
03-23 09:59:35.981  1709  1739 W MotoBatteryCareService: uid: 10451 pkgName:com.nonimusic.app come to foreground
03-23 09:59:35.997  1709  1744 I ActivityManager: Start proc 6454:com.google.android.webview:sandboxed_process0:org.chromium.content.app.SandboxedProcessService0:0/u0i527 for  {com.nonimusic.app/org.chromium.content.app.SandboxedProcessService0:0}
03-23 09:59:35.997  1709  1744 I ActivityManager: ProcessObserver broadcast disabled
03-23 09:59:36.036  1709  3520 D BackgroundInstallControlService: Package event received: 0
03-23 09:59:36.050  1709  5407 I ActivityManager: Flag disabled. Ignoring finishAttachApplication from uid: 99527. pid: 6454
03-23 09:59:36.081  1709  5414 I AppsFilter: interaction: PackageSetting{d44643d com.nonimusic.app/10451} -> PackageSetting{cec4b74 com.snapchat.android/10078} BLOCKED
03-23 09:59:36.153  1709  5414 D ActivityTaskManager: getPreferredLaunchDisplay userset_displayid false user set display id 0, current focus display 0
03-23 09:59:36.154  1709  5414 I SettingsAccessControlPolicy: isDeviceSettingsChangeDisabled: value -> false
03-23 09:59:36.156  1709  5414 D ActivityTaskManager: getPreferredLaunchDisplay userset_displayid false user set display id 0, current focus display 0
03-23 09:59:36.156  1709  5414 D ActivityTaskManager: getPreferredLaunchDisplay userset_displayid false user set display id 0, current focus display 0
03-23 09:59:36.156  1709  5414 D ActivityTaskManager: getPreferredLaunchDisplay userset_displayid false user set display id 0, current focus display 0
03-23 09:59:36.156  1709  5414 D ActivityTaskManager: getPreferredLaunchDisplay userset_displayid false user set display id 0, current focus display 0
03-23 09:59:36.157  1709  5414 D ActivityTaskManager: getPreferredLaunchDisplay userset_displayid false user set display id 0, current focus display 0
03-23 09:59:36.157  1709  5414 D ActivityTaskManager: getPreferredLaunchDisplay userset_displayid false user set display id 0, current focus display 0
03-23 09:59:36.159  1709  5414 W OptProp : Cannot read opt property android.window.PROPERTY_COMPAT_ALLOW_MIN_ASPECT_RATIO_OVERRIDE
03-23 09:59:36.159  1709  5414 W OptProp : Cannot read opt property android.window.PROPERTY_COMPAT_ALLOW_ORIENTATION_OVERRIDE
03-23 09:59:36.160  1709  5414 W OptProp : Cannot read opt property android.window.PROPERTY_COMPAT_ALLOW_RESIZEABLE_ACTIVITY_OVERRIDES
03-23 09:59:36.167  1709  5414 I ActivityTaskManager: START u0 {act=android.content.pm.action.REQUEST_PERMISSIONS xflg=0x4 pkg=com.google.android.permissioncontroller cmp=com.google.android.permissioncontroller/com.android.permissioncontroller.permission.ui.GrantPermissionsActivity (has extras)} with LAUNCH_MULTIPLE from uid 10451 (startActivityAsUser) (rr=143208725) (BAL_ALLOW_VISIBLE_WINDOW) result code=0
03-23 09:59:36.167  3577  3663 V WindowManagerShell: Transition requested (#11149): android.os.BinderProxy@251673e TransitionRequestInfo { type = OPEN, triggerTask = TaskInfo{userId=0 taskId=1356 effectiveUid=10451 displayId=0 isRunning=true baseIntent=Intent { act=android.intent.action.MAIN cat=[android.intent.category.LAUNCHER] flg=0x10200000 cmp=com.nonimusic.app/.MainActivity } baseActivity=ComponentInfo{com.nonimusic.app/com.nonimusic.app.MainActivity} topActivity=ComponentInfo{com.google.android.permissioncontroller/com.android.permissioncontroller.permission.ui.GrantPermissionsActivity} origActivity=null realActivity=ComponentInfo{com.nonimusic.app/com.nonimusic.app.MainActivity} numActivities=2 lastActiveTime=738917487 supportsMultiWindow=true supportsGlobalFreeform=true resizeMode=1 isResizeable=true isAppLocked=false isShowDecorCaptionWindowRequest=false canKillAndRestart=true minWidth=-1 minHeight=-1 defaultMinSize=200 token=WCT{android.window.IWindowContainerToken$Stub$Proxy@212099f} topActivityType=1 pictureInPictureParams=null shouldDockBigOverlays=false launchIntoPipHostTaskId=-1 lastParentTaskIdBeforePip=-1 displayCutoutSafeInsets=Rect(0, 0 - 0, 0) topActivityInfo=ActivityInfo{96baec com.android.permissioncontroller.permission.ui.GrantPermissionsActivity} launchCookies=[android.os.BinderProxy@642a1d5] positionInParent=Point(0, 0) parentTaskId=-1 isFocused=true isVisible=true isVisibleRequested=true isTopActivityNoDisplay=false isSleeping=false locusId=null displayAreaFeatureId=1 isTopActivityTransparent=true isActivityStackTransparent=false lastNonFullscreenBounds=Rect(316, 771 - 905, 1991) capturedLink=null capturedLinkTimestamp=0 requestedVisibleTypes=-9 topActivityRequestOpenInBrowserEducationTimestamp=0 appCompatTaskInfo=AppCompatTaskInfo { topActivityInSizeCompat=false eligibleForLetterboxEducation= false isLetterboxEducationEnabled= false isLetterboxDoubleTapEnabled= false eligibleForUserAspectRatioButton= false topActivityBoundsLetterboxed= false isFromLetterboxDoubleTap= false topActivityLetterboxVerticalPosition= -1 topActivityLetterboxHorizontalPosition= -1 topActivityLetterboxWidth=-1 topActivityLetterboxHeight=-1 topActivityAppBounds=Rect(0, 0 - 1220, 2712) isUserFullscreenOverrideEnabled=false isSystemFullscreenOverrideEnabled=false hasMinAspectRatioOverride=false topActivityLetterboxBounds=null cameraCompatTaskInfo=CameraCompatTaskInfo { freeformCameraCompatMode=inactive}} topActivityMainWindowFrame=null lastDisplayId=0 callingUid=10285}, pipChange = null, remoteTransition = null, displayChange = null, flags = 0, debugId = 11149 }
03-23 09:59:36.168  3577  3663 D ShellSplitScreen: logExit: no-op, mLoggerSessionId is null
03-23 09:59:36.171  1709  5347 D CompatChangeReporter: Compat change id reported: 311208749; UID 10451; state: ENABLED
03-23 09:59:36.172  1709  5347 I ActivityManager: Background started FGS: Allowed [callingPackage: com.nonimusic.app; callingUid: 10451; uidState: TOP ; uidBFSL: [BFSL]; intent: Intent { xflg=0x4 cmp=com.nonimusic.app/.BackgroundAudioService }; code:PROC_STATE_TOP; tempAllowListReason:<null>; allowWiu:12; targetSdkVersion:35; callerTargetSdkVersion:35; startForegroundCount:0; bindFromPackage:null: isBindService:false]
03-23 09:59:36.173  1709  5347 D CompatChangeReporter: Compat change id reported: 311208629; UID 10451; state: ENABLED
03-23 09:59:36.250  1709  5347 D CoreBackPreview: Window{43b9527 u0 com.nonimusic.app/com.nonimusic.app.MainActivity}: Setting back callback OnBackInvokedCallbackInfo{mCallback=android.window.IOnBackInvokedCallback$Stub$Proxy@534896c, mPriority=0, mIsAnimationCallback=false, mOverrideBehavior=0}
03-23 09:59:36.332  1709  3520 D BackgroundInstallControlService: Package event received: 0
03-23 09:59:36.341  1709  5414 D ActivityManager: quick sync unfreeze 12902 for 1
03-23 09:59:36.343  1709  1735 D ActivityManager: unfreezing ProcessRecord{2997f96 12902:com.google.android.permissioncontroller/u0a325}, reason = oom_uncached, adj = 0, adjType = top-activity, adjSource = null
03-23 09:59:36.343  1709  1735 D ActivityManager: sync unfroze 12902 com.google.android.permissioncontroller for 1
03-23 09:59:36.358  1709  3520 D BackgroundInstallControlService: Package event received: 0
03-23 09:59:36.361  1709  3520 D BackgroundInstallControlService: Package event received: 0
03-23 09:59:36.361  1709  3520 D BackgroundInstallControlService: Package event received: 0
03-23 09:59:36.362 12902  6513 I DisplayManager: Choreographer implicitly registered for the refresh rate.
03-23 09:59:36.365  1709  5348 I MediaSessionStack: addSession to bottom of stack | record: com.nonimusic.app/NoniMusicSession/293 (userId=0)
03-23 09:59:36.370  1709  5347 I MediaSessionStack: onPlaybackStateChanged - Pushing session to top | record: com.nonimusic.app/NoniMusicSession/293 (userId=0)
03-23 09:59:36.374  1709  3520 D BackgroundInstallControlService: Package event received: 0
03-23 09:59:36.380  1709  5347 D CompatChangeReporter: Compat change id reported: 296558535; UID 10451; state: ENABLED
03-23 09:59:36.381  1709  5347 D CompatChangeReporter: Compat change id reported: 317799821; UID 10451; state: ENABLED
03-23 09:59:36.381  1709  5347 D CompatChangeReporter: Compat change id reported: 313677553; UID 10451; state: ENABLED
03-23 09:59:36.383  1709  3520 D BackgroundInstallControlService: Package event received: 0
03-23 09:59:36.386  1709  1743 D CompatChangeReporter: Compat change id reported: 264179692; UID 10451; state: ENABLED
03-23 09:59:36.397  1709  3520 D BackgroundInstallControlService: Package event received: 0
03-23 09:59:36.446  1709  3520 D BackgroundInstallControlService: Package event received: 0
03-23 09:59:36.466  1709  6435 D CoreBackPreview: Window{c84a17e u0 Splash Screen com.nonimusic.app EXITING}: Setting back callback null
03-23 09:59:36.605  1709  1709 W NotificationHistory: Attempted to add notif for locked/gone/disabled user 0
03-23 09:59:36.632  1709  3520 D BackgroundInstallControlService: Package event received: 0
03-23 09:59:36.660  1709  5348 D CoreBackPreview: Window{cea7a9 u0 com.google.android.permissioncontroller/com.android.permissioncontroller.permission.ui.GrantPermissionsActivity}: Setting back callback OnBackInvokedCallbackInfo{mCallback=android.window.IOnBackInvokedCallback$Stub$Proxy@259123a, mPriority=-1, mIsAnimationCallback=false, mOverrideBehavior=0}
03-23 09:59:36.683  3577  5435 V WindowManagerShell: onTransitionReady(transaction=7340099897223)
03-23 09:59:36.683  3577  3663 V WindowManagerShell: onTransitionReady (#11149) android.os.BinderProxy@251673e: {id=11149 t=OPEN f=0x0 trk=0 r=[0@Point(0, 0)] c=[
03-23 09:59:36.683  3577  3663 V WindowManagerShell:         {m=OPEN f=TRANSLUCENT|FILLS_TASK leash=Surface(name=ActivityRecord{196309098 u0 com.google.android.permissioncontroller/com.android.permissioncontroller.permission.ui.GrantPermissionsActivity)/@0xca83ad9 sb=Rect(0, 0 - 0, 0) eb=Rect(0, 0 - 1220, 2712) epz=Point(1220, 2712) d=-1->0 r=-1->0:-1 bc=ffffffff component=com.google.android.permissioncontroller/com.android.permissioncontroller.permission.ui.GrantPermissionsActivity opt={t=FROM_STYLE mUserId=0}}
03-23 09:59:36.683  3577  3663 V WindowManagerShell:     ]}
03-23 09:59:36.683  1709  6435 D PowerManagerService: nativeSetPowerMode ret:false mode:5 enabled:false duration ms: 0
03-23 09:59:36.683  3577  3663 V WindowManagerShell: Playing animation for (#11149) android.os.BinderProxy@251673e@0
03-23 09:59:36.683  3577  3663 V ShellRecents: RecentsTransitionHandler.startAnimation: no controller found
03-23 09:59:36.683  3577  3663 V WindowManagerShell: Transition doesn't have explicit remote, search filters for match for {id=11149 t=OPEN f=0x0 trk=0 r=[0@Point(0, 0)] c=[{m=OPEN f=TRANSLUCENT|FILLS_TASK leash=Surface(name=ActivityRecord{196309098 u0 com.google.android.permissioncontroller/com.android.permissioncontroller.permission.ui.GrantPermissionsActivity)/@0xca83ad9 sb=Rect(0, 0 - 0, 0) eb=Rect(0, 0 - 1220, 2712) epz=Point(1220, 2712) d=-1->0 r=-1->0:-1 bc=ffffffff component=com.google.android.permissioncontroller/com.android.permissioncontroller.permission.ui.GrantPermissionsActivity opt={t=FROM_STYLE mUserId=0}}]}
03-23 09:59:36.683  3577  3663 V WindowManagerShell:  Checking filter Pair{{types=[] flags=0x0] notFlags=0x100 checks=[{atype=home independent=true modes=[OPEN,TO_FRONT] flags=NONE mustBeTask=false order=TOP topActivity=ComponentInfo{com.motorola.launcher3/com.android.launcher3.uioverrides.QuickstepLauncher} launchCookie=null windowingMode=undefined},{atype=standard independent=true modes=[CLOSE,TO_BACK] flags=NONE mustBeTask=false order=ANY topActivity=null launchCookie=null windowingMode=undefined}]} RemoteTransition { remoteTransition = android.window.IRemoteTransition$Stub$Proxy@5157309, recentRunner = null, appThread = android.app.IApplicationThread$Stub$Proxy@524e90e, debugName = QuickstepLaunchHome }}
03-23 09:59:36.683  3577  3663 V WindowManagerShell:  Delegate animation for (#11149) to null
03-23 09:59:36.683  3577  3663 V WindowManagerShell: start default transition animation, info = {id=11149 t=OPEN f=0x0 trk=0 r=[0@Point(0, 0)] c=[{m=OPEN f=TRANSLUCENT|FILLS_TASK leash=Surface(name=ActivityRecord{196309098 u0 com.google.android.permissioncontroller/com.android.permissioncontroller.permission.ui.GrantPermissionsActivity)/@0xca83ad9 sb=Rect(0, 0 - 0, 0) eb=Rect(0, 0 - 1220, 2712) epz=Point(1220, 2712) d=-1->0 r=-1->0:-1 bc=ffffffff component=com.google.android.permissioncontroller/com.android.permissioncontroller.permission.ui.GrantPermissionsActivity opt={t=FROM_STYLE mUserId=0}}]}
03-23 09:59:36.683  3577  3663 V WindowManagerShell: loadAnimation: anim=null animAttr=0x4 type=OPEN isEntrance=true
03-23 09:59:36.683  1709  1739 W MotoBatteryCareService: uid: 10325 pkgName:com.google.android.permissioncontroller come to foreground
03-23 09:59:36.685  3577  3663 V WindowManagerShell: Transition animation finished (aborted=false), notifying core (#11149) android.os.BinderProxy@251673e@0
03-23 09:59:36.688  3577  3663 V WindowManagerShell: Track 0 became idle
03-23 09:59:36.688  3577  3663 V WindowManagerShell: All active transition animations finished
03-23 09:59:36.688  3577  3663 V WindowManagerShell:  animated by com.android.wm.shell.transition.DefaultTransitionHandler@cc7a9f6
03-23 09:59:36.688  3577  3663 V WindowManagerShell: Track 0 became idle
