03-23 10:31:23.389  1709  3412 I PowerManagerService: Waking up from Dozing (uid=1000, reason=WAKE_REASON_POWER_BUTTON, details=android.policy:POWER:)...
03-23 10:31:23.389  1709  1709 I WindowManager: Started waking up... (groupId=0 why=ON_BECAUSE_OF_USER) pmWakeReason=WAKE_REASON_POWER_BUTTON
03-23 10:31:23.392  1709  3412 D PowerManagerService: nativeAcquireSuspendBlocker name:PowerManagerService.Broadcasts duration ms: 2
03-23 10:31:23.392  1709  3412 I CarConnectionMonitor: handleDozeMode false
03-23 10:31:23.394  1709  1764 I WindowManager: Display 0 turning on...
03-23 10:31:23.397  1709  1764 D WindowManager: Remove SleepToken: tag=Display-off, displayId=0
03-23 10:31:23.397  1709  3412 D PowerManagerService: nativeSetAutoSuspend enable:false duration ms: 5
03-23 10:31:23.398  1709  6469 D CoreBackPreview: Window{85ab2c9 u0 NotificationShade}: Setting back callback OnBackInvokedCallbackInfo{mCallback=android.window.IOnBackInvokedCallback$Stub$Proxy@3734476, mPriority=0, mIsAnimationCallback=false, mOverrideBehavior=0}
03-23 10:31:23.399  1709  3412 D PowerManagerService: nativeAcquireSuspendBlocker name:PowerManagerService.Display duration ms: 2
03-23 10:31:23.400  1709  3412 D PowerManagerService: nativeSetPowerMode ret:true mode:7 enabled:true duration ms: 1
03-23 10:31:23.401  1709  1735 D PanelsService: onAwakeStateChanged.. isAwake=true
03-23 10:31:23.401  1709  1735 D TouchHwAidlService: onAwakeStateChanged.. isAwake=true
03-23 10:31:23.401  1709  1735 D TouchHwAidlService: enableDozeSleepIfNeeded mAodEnable=true mIsAwake=true -> enable=false
03-23 10:31:23.401  1709  1735 D TouchHwAidlService: Unregister stow sensor
03-23 10:31:23.401  1709  3520 D BackgroundInstallControlService: Package event received: 0
03-23 10:31:23.401  1709  1732 D TouchHwAidlService: enablePocketModeIfNeeded.. mSensorPocketMode=false mIsAwake=true mIsKeyguardShowing=false mPocketModeKeyguardOnlySupported=false isDeviceStateClosed=false --> listen=true enable=false callers=com.motorola.server.display.TouchHwAidlService.$r8$lambda$59q7rSMkifO6SUqkeIUSWTnRV3A:0 com.motorola.server.display.TouchHwAidlService$$ExternalSyntheticLambda2.run:0 android.os.Handler.handleCallback:1037 
03-23 10:31:23.403  1709  1732 D TouchHwAidlService: setPocketModeHal done mode=16 result=0
03-23 10:31:23.406  1709  1764 I DisplayPowerController: Window Manager Policy screenTurningOn complete
03-23 10:31:23.407  1709  5347 D WindowManager: mKeyguardDelegate.ShowListener.onDrawn.
03-23 10:31:23.407  1709  1733 W WindowManager: Setting mKeyguardDrawComplete
03-23 10:31:23.407  1709  3512 I MR2ServiceImpl: Updating composite discovery preference | preference: RouteDiscoveryRequest{ preferredFeatures={}, activeScan=false }, active routers: []
03-23 10:31:23.412  1709  1735 I DisplayDeviceRepository: Display device changed render timings: "Built-in Screen", renderFrameRate=120.00001, presentationDeadlineNanos=13333332, appVsyncOffsetNanos=1000000, frameRateOverrides=[]
03-23 10:31:23.412  1709  1733 D WindowManager: DeferredDisplayUpdater: partially applying DisplayInfo(1220 x 2712) immediately
03-23 10:31:23.418  3577  3577 D InsetsController: Setting requestedVisibleTypes to -9 (was -11)
03-23 10:31:23.420  1709  3893 D WindowManager: Remove SleepToken: tag=keyguard, displayId=0
03-23 10:31:23.421  1709  3893 D ActivityTaskManager: Top Process State changed to PROCESS_STATE_TOP
03-23 10:31:23.421  3577  3663 V WindowManagerShell: Transition requested (#11199): android.os.BinderProxy@3a60756 TransitionRequestInfo { type = WAKE, triggerTask = null, pipChange = null, remoteTransition = null, displayChange = null, flags = 0, debugId = 11199 }
03-23 10:31:23.430  1709  3520 D BackgroundInstallControlService: Package event received: 0
03-23 10:31:23.430  1709  1739 W MotoBatteryCareService: uid: 10451 pkgName:com.nonimusic.app come to foreground
03-23 10:31:23.433  1709  3520 D BackgroundInstallControlService: Package event received: 0
03-23 10:31:23.434  1709  3520 D BackgroundInstallControlService: Package event received: 0
03-23 10:31:23.434  1709  1732 D TouchHwAidlService: enableDozeSleepModeHal done mode=0 result=0
03-23 10:31:23.434  1709  1732 D TouchHwAidlService: enableGestureStowMode stowed: false
03-23 10:31:23.434  1709  1732 D TouchHwAidlService: setStowGestureMode stowed=false ret=0
03-23 10:31:23.434  1709  1735 I DisplayDeviceRepository: Display device changed render timings: "Built-in Screen", renderFrameRate=120.00001, presentationDeadlineNanos=13333332, appVsyncOffsetNanos=1000000, frameRateOverrides=[{uid=10451 frameRateHz=60.0}]
03-23 10:31:23.437  1709  3520 D BackgroundInstallControlService: Package event received: 0
03-23 10:31:23.437  3577  3663 D ShellSplitScreen: onStartedWakingUp
03-23 10:31:23.439  1709  1764 I DisplayBrightnessStrategySelector: Changing the DisplayBrightnessStrategy from ScreenOffBrightnessStrategy to FallbackBrightnessStrategy for display 0
03-23 10:31:23.441  1709  1764 V DisplayPowerController[0]: Brightness [0.20726849] reason changing to: 'manual', previous reason: 'screen_off'.
03-23 10:31:23.442  1709  1764 I DisplayPowerController[0]: 03-23 10:31:23.442 - BrightnessEvent: brt=0.20726849 (24.0%), nits= 30.038595, lux=-1.0, reason=manual, strat=FallbackBrightnessStrategy, state=ON, stateReason=KEY, policy=BRIGHT, flags=, initBrt=0.0, rcmdBrt=NaN, preBrt=NaN, preLux=0.0, hdrNits=NaN, initNits=3.1465538, preNits=NaN, rcmdNits=NaN, sdrToHdrRatio=NaN, hdrBrightness=NaN, brt(%)=24%, brtInt=54, hbmPolicy=normal, wasShortTermModelActive=false, autoBrightness=true (default), unclampedBrt=0.20726849, hbmMax=0.86654115, hbmMode=off, thrmMax=1.0, rbcStrength=50, powerFactor=1.0, physDisp=Built-in Screen(local:4630946747577212034), logicalId=0, slowChange=false, rampSpeed=0.0
03-23 10:31:23.444  1709  1735 I BrightnessSynchronizer: New Update: {[26796] 0.20726849(f), mUpdatedTypes=0, mConfirmedTypes=0, mTimeUpdated=0, mState=2}
03-23 10:31:23.445  1709  3546 D PowerManagerService: nativeSetPowerMode ret:false mode:9 enabled:false duration ms: 0
03-23 10:31:23.446  1709  3546 D TouchHwAidlService: setDisplayState: mScreenOff=false
03-23 10:31:23.446  1709  3546 D LocalDisplayAdapter: setDisplayPowerMode mode=2 for display=android.os.BinderProxy@1487b07
03-23 10:31:23.447  1709  1735 I DisplayDeviceRepository: Display device changed state: "Built-in Screen", ON
03-23 10:31:23.447  1709  1764 D BrightnessThermalClamper: Thermal status observer already started
03-23 10:31:23.460  1709  5251 I DisplayDevice: [0] Layerstack set to 0 for local:4630946747577212034 mDisplayToken=android.os.BinderProxy@1487b07 t=Transaction{mNativeObject=-5476376652270691056, mHashCode=0}
03-23 10:31:23.460  1709  3512 I MR2ServiceImpl: Updating composite discovery preference | preference: RouteDiscoveryRequest{ preferredFeatures={}, activeScan=false }, active routers: []
03-23 10:31:23.469  1709  1732 D TouchHwAidlService: updateDefaultDisplayState: mScreenOn=true
03-23 10:31:23.469  1709  1733 D WindowManager: DeferredDisplayUpdater: partially applying DisplayInfo(1220 x 2712) immediately
03-23 10:31:23.469  1709  1732 D TouchHwAidlService: enablePocketModeIfNeeded.. mSensorPocketMode=false mIsAwake=true mIsKeyguardShowing=false mPocketModeKeyguardOnlySupported=false isDeviceStateClosed=false --> listen=true enable=false callers=com.motorola.server.display.TouchHwAidlService.$r8$lambda$59q7rSMkifO6SUqkeIUSWTnRV3A:0 com.motorola.server.display.TouchHwAidlService$$ExternalSyntheticLambda2.run:0 android.os.Handler.handleCallback:1037 
03-23 10:31:23.471  1709  1732 D TouchHwAidlService: setPocketModeHal done mode=16 result=0
03-23 10:31:23.473  1709  1735 D PanelsService: updateDefaultDisplayState: mScreenState=ON
03-23 10:31:23.498  1709  1732 V WindowManager: Sent Transition (#11199) createdAt=03-23 10:31:23.421 via request=TransitionRequestInfo { type = WAKE, triggerTask = null, pipChange = null, remoteTransition = null, displayChange = null, flags = 0, debugId = 11199 }
03-23 10:31:23.498  1709  1732 V WindowManager:     startWCT=WindowContainerTransaction { changes= {} hops= [] errorCallbackToken=null taskFragmentOrganizer=null }
03-23 10:31:23.498  1709  1732 V WindowManager:     info={id=11199 t=WAKE f=0x0 trk=0 r=[0@Point(0, 0)] c=[
03-23 10:31:23.498  1709  1732 V WindowManager:         {WCT{RemoteToken{d993b7 Task{def21fd #1363 type=standard A=10451:com.nonimusic.app}}} m=TO_FRONT f=NONE p=WCT{RemoteToken{c33d0da DefaultTaskDisplayArea@70755165(displayId=0)}} pTaskId=-1 leash=Surface(name=Task=1363)/@0x51d83e sb=Rect(0, 0 - 1220, 2712) eb=Rect(0, 0 - 1220, 2712) epz=Point(1220, 2712) d=0 taskParent=-1},
03-23 10:31:23.498  1709  1732 V WindowManager:         {WCT{RemoteToken{c33d0da DefaultTaskDisplayArea@70755165(displayId=0)}} m=TO_FRONT f=FLAG_IS_TASK_DISPLAY_AREA leash=Surface(name=DefaultTaskDisplayArea)/@0x4ec2e27 sb=Rect(0, 0 - 1220, 2712) eb=Rect(0, 0 - 1220, 2712) epz=Point(1220, 2712) d=0}
03-23 10:31:23.498  1709  1732 V WindowManager:     ]}
03-23 10:31:23.498  3577  9146 V WindowManagerShell: onTransitionReady(transaction=7340099900582)
03-23 10:31:23.498  3577  3663 V WindowManagerShell: onTransitionReady (#11199) android.os.BinderProxy@3a60756: {id=11199 t=WAKE f=0x0 trk=0 r=[0@Point(0, 0)] c=[
03-23 10:31:23.498  3577  3663 V WindowManagerShell:         {m=TO_FRONT f=NONE p=WCT{android.window.IWindowContainerToken$Stub$Proxy@8f59341} pTaskId=-1 leash=Surface(name=Task=1363)/@0x2b4dd1a sb=Rect(0, 0 - 1220, 2712) eb=Rect(0, 0 - 1220, 2712) epz=Point(1220, 2712) d=0 taskParent=-1},
03-23 10:31:23.498  3577  3663 V WindowManagerShell:         {m=TO_FRONT f=FLAG_IS_TASK_DISPLAY_AREA leash=Surface(name=DefaultTaskDisplayArea)/@0xe7c404b sb=Rect(0, 0 - 1220, 2712) eb=Rect(0, 0 - 1220, 2712) epz=Point(1220, 2712) d=0}
03-23 10:31:23.498  3577  3663 V WindowManagerShell:     ]}
03-23 10:31:23.499  3577  3663 V WindowManagerShell: Playing animation for (#11199) android.os.BinderProxy@3a60756@0
03-23 10:31:23.499  3577  3663 V ShellRecents: RecentsTransitionHandler.startAnimation: no controller found
03-23 10:31:23.499  3577  3663 V WindowManagerShell: Transition doesn't have explicit remote, search filters for match for {id=11199 t=WAKE f=0x0 trk=0 r=[0@Point(0, 0)] c=[{m=TO_FRONT f=NONE p=WCT{android.window.IWindowContainerToken$Stub$Proxy@8f59341} pTaskId=-1 leash=Surface(name=Task=1363)/@0x2b4dd1a sb=Rect(0, 0 - 1220, 2712) eb=Rect(0, 0 - 1220, 2712) epz=Point(1220, 2712) d=0 taskParent=-1},{m=TO_FRONT f=FLAG_IS_TASK_DISPLAY_AREA leash=Surface(name=DefaultTaskDisplayArea)/@0xe7c404b sb=Rect(0, 0 - 1220, 2712) eb=Rect(0, 0 - 1220, 2712) epz=Point(1220, 2712) d=0}]}
03-23 10:31:23.499  3577  3663 V WindowManagerShell:  Checking filter Pair{{types=[] flags=0x0] notFlags=0x100 checks=[{atype=home independent=true modes=[OPEN,TO_FRONT] flags=NONE mustBeTask=false order=TOP topActivity=ComponentInfo{com.motorola.launcher3/com.android.launcher3.uioverrides.QuickstepLauncher} launchCookie=null windowingMode=undefined},{atype=standard independent=true modes=[CLOSE,TO_BACK] flags=NONE mustBeTask=false order=ANY topActivity=null launchCookie=null windowingMode=undefined}]} RemoteTransition { remoteTransition = android.window.IRemoteTransition$Stub$Proxy@5157309, recentRunner = null, appThread = android.app.IApplicationThread$Stub$Proxy@524e90e, debugName = QuickstepLaunchHome }}
03-23 10:31:23.500  3577  3663 V WindowManagerShell:  Delegate animation for (#11199) to null
03-23 10:31:23.500  3577  3663 V WindowManagerShell: start default transition animation, info = {id=11199 t=WAKE f=0x0 trk=0 r=[0@Point(0, 0)] c=[{m=TO_FRONT f=NONE p=WCT{android.window.IWindowContainerToken$Stub$Proxy@8f59341} pTaskId=-1 leash=Surface(name=Task=1363)/@0x2b4dd1a sb=Rect(0, 0 - 1220, 2712) eb=Rect(0, 0 - 1220, 2712) epz=Point(1220, 2712) d=0 taskParent=-1},{m=TO_FRONT f=FLAG_IS_TASK_DISPLAY_AREA leash=Surface(name=DefaultTaskDisplayArea)/@0xe7c404b sb=Rect(0, 0 - 1220, 2712) eb=Rect(0, 0 - 1220, 2712) epz=Point(1220, 2712) d=0}]}
03-23 10:31:23.501  3577  3663 V WindowManagerShell: Transition animation finished (aborted=false), notifying core (#11199) android.os.BinderProxy@3a60756@0
03-23 10:31:23.507  1709  5347 E AppOps  : attributionTag  not declared in manifest of com.nonimusic.app
03-23 10:31:23.508  1709  3648 E AppOps  : attributionTag  not declared in manifest of com.nonimusic.app
03-23 10:31:23.517  1709  1732 V WindowManager: Finish Transition (#11199): created at 03-23 10:31:23.421 collect-started=0.021ms request-sent=0.036ms started=7.562ms ready=7.542ms sent=75.614ms finished=96.13ms
03-23 10:31:23.518  3577  3663 V WindowManagerShell: Track 0 became idle
03-23 10:31:23.518  3577  3663 V WindowManagerShell: All active transition animations finished
03-23 10:31:23.518  3577  3663 V WindowManagerShell:  animated by com.android.wm.shell.transition.DefaultTransitionHandler@cc7a9f6
03-23 10:31:23.518  3577  3663 V WindowManagerShell: Track 0 became idle
03-23 10:31:23.518  3577  3663 V WindowManagerShell: All active transition animations finished
03-23 10:31:23.531  1709  1739 W MotoBatteryCareService: uid: 10451 pkgName:com.nonimusic.app come to foreground
03-23 10:31:23.544  1709  3906 V AudioVolumeChangeHandler: onAudioVolumeGroupChanged volumeEvent=AudioVolumeGroupChangeEvent{groupId: 6, volumeIndex: 0, muted: false, flags: 0}
03-23 10:31:23.545  1709  5376 V AudioVolumeChangeHandler: onAudioVolumeGroupChanged volumeEvent=AudioVolumeGroupChangeEvent{groupId: 6, volumeIndex: 0, muted: false, flags: 0}
03-23 10:31:23.545  1709  5376 V AudioVolumeChangeHandler: onAudioVolumeGroupChanged volumeEvent=AudioVolumeGroupChangeEvent{groupId: 6, volumeIndex: 0, muted: false, flags: 0}
03-23 10:31:23.545  1709  5376 V AudioVolumeChangeHandler: onAudioVolumeGroupChanged volumeEvent=AudioVolumeGroupChangeEvent{groupId: 6, volumeIndex: 0, muted: false, flags: 0}
03-23 10:31:23.545  1709  5376 V AudioVolumeChangeHandler: onAudioVolumeGroupChanged volumeEvent=AudioVolumeGroupChangeEvent{groupId: 6, volumeIndex: 0, muted: false, flags: 0}
03-23 10:31:23.545  1709  5376 V AudioVolumeChangeHandler: onAudioVolumeGroupChanged volumeEvent=AudioVolumeGroupChangeEvent{groupId: 6, volumeIndex: 0, muted: false, flags: 0}
03-23 10:31:23.545  1709  5376 V AudioVolumeChangeHandler: onAudioVolumeGroupChanged volumeEvent=AudioVolumeGroupChangeEvent{groupId: 6, volumeIndex: 0, muted: false, flags: 0}
03-23 10:31:23.545  1709  5376 V AudioVolumeChangeHandler: onAudioVolumeGroupChanged volumeEvent=AudioVolumeGroupChangeEvent{groupId: 6, volumeIndex: 0, muted: false, flags: 0}
03-23 10:31:23.546  1709  3648 V AudioVolumeChangeHandler: onAudioVolumeGroupChanged volumeEvent=AudioVolumeGroupChangeEvent{groupId: 6, volumeIndex: 0, muted: false, flags: 0}
03-23 10:31:23.546  1709  3648 V AudioVolumeChangeHandler: onAudioVolumeGroupChanged volumeEvent=AudioVolumeGroupChangeEvent{groupId: 12, volumeIndex: 0, muted: false, flags: 0}
03-23 10:31:23.546  1709  3648 V AudioVolumeChangeHandler: onAudioVolumeGroupChanged volumeEvent=AudioVolumeGroupChangeEvent{groupId: 12, volumeIndex: 0, muted: false, flags: 0}
03-23 10:31:23.546  1709  3648 V AudioVolumeChangeHandler: onAudioVolumeGroupChanged volumeEvent=AudioVolumeGroupChangeEvent{groupId: 12, volumeIndex: 0, muted: false, flags: 0}
03-23 10:31:23.546  1709  3648 V AudioVolumeChangeHandler: onAudioVolumeGroupChanged volumeEvent=AudioVolumeGroupChangeEvent{groupId: 12, volumeIndex: 0, muted: false, flags: 0}
03-23 10:31:23.564  1709  5347 D CoreBackPreview: Window{85ab2c9 u0 NotificationShade}: Setting back callback null
03-23 10:31:23.567  1709  3648 V AudioVolumeChangeHandler: onAudioVolumeGroupChanged volumeEvent=AudioVolumeGroupChangeEvent{groupId: 12, volumeIndex: 0, muted: false, flags: 0}
03-23 10:31:23.567  1709  1727 V AudioVolumeChangeHandler: onAudioVolumeGroupChanged volumeEvent=AudioVolumeGroupChangeEvent{groupId: 12, volumeIndex: 0, muted: false, flags: 0}
03-23 10:31:23.567  1709  5347 V AudioVolumeChangeHandler: onAudioVolumeGroupChanged volumeEvent=AudioVolumeGroupChangeEvent{groupId: 12, volumeIndex: 0, muted: false, flags: 0}
03-23 10:31:23.567  1709  1727 V AudioVolumeChangeHandler: onAudioVolumeGroupChanged volumeEvent=AudioVolumeGroupChangeEvent{groupId: 12, volumeIndex: 0, muted: false, flags: 0}
03-23 10:31:23.568  1709  1727 V AudioVolumeChangeHandler: onAudioVolumeGroupChanged volumeEvent=AudioVolumeGroupChangeEvent{groupId: 12, volumeIndex: 0, muted: false, flags: 0}
03-23 10:31:23.568  1709  1727 V AudioVolumeChangeHandler: onAudioVolumeGroupChanged volumeEvent=AudioVolumeGroupChangeEvent{groupId: 1, volumeIndex: 0, muted: false, flags: 0}
03-23 10:31:23.568  1709  1727 V AudioVolumeChangeHandler: onAudioVolumeGroupChanged volumeEvent=AudioVolumeGroupChangeEvent{groupId: 1, volumeIndex: 0, muted: false, flags: 0}
03-23 10:31:23.568  1709  1727 V AudioVolumeChangeHandler: onAudioVolumeGroupChanged volumeEvent=AudioVolumeGroupChangeEvent{groupId: 1, volumeIndex: 0, muted: false, flags: 0}
03-23 10:31:23.568  1709  1727 V AudioVolumeChangeHandler: onAudioVolumeGroupChanged volumeEvent=AudioVolumeGroupChangeEvent{groupId: 1, volumeIndex: 0, muted: false, flags: 0}
03-23 10:31:23.568  1709  1727 V AudioVolumeChangeHandler: onAudioVolumeGroupChanged volumeEvent=AudioVolumeGroupChangeEvent{groupId: 1, volumeIndex: 0, muted: false, flags: 0}
03-23 10:31:23.568  1709  5347 V AudioVolumeChangeHandler: onAudioVolumeGroupChanged volumeEvent=AudioVolumeGroupChangeEvent{groupId: 1, volumeIndex: 0, muted: false, flags: 0}
03-23 10:31:23.569  1709  5347 V AudioVolumeChangeHandler: onAudioVolumeGroupChanged volumeEvent=AudioVolumeGroupChangeEvent{groupId: 1, volumeIndex: 0, muted: false, flags: 0}
03-23 10:31:23.569  1709  5347 V AudioVolumeChangeHandler: onAudioVolumeGroupChanged volumeEvent=AudioVolumeGroupChangeEvent{groupId: 1, volumeIndex: 0, muted: false, flags: 0}
03-23 10:31:23.569  1709  5347 V AudioVolumeChangeHandler: onAudioVolumeGroupChanged volumeEvent=AudioVolumeGroupChangeEvent{groupId: 1, volumeIndex: 0, muted: false, flags: 0}
03-23 10:31:23.569  1709  5347 V AudioVolumeChangeHandler: onAudioVolumeGroupChanged volumeEvent=AudioVolumeGroupChangeEvent{groupId: 14, volumeIndex: 0, muted: false, flags: 0}
03-23 10:31:23.569  1709  5347 V AudioVolumeChangeHandler: onAudioVolumeGroupChanged volumeEvent=AudioVolumeGroupChangeEvent{groupId: 14, volumeIndex: 0, muted: false, flags: 0}
03-23 10:31:23.612  1709  1727 V AudioVolumeChangeHandler: onAudioVolumeGroupChanged volumeEvent=AudioVolumeGroupChangeEvent{groupId: 14, volumeIndex: 0, muted: false, flags: 0}
03-23 10:31:23.612  1709  3893 V AudioVolumeChangeHandler: onAudioVolumeGroupChanged volumeEvent=AudioVolumeGroupChangeEvent{groupId: 14, volumeIndex: 0, muted: false, flags: 0}
03-23 10:31:23.612  1709  3893 V AudioVolumeChangeHandler: onAudioVolumeGroupChanged volumeEvent=AudioVolumeGroupChangeEvent{groupId: 14, volumeIndex: 0, muted: false, flags: 0}
03-23 10:31:23.612  1709  3893 V AudioVolumeChangeHandler: onAudioVolumeGroupChanged volumeEvent=AudioVolumeGroupChangeEvent{groupId: 14, volumeIndex: 0, muted: false, flags: 0}
03-23 10:31:23.612  1709  5407 V AudioVolumeChangeHandler: onAudioVolumeGroupChanged volumeEvent=AudioVolumeGroupChangeEvent{groupId: 14, volumeIndex: 0, muted: false, flags: 0}
03-23 10:31:23.613  1709  5407 V AudioVolumeChangeHandler: onAudioVolumeGroupChanged volumeEvent=AudioVolumeGroupChangeEvent{groupId: 14, volumeIndex: 0, muted: false, flags: 0}
03-23 10:31:23.613  1709  3313 V AudioVolumeChangeHandler: onAudioVolumeGroupChanged volumeEvent=AudioVolumeGroupChangeEvent{groupId: 14, volumeIndex: 0, muted: false, flags: 0}
03-23 10:31:23.620  1709  1764 I DisplayBrightnessStrategySelector: Changing the DisplayBrightnessStrategy from FallbackBrightnessStrategy to AutomaticBrightnessStrategy for display 0
03-23 10:31:23.623  1709  1764 V DisplayPowerController[0]: Brightness [0.20726849] reason changing to: 'automatic', previous reason: 'manual'.
03-23 10:31:23.623  1709  1764 I DisplayPowerController[0]: 03-23 10:31:23.623 - BrightnessEvent: brt=0.20726849 (24.0%), nits= 30.038595, lux=6.7500005, reason=automatic, strat=AutomaticBrightnessStrategy, state=ON, stateReason=KEY, policy=BRIGHT, flags=, initBrt=0.20726849, rcmdBrt=0.20726849, preBrt=NaN, preLux=NaN, hdrNits=NaN, initNits=30.038595, preNits=NaN, rcmdNits=30.038595, sdrToHdrRatio=NaN, hdrBrightness=NaN, brt(%)=24%, brtInt=54, hbmPolicy=normal, wasShortTermModelActive=false, autoBrightness=true (default), unclampedBrt=0.20726849, hbmMax=0.86654115, hbmMode=off, thrmMax=1.0, rbcStrength=50, powerFactor=1.0, physDisp=Built-in Screen(local:4630946747577212034), logicalId=0, slowChange=false, rampSpeed=0.0
03-23 10:31:23.625  1709  1733 W WindowManager: All windows drawn on display -1
03-23 10:31:23.635  1709  1733 D WindowManager: finishScreenTurningOn..
03-23 10:31:23.635  1709  1733 D WindowManager: enableScreen mKeyguardDrawnOnce=true awake=true mBootMessageNeedsHiding=false
03-23 10:31:23.637  1709  1735 I BrightnessSynchronizer: New Update: {[26797] 0.20726849(f), mUpdatedTypes=0, mConfirmedTypes=0, mTimeUpdated=0, mState=2}
03-23 10:31:23.637  1709  1743 D ActivityManager: unfreezing ProcessRecord{f18b075 16084:com.motorola.dolby.dolbyui/u0a148}, reason = unfreezeTemporarily, adj = 920, adjType = cch-empty, adjSource = null
03-23 10:31:23.638  1709  1743 D ActivityManager: sync unfroze 16084 com.motorola.dolby.dolbyui for 3
03-23 10:31:23.640  1709  1764 I WindowManager: Display 0 turned on...
03-23 10:31:23.642  1709  1764 W PowerManagerService: Screen on took 259 ms
03-23 10:31:23.642  1709  1709 I WindowManager: Finished waking up... (groupId=0 why=ON_BECAUSE_OF_USER) pmWakeReason=WAKE_REASON_POWER_BUTTON
03-23 10:31:23.643  1709  1764 I PowerManagerService: handleSandman stop dream, groupId=0
03-23 10:31:23.643  1709  1764 I DreamManagerService: Gently waking up from dream.
03-23 10:31:23.643  1709  1764 I DreamManagerService: stopDreamLocked. callers=com.android.server.dreams.DreamManagerService.stopDreamInternal:638 com.android.server.dreams.DreamManagerService.-$$Nest$mstopDreamInternal:0 com.android.server.dreams.DreamManagerService$LocalService.stopDream:1455 com.android.server.power.PowerManagerService.handleSandman:4505 com.android.server.power.PowerManagerService.-$$Nest$mhandleSandman:0 
03-23 10:31:23.664  1709  3313 W PackageConfigPersister: App-specific configuration not found for packageName: com.nonimusic.app and userId: 0
03-23 10:31:23.713  3577  3577 V DreamService[DozeService]: wakeUp(): fromSystem=true, mWaking=false, mFinished=false callers=android.service.dreams.DreamService.-$$Nest$mwakeUp:0 android.service.dreams.DreamService$DreamServiceWrapper.lambda$wakeUp$2:2055 android.service.dreams.DreamService$DreamServiceWrapper$$ExternalSyntheticLambda4.accept:0 android.service.dreams.DreamService$DreamServiceWrapper.lambda$post$0:2023 android.service.dreams.DreamService$DreamServiceWrapper$$ExternalSyntheticLambda3.run:0 
03-23 10:31:23.713  3577  3577 V DreamService[DozeService]: finish(): mFinished=false activity=null callers=android.service.dreams.DreamService.$r8$lambda$YqWkX-fytSRhL11dzq_Gpezekeg:0 android.service.dreams.DreamService$$ExternalSyntheticLambda1.run:0 android.service.dreams.DreamService$WakefulHandlerImpl.postIfNeeded:392 android.service.dreams.DreamService.postIfNeeded:1004 android.service.dreams.DreamService.finish:1432 
03-23 10:31:23.714  1709  6469 I DreamManagerService: startDozing by com.android.systemui callingUid=10312 callingPid=0
03-23 10:31:23.714  1709  6469 D DreamManagerService: Dream finished: android.os.Binder@631a9ab, immediate=true
03-23 10:31:23.714  1709  6469 I DreamManagerService: Leaving dreamland.
03-23 10:31:23.714  1709  6469 I DreamManagerService: stopDreamLocked. callers=com.android.server.dreams.DreamManagerService.finishSelfInternal:610 com.android.server.dreams.DreamManagerService.-$$Nest$mfinishSelfInternal:0 com.android.server.dreams.DreamManagerService$BinderService.finishSelfOneway:1249 android.service.dreams.IDreamManager$Stub.onTransact:456 android.os.Binder.execTransactInternal:1452 
03-23 10:31:23.715  1709  1732 I DreamController: Stopping dream: name=ComponentInfo{com.android.systemui/com.android.systemui.doze.DozeService}, isPreviewMode=false, canDoze=true, userId=0, reason='finished self'(from 'power manager request')
03-23 10:31:23.727  3577  3577 V DreamService[DozeService]: detach(): Calling onDreamingStopped()
03-23 10:31:23.727  3577  3577 V DreamService[DozeService]: onDreamingStopped()
03-23 10:31:23.732  3577  3577 V DreamService[DozeService]: finish(): mFinished=true activity=null callers=android.service.dreams.DreamService.$r8$lambda$YqWkX-fytSRhL11dzq_Gpezekeg:0 android.service.dreams.DreamService$$ExternalSyntheticLambda1.run:0 android.service.dreams.DreamService$WakefulHandlerImpl.postIfNeeded:392 android.service.dreams.DreamService.postIfNeeded:1004 android.service.dreams.DreamService.finish:1432 
03-23 10:31:23.733  3577  3577 V DreamService[DozeService]: detach(): mActivity=null mActivity.isFinishing()=false callers=android.service.dreams.DreamService.-$$Nest$mdetach:0 android.service.dreams.DreamService$DreamServiceWrapper.$r8$lambda$K8ZJKdMDnolGoGrQgEsLeavi5Zg:0 android.service.dreams.DreamService$DreamServiceWrapper$$ExternalSyntheticLambda1.accept:0 android.service.dreams.DreamService$DreamServiceWrapper.lambda$post$0:2023 android.service.dreams.DreamService$DreamServiceWrapper$$ExternalSyntheticLambda3.run:0 
03-23 10:31:23.733  3577  3577 V DreamService[DozeService]: finish(): mFinished=true activity=null callers=android.service.dreams.DreamService.detach:1710 android.service.dreams.DreamService.-$$Nest$mdetach:0 android.service.dreams.DreamService$DreamServiceWrapper.$r8$lambda$K8ZJKdMDnolGoGrQgEsLeavi5Zg:0 android.service.dreams.DreamService$DreamServiceWrapper$$ExternalSyntheticLambda1.accept:0 android.service.dreams.DreamService$DreamServiceWrapper.lambda$post$0:2023 
03-23 10:31:23.734  3577  3577 V DreamService[DozeService]: onDestroy() callers=com.android.systemui.doze.DozeService.onDestroy:8 android.app.ActivityThread.handleStopService:5658 android.app.ActivityThread.-$$Nest$mhandleStopService:0 android.app.ActivityThread$H.handleMessage:2804 android.os.Handler.dispatchMessage:115 
03-23 10:31:23.734  3577  3577 V DreamService[DozeService]: detach(): mActivity=null mActivity.isFinishing()=false callers=android.service.dreams.DreamService.onDestroy:1592 com.android.systemui.doze.DozeService.onDestroy:8 android.app.ActivityThread.handleStopService:5658 android.app.ActivityThread.-$$Nest$mhandleStopService:0 android.app.ActivityThread$H.handleMessage:2804 
03-23 10:31:23.734  3577  3577 V DreamService[DozeService]: finish(): mFinished=true activity=null callers=android.service.dreams.DreamService.detach:1710 android.service.dreams.DreamService.onDestroy:1592 com.android.systemui.doze.DozeService.onDestroy:8 android.app.ActivityThread.handleStopService:5658 android.app.ActivityThread.-$$Nest$mhandleStopService:0 
03-23 10:31:23.769  1709  3489 W JobServiceContext: Sending onNetworkChanged for a job that isn't started. JobStatus{b4d7f33 androidx.work.systemjobscheduler:u0a344/121999 @androidx.work.systemjobscheduler@com.whatsapp/androidx.work.impl.background.systemjob.SystemJobService u=0 s=10344 NET READY}
03-23 10:31:23.822  1709  1732 D PowerManagerService: nativeReleaseSuspendBlocker name:PowerManagerService.Broadcasts duration ms: 0
03-23 10:31:23.836  1709  3520 D BackgroundInstallControlService: Package event received: 0
03-23 10:31:23.836  1709  3520 D BackgroundInstallControlService: Package event received: 0
03-23 10:31:23.869 19584 30562 W Binder  : reply too large data on java level: InterfaceDescriptor = null, code = 1
03-23 10:31:23.881  1570  1594 E NetlinkEvent: NetlinkEvent::FindParam(): Parameter 'INTERFACE' not found
03-23 10:31:23.881  1570  1594 E NetlinkEvent: NetlinkEvent::FindParam(): Parameter 'STATE' not found
03-23 10:31:23.881  1570  1594 E NetlinkEvent: NetlinkEvent::FindParam(): Parameter 'TIME_NS' not found
03-23 10:31:23.881  1570  1594 E NetlinkEvent: NetlinkEvent::FindParam(): Parameter 'UID' not found
03-23 10:31:23.898  1709  1733 D WindowManager: powerPress: eventTime=480825174 interactive=true isDefaultDisplayAwake=true isCliDisplayOn=false count=1 mShortPressOnPowerBehavior=1
03-23 10:31:23.898  1709  1733 V WindowManager: Ignoring short press of power button because the device is not interactive. interactive=true, beganFromNonInteractive=true
03-23 10:31:24.094  1709  1727 D FaceProvider/default: Starting watchdog for face
03-23 10:31:24.094  1709  1727 E BiometricScheduler: Current operation is null,no need to start watchdog
03-23 10:31:24.966  1709  1735 I DisplayDeviceRepository: Display device changed render timings: "Built-in Screen", renderFrameRate=60.000004, presentationDeadlineNanos=13333332, appVsyncOffsetNanos=1000000, frameRateOverrides=[{uid=10451 frameRateHz=60.0}]
03-23 10:31:24.967  1709  1733 D WindowManager: DeferredDisplayUpdater: partially applying DisplayInfo(1220 x 2712) immediately
03-23 10:31:25.130  1709  1735 I DisplayDeviceRepository: Display device changed render timings: "Built-in Screen", renderFrameRate=120.00001, presentationDeadlineNanos=13333332, appVsyncOffsetNanos=1000000, frameRateOverrides=[{uid=10451 frameRateHz=60.0}]
03-23 10:31:25.131  1709  1733 D WindowManager: DeferredDisplayUpdater: partially applying DisplayInfo(1220 x 2712) immediately
03-23 10:31:25.796  1709  3380 D ActivityManager: freezing 17277 com.google.android.rkpdapp, reason = oom_cached
03-23 10:31:26.132  1709  1739 W NotificationHistory: Attempted to remove conversation for locked/gone/disabled user 0
03-23 10:31:26.138  1709  5415 E ShortcutService: Invalid icon type in shortcut 59790759821424@lid. Bitmaps are not allowed in long-lived shortcuts. Use Resource icons, or Uri-based icons instead.
03-23 10:31:26.389  1288 17276 I keystore2: system/security/keystore2/watchdog/src/lib.rs:377 - Watchdog thread idle -> terminating. Have a great day.
03-23 10:31:26.781  1709  1735 I DisplayDeviceRepository: Display device changed render timings: "Built-in Screen", renderFrameRate=120.00001, presentationDeadlineNanos=13333332, appVsyncOffsetNanos=1000000, frameRateOverrides=[]
03-23 10:31:26.786  3577  3663 V ShellRecents: RecentsTransitionHandler.startRecentsTransition
03-23 10:31:26.786  3577  3663 V WindowManagerShell: Directly starting a new transition type=TO_FRONT wct=WindowContainerTransaction { changes= {} hops= [{pendingIntent: options=Bundle[{android.activity.splashScreenStyle=-1, android.activity.sourceInfo=Supplier{VAL_PARCELABLE@148+104}, android:activity.animAbortListener=null, android.activity.transientLaunch=true}]}] errorCallbackToken=null taskFragmentOrganizer=null } handler=com.android.wm.shell.recents.RecentsTransitionHandler@15a3a69
03-23 10:31:26.787  1709  5415 D PowerManagerService: nativeSetPowerMode ret:false mode:5 enabled:true duration ms: 0
03-23 10:31:26.792  3577  3663 V ShellRecents: [195285307] RecentsController.setTransition: id=android.os.BinderProxy@2cd5bca
03-23 10:31:26.808  1709  3520 D BackgroundInstallControlService: Package event received: 0
03-23 10:31:26.808  1709  3520 D BackgroundInstallControlService: Package event received: 0
03-23 10:31:26.808  1709  3520 D BackgroundInstallControlService: Package event received: 0
03-23 10:31:26.826  1709  1739 W MotoBatteryCareService: uid: 10285 pkgName:com.motorola.launcher3 come to foreground
03-23 10:31:26.841  1709  1732 V WindowManager: Sent Transition (#11200) createdAt=03-23 10:31:26.787
03-23 10:31:26.841  1709  1732 V WindowManager:     startWCT=WindowContainerTransaction { changes= {} hops= [{pendingIntent: options=Bundle[{android.activity.splashScreenStyle=-1, android.activity.sourceInfo=android.app.ActivityOptions$SourceInfo@f36cb1e, android:activity.animAbortListener=null, android.activity.transientLaunch=true}]}] errorCallbackToken=null taskFragmentOrganizer=null }
03-23 10:31:26.841  1709  1732 V WindowManager:     info={id=11200 t=TO_FRONT f=0x80 trk=0 r=[0@Point(0, 0)] c=[
03-23 10:31:26.841  1709  1732 V WindowManager:         {WCT{RemoteToken{72b2a85 Task{6993915 #1 type=undefined}}} m=TO_FRONT f=SHOW_WALLPAPER|MOVE_TO_TOP pTaskId=-1 leash=Surface(name=Task=1)/@0x9dfe42a sb=Rect(0, 0 - 1220, 2712) eb=Rect(0, 0 - 1220, 2712) epz=Point(1220, 2712) d=0 taskParent=-1},
03-23 10:31:26.841  1709  1732 V WindowManager:         {WCT{RemoteToken{d993b7 Task{def21fd #1363 type=standard A=10451:com.nonimusic.app}}} m=TO_BACK f=NONE pTaskId=-1 leash=Surface(name=Task=1363)/@0x51d83e sb=Rect(0, 0 - 1220, 2712) eb=Rect(0, 0 - 1220, 2712) epz=Point(1220, 2712) d=0 taskParent=-1},
03-23 10:31:26.841  1709  1732 V WindowManager:         {m=TO_FRONT f=IS_WALLPAPER leash=Surface(name=WallpaperWindowToken{a8583fa showWhenLocked=false})/@0xb1c9852 sb=Rect(0, 0 - 1220, 2712) eb=Rect(0, 0 - 1220, 2712) epz=Point(1220, 2712) d=0}
03-23 10:31:26.841  1709  1732 V WindowManager:     ]}
03-23 10:31:26.842  3577  5430 V WindowManagerShell: onTransitionReady(transaction=7340099900617)
03-23 10:31:26.842  3577  3663 V WindowManagerShell: onTransitionReady (#11200) android.os.BinderProxy@2cd5bca: {id=11200 t=TO_FRONT f=0x80 trk=0 r=[0@Point(0, 0)] c=[
03-23 10:31:26.842  3577  3663 V WindowManagerShell:         {m=TO_FRONT f=SHOW_WALLPAPER|MOVE_TO_TOP pTaskId=-1 leash=Surface(name=Task=1)/@0x2744617 sb=Rect(0, 0 - 1220, 2712) eb=Rect(0, 0 - 1220, 2712) epz=Point(1220, 2712) d=0 taskParent=-1},
03-23 10:31:26.842  3577  3663 V WindowManagerShell:         {m=TO_BACK f=NONE pTaskId=-1 leash=Surface(name=Task=1363)/@0x5a70a04 sb=Rect(0, 0 - 1220, 2712) eb=Rect(0, 0 - 1220, 2712) epz=Point(1220, 2712) d=0 taskParent=-1},
03-23 10:31:26.842  3577  3663 V WindowManagerShell:         {m=TO_FRONT f=IS_WALLPAPER leash=Surface(name=WallpaperWindowToken{a8583fa showWhenLocked=false})/@0x44abed sb=Rect(0, 0 - 1220, 2712) eb=Rect(0, 0 - 1220, 2712) epz=Point(1220, 2712) d=0}
03-23 10:31:26.842  3577  3663 V WindowManagerShell:     ]}
03-23 10:31:26.843  3577  3663 V WindowManagerShell: Playing animation for (#11200) android.os.BinderProxy@2cd5bca@0
03-23 10:31:26.843  3577  3663 V WindowManagerShell:  try firstHandler com.android.wm.shell.recents.RecentsTransitionHandler@15a3a69
03-23 10:31:26.843  3577  3663 V ShellRecents: [195285307] RecentsController.start
03-23 10:31:26.845  3577  3663 V ShellRecents:   not handling home taskId=1
03-23 10:31:26.847  3577  3663 V ShellRecents:   adding pausing leaf taskId=1363 at layer=8
03-23 10:31:26.847 19584 19593 W Binder  : reply too large data on java level: InterfaceDescriptor = null, code = 1
03-23 10:31:26.848  3577  3663 V ShellRecents: Applying transaction=7340099900617
03-23 10:31:26.850  3577  3663 V ShellRecents: No matching remote found to takeover (#11200)
03-23 10:31:26.851  3577  3663 V ShellSplitScreen: getSplitBoundsForTaskId: expected split bounds for taskId=1363 but not found
03-23 10:31:26.851  3577  3663 V ShellRecents: [195285307] RecentsController.start: calling onAnimationStart with 2 apps
03-23 10:31:26.853  3577  3663 V WindowManagerShell:  animated by firstHandler
03-23 10:31:26.863  3577  5430 V ShellRecents: [195285307] RecentsController.detachNavigationBarFromApp
03-23 10:31:26.868  1709  3431 E HandwritingModeController: Cannot get requestId: Handwriting was not initialized.
03-23 10:31:26.870  3577  3663 V ShellRecents: [195285307] RecentsController.setInputConsumerEnabled: set focus to recents
03-23 10:31:27.119  1709  3380 D ActivityManager: freezing 25211 com.motorola.personalize, reason = oom_cached
03-23 10:31:27.446  1709  3520 D BackgroundInstallControlService: Package event received: 0
03-23 10:31:27.458  3577  3663 D WindowManagerShell: setLauncherKeepClearAreaHeight: visible=true, height=240
03-23 10:31:27.458  3577 18949 V ShellRecents: [195285307] RecentsController.detachNavigationBarFromApp
03-23 10:31:27.458  1709  3520 D BackgroundInstallControlService: Package event received: 0
03-23 10:31:27.459  1709  3520 D BackgroundInstallControlService: Package event received: 0
03-23 10:31:27.465  1709  1739 W MotoBatteryCareService: uid: 10285 pkgName:com.motorola.launcher3 come to foreground
03-23 10:31:27.854  1709  3380 D ActivityManager: freezing 17279 com.motorola.dynamicvolume, reason = oom_cached
03-23 10:31:27.895  3577  3663 V ShellRecents: [195285307] RecentsController.finishInner: toHome=true userLeave=false willFinishToHome=true state=0 hasPausingTasks=true reason=requested
03-23 10:31:27.895  3577  3663 V ShellRecents:   normal finish
03-23 10:31:27.895  3577  3663 V ShellRecents: [195285307] RecentsController.finishInner: Completing finish
03-23 10:31:27.895  3577  3663 V ShellRecents: [195285307] RecentsController.cleanup
03-23 10:31:27.896  3577  3663 V WindowManagerShell: Transition animation finished (aborted=false), notifying core (#11200) android.os.BinderProxy@2cd5bca@0
03-23 10:31:27.900  1709  6469 E TransitionChain: Can't collect into a chain with no transition
03-23 10:31:27.901  1709  1732 V WindowManager: Finish Transition (#11200): created at 03-23 10:31:26.787 collect-started=0.1ms started=0.115ms ready=3.943ms sent=52.749ms commit=15.769ms finished=1113.621ms
03-23 10:31:27.907  1709  6469 D PowerManagerService: nativeSetPowerMode ret:false mode:5 enabled:false duration ms: 0
03-23 10:31:27.908  3577  3663 V WindowManagerShell: Track 0 became idle
03-23 10:31:27.909  3577  3663 V WindowManagerShell: All active transition animations finished
03-23 10:31:27.909  3577  3663 V ShellRecents: [195285307] RecentsController.finishInner: calling finish callback
03-23 10:31:27.916  1709  1735 V WindowManager: Unknown focus tokens, dropping reportFocusChanged
03-23 10:31:27.922  1709  3520 D BackgroundInstallControlService: Package event received: 0
03-23 10:31:27.954  1709  5415 W PackageConfigPersister: App-specific configuration not found for packageName: com.motorola.launcher3 and userId: 0
03-23 10:31:27.956  1709  3520 D BackgroundInstallControlService: Package event received: 0
03-23 10:31:27.964  1709  5415 E AppOps  : attributionTag  not declared in manifest of com.nonimusic.app
03-23 10:31:27.964  1709  5415 E AppOps  : attributionTag  not declared in manifest of com.nonimusic.app
03-23 10:31:27.965  1709  6469 E AppOps  : attributionTag  not declared in manifest of com.nonimusic.app
03-23 10:31:27.965  1709  6469 E AppOps  : attributionTag  not declared in manifest of com.nonimusic.app
03-23 10:31:27.989  1709  5376 V AudioVolumeChangeHandler: onAudioVolumeGroupChanged volumeEvent=AudioVolumeGroupChangeEvent{groupId: 6, volumeIndex: 0, muted: false, flags: 0}
03-23 10:31:27.989  1709  3906 V AudioVolumeChangeHandler: onAudioVolumeGroupChanged volumeEvent=AudioVolumeGroupChangeEvent{groupId: 6, volumeIndex: 0, muted: false, flags: 0}
03-23 10:31:27.990  1709  5376 V AudioVolumeChangeHandler: onAudioVolumeGroupChanged volumeEvent=AudioVolumeGroupChangeEvent{groupId: 6, volumeIndex: 0, muted: false, flags: 0}
03-23 10:31:27.990  1709  3906 V AudioVolumeChangeHandler: onAudioVolumeGroupChanged volumeEvent=AudioVolumeGroupChangeEvent{groupId: 6, volumeIndex: 0, muted: false, flags: 0}
03-23 10:31:27.991  1709  5376 V AudioVolumeChangeHandler: onAudioVolumeGroupChanged volumeEvent=AudioVolumeGroupChangeEvent{groupId: 6, volumeIndex: 0, muted: false, flags: 0}
03-23 10:31:27.991  1709  3906 V AudioVolumeChangeHandler: onAudioVolumeGroupChanged volumeEvent=AudioVolumeGroupChangeEvent{groupId: 6, volumeIndex: 0, muted: false, flags: 0}
03-23 10:31:27.992  1709  5376 V AudioVolumeChangeHandler: onAudioVolumeGroupChanged volumeEvent=AudioVolumeGroupChangeEvent{groupId: 6, volumeIndex: 0, muted: false, flags: 0}
03-23 10:31:27.993  1709  6469 V AudioVolumeChangeHandler: onAudioVolumeGroupChanged volumeEvent=AudioVolumeGroupChangeEvent{groupId: 6, volumeIndex: 0, muted: false, flags: 0}
03-23 10:31:27.993  1709  6469 V AudioVolumeChangeHandler: onAudioVolumeGroupChanged volumeEvent=AudioVolumeGroupChangeEvent{groupId: 6, volumeIndex: 0, muted: false, flags: 0}
03-23 10:31:27.997  1709  6469 V AudioVolumeChangeHandler: onAudioVolumeGroupChanged volumeEvent=AudioVolumeGroupChangeEvent{groupId: 12, volumeIndex: 0, muted: false, flags: 0}
03-23 10:31:27.998  1709  6469 V AudioVolumeChangeHandler: onAudioVolumeGroupChanged volumeEvent=AudioVolumeGroupChangeEvent{groupId: 12, volumeIndex: 0, muted: false, flags: 0}
03-23 10:31:27.998  1709  6469 V AudioVolumeChangeHandler: onAudioVolumeGroupChanged volumeEvent=AudioVolumeGroupChangeEvent{groupId: 12, volumeIndex: 0, muted: false, flags: 0}
03-23 10:31:27.999  1709  6469 V AudioVolumeChangeHandler: onAudioVolumeGroupChanged volumeEvent=AudioVolumeGroupChangeEvent{groupId: 12, volumeIndex: 0, muted: false, flags: 0}
03-23 10:31:27.999  1709  6469 V AudioVolumeChangeHandler: onAudioVolumeGroupChanged volumeEvent=AudioVolumeGroupChangeEvent{groupId: 12, volumeIndex: 0, muted: false, flags: 0}
03-23 10:31:28.000  1709  6469 V AudioVolumeChangeHandler: onAudioVolumeGroupChanged volumeEvent=AudioVolumeGroupChangeEvent{groupId: 12, volumeIndex: 0, muted: false, flags: 0}
03-23 10:31:28.000  1709  6469 V AudioVolumeChangeHandler: onAudioVolumeGroupChanged volumeEvent=AudioVolumeGroupChangeEvent{groupId: 12, volumeIndex: 0, muted: false, flags: 0}
03-23 10:31:28.001  1709  6469 V AudioVolumeChangeHandler: onAudioVolumeGroupChanged volumeEvent=AudioVolumeGroupChangeEvent{groupId: 12, volumeIndex: 0, muted: false, flags: 0}
03-23 10:31:28.001  1709  6469 V AudioVolumeChangeHandler: onAudioVolumeGroupChanged volumeEvent=AudioVolumeGroupChangeEvent{groupId: 12, volumeIndex: 0, muted: false, flags: 0}
03-23 10:31:28.003  1709  6469 V AudioVolumeChangeHandler: onAudioVolumeGroupChanged volumeEvent=AudioVolumeGroupChangeEvent{groupId: 1, volumeIndex: 0, muted: false, flags: 0}
03-23 10:31:28.003  1709  6469 V AudioVolumeChangeHandler: onAudioVolumeGroupChanged volumeEvent=AudioVolumeGroupChangeEvent{groupId: 1, volumeIndex: 0, muted: false, flags: 0}
03-23 10:31:28.004  1709  6469 V AudioVolumeChangeHandler: onAudioVolumeGroupChanged volumeEvent=AudioVolumeGroupChangeEvent{groupId: 1, volumeIndex: 0, muted: false, flags: 0}
03-23 10:31:28.005  1709  6469 V AudioVolumeChangeHandler: onAudioVolumeGroupChanged volumeEvent=AudioVolumeGroupChangeEvent{groupId: 1, volumeIndex: 0, muted: false, flags: 0}
03-23 10:31:28.005  1709  6469 V AudioVolumeChangeHandler: onAudioVolumeGroupChanged volumeEvent=AudioVolumeGroupChangeEvent{groupId: 1, volumeIndex: 0, muted: false, flags: 0}
03-23 10:31:28.005  1709  6469 V AudioVolumeChangeHandler: onAudioVolumeGroupChanged volumeEvent=AudioVolumeGroupChangeEvent{groupId: 1, volumeIndex: 0, muted: false, flags: 0}
03-23 10:31:28.006  1709  6469 V AudioVolumeChangeHandler: onAudioVolumeGroupChanged volumeEvent=AudioVolumeGroupChangeEvent{groupId: 1, volumeIndex: 0, muted: false, flags: 0}
03-23 10:31:28.006  1709  6469 V AudioVolumeChangeHandler: onAudioVolumeGroupChanged volumeEvent=AudioVolumeGroupChangeEvent{groupId: 1, volumeIndex: 0, muted: false, flags: 0}
03-23 10:31:28.007  1709  6469 V AudioVolumeChangeHandler: onAudioVolumeGroupChanged volumeEvent=AudioVolumeGroupChangeEvent{groupId: 1, volumeIndex: 0, muted: false, flags: 0}
03-23 10:31:28.008  1709  6469 V AudioVolumeChangeHandler: onAudioVolumeGroupChanged volumeEvent=AudioVolumeGroupChangeEvent{groupId: 14, volumeIndex: 0, muted: false, flags: 0}
03-23 10:31:28.008  1709  6469 V AudioVolumeChangeHandler: onAudioVolumeGroupChanged volumeEvent=AudioVolumeGroupChangeEvent{groupId: 14, volumeIndex: 0, muted: false, flags: 0}
03-23 10:31:28.009  1709  6469 V AudioVolumeChangeHandler: onAudioVolumeGroupChanged volumeEvent=AudioVolumeGroupChangeEvent{groupId: 14, volumeIndex: 0, muted: false, flags: 0}
03-23 10:31:28.009  1709  6469 V AudioVolumeChangeHandler: onAudioVolumeGroupChanged volumeEvent=AudioVolumeGroupChangeEvent{groupId: 14, volumeIndex: 0, muted: false, flags: 0}
03-23 10:31:28.010  1709  6469 V AudioVolumeChangeHandler: onAudioVolumeGroupChanged volumeEvent=AudioVolumeGroupChangeEvent{groupId: 14, volumeIndex: 0, muted: false, flags: 0}
03-23 10:31:28.011  1709  6469 D CompatChangeReporter: Compat change id reported: 151861875; UID 10451; state: ENABLED
03-23 10:31:28.012  1709  5376 V AudioVolumeChangeHandler: onAudioVolumeGroupChanged volumeEvent=AudioVolumeGroupChangeEvent{groupId: 14, volumeIndex: 0, muted: false, flags: 0}
03-23 10:31:28.013  1709  3906 V AudioVolumeChangeHandler: onAudioVolumeGroupChanged volumeEvent=AudioVolumeGroupChangeEvent{groupId: 14, volumeIndex: 0, muted: false, flags: 0}
03-23 10:31:28.013  1709  6469 V AudioVolumeChangeHandler: onAudioVolumeGroupChanged volumeEvent=AudioVolumeGroupChangeEvent{groupId: 14, volumeIndex: 0, muted: false, flags: 0}
03-23 10:31:28.014  1709  5376 V AudioVolumeChangeHandler: onAudioVolumeGroupChanged volumeEvent=AudioVolumeGroupChangeEvent{groupId: 14, volumeIndex: 0, muted: false, flags: 0}
03-23 10:31:28.019  1709  5376 D CoreBackPreview: Window{9915970 u0 com.nonimusic.app/com.nonimusic.app.MainActivity}: Setting back callback null
03-23 10:31:28.032  1709  3360 W UsageStatsService: Unexpected activity event reported! (com.nonimusic.app/com.nonimusic.app.MainActivity event : 23 instanceId : 251301307)
03-23 10:31:28.045  1709  3906 E AppOps  : attributionTag  not declared in manifest of com.nonimusic.app
03-23 10:31:28.045  1709  3906 E AppOps  : attributionTag  not declared in manifest of com.nonimusic.app
03-23 10:31:28.045  1709  5376 E AppOps  : attributionTag  not declared in manifest of com.nonimusic.app
03-23 10:31:28.045  1709  5376 E AppOps  : attributionTag  not declared in manifest of com.nonimusic.app
03-23 10:31:28.539  1709  5415 D CompatChangeReporter: Compat change id reported: 311208629; UID 10451; state: ENABLED
03-23 10:31:28.539  1709  5415 I ActivityManager: Killing 15415:com.google.android.webview:sandboxed_process0:org.chromium.content.app.SandboxedProcessService0:0/u0a451i539 (adj 0, setSvc -10000): isolated not needed
03-23 10:31:28.560  1709  5376 V AudioVolumeChangeHandler: onAudioVolumeGroupChanged volumeEvent=AudioVolumeGroupChangeEvent{groupId: 6, volumeIndex: 0, muted: false, flags: 0}
03-23 10:31:28.561  1709  5376 V AudioVolumeChangeHandler: onAudioVolumeGroupChanged volumeEvent=AudioVolumeGroupChangeEvent{groupId: 6, volumeIndex: 0, muted: false, flags: 0}
03-23 10:31:28.562  1709  5376 V AudioVolumeChangeHandler: onAudioVolumeGroupChanged volumeEvent=AudioVolumeGroupChangeEvent{groupId: 6, volumeIndex: 0, muted: false, flags: 0}
03-23 10:31:28.562  1709  5376 V AudioVolumeChangeHandler: onAudioVolumeGroupChanged volumeEvent=AudioVolumeGroupChangeEvent{groupId: 6, volumeIndex: 0, muted: false, flags: 0}
03-23 10:31:28.563  1709  5376 V AudioVolumeChangeHandler: onAudioVolumeGroupChanged volumeEvent=AudioVolumeGroupChangeEvent{groupId: 6, volumeIndex: 0, muted: false, flags: 0}
03-23 10:31:28.564  1709  5415 V AudioVolumeChangeHandler: onAudioVolumeGroupChanged volumeEvent=AudioVolumeGroupChangeEvent{groupId: 6, volumeIndex: 0, muted: false, flags: 0}
03-23 10:31:28.564  1709  5415 V AudioVolumeChangeHandler: onAudioVolumeGroupChanged volumeEvent=AudioVolumeGroupChangeEvent{groupId: 6, volumeIndex: 0, muted: false, flags: 0}
03-23 10:31:28.565  1709  5415 V AudioVolumeChangeHandler: onAudioVolumeGroupChanged volumeEvent=AudioVolumeGroupChangeEvent{groupId: 6, volumeIndex: 0, muted: false, flags: 0}
03-23 10:31:28.565  1709  5376 V AudioVolumeChangeHandler: onAudioVolumeGroupChanged volumeEvent=AudioVolumeGroupChangeEvent{groupId: 6, volumeIndex: 0, muted: false, flags: 0}
03-23 10:31:28.569  1709  5376 V AudioVolumeChangeHandler: onAudioVolumeGroupChanged volumeEvent=AudioVolumeGroupChangeEvent{groupId: 12, volumeIndex: 0, muted: false, flags: 0}
03-23 10:31:28.569  1709  5376 V AudioVolumeChangeHandler: onAudioVolumeGroupChanged volumeEvent=AudioVolumeGroupChangeEvent{groupId: 12, volumeIndex: 0, muted: false, flags: 0}
03-23 10:31:28.570  1709  5376 V AudioVolumeChangeHandler: onAudioVolumeGroupChanged volumeEvent=AudioVolumeGroupChangeEvent{groupId: 12, volumeIndex: 0, muted: false, flags: 0}
03-23 10:31:28.570  1709  5376 V AudioVolumeChangeHandler: onAudioVolumeGroupChanged volumeEvent=AudioVolumeGroupChangeEvent{groupId: 12, volumeIndex: 0, muted: false, flags: 0}
03-23 10:31:28.570  1709  5376 V AudioVolumeChangeHandler: onAudioVolumeGroupChanged volumeEvent=AudioVolumeGroupChangeEvent{groupId: 12, volumeIndex: 0, muted: false, flags: 0}
03-23 10:31:28.571  1709  5376 V AudioVolumeChangeHandler: onAudioVolumeGroupChanged volumeEvent=AudioVolumeGroupChangeEvent{groupId: 12, volumeIndex: 0, muted: false, flags: 0}
03-23 10:31:28.571  1709  5376 V AudioVolumeChangeHandler: onAudioVolumeGroupChanged volumeEvent=AudioVolumeGroupChangeEvent{groupId: 12, volumeIndex: 0, muted: false, flags: 0}
03-23 10:31:28.572  1709  5376 V AudioVolumeChangeHandler: onAudioVolumeGroupChanged volumeEvent=AudioVolumeGroupChangeEvent{groupId: 12, volumeIndex: 0, muted: false, flags: 0}
03-23 10:31:28.572  1709  5376 V AudioVolumeChangeHandler: onAudioVolumeGroupChanged volumeEvent=AudioVolumeGroupChangeEvent{groupId: 12, volumeIndex: 0, muted: false, flags: 0}
03-23 10:31:28.573  1709  5376 V AudioVolumeChangeHandler: onAudioVolumeGroupChanged volumeEvent=AudioVolumeGroupChangeEvent{groupId: 1, volumeIndex: 0, muted: false, flags: 0}
03-23 10:31:28.574  1709  5376 V AudioVolumeChangeHandler: onAudioVolumeGroupChanged volumeEvent=AudioVolumeGroupChangeEvent{groupId: 1, volumeIndex: 0, muted: false, flags: 0}
03-23 10:31:28.574  1709  5376 V AudioVolumeChangeHandler: onAudioVolumeGroupChanged volumeEvent=AudioVolumeGroupChangeEvent{groupId: 1, volumeIndex: 0, muted: false, flags: 0}
