03-23 10:31:28.575  1709  5376 V AudioVolumeChangeHandler: onAudioVolumeGroupChanged volumeEvent=AudioVolumeGroupChangeEvent{groupId: 1, volumeIndex: 0, muted: false, flags: 0}
03-23 10:31:28.575  1709  5376 V AudioVolumeChangeHandler: onAudioVolumeGroupChanged volumeEvent=AudioVolumeGroupChangeEvent{groupId: 1, volumeIndex: 0, muted: false, flags: 0}
03-23 10:31:28.575  1709  5376 V AudioVolumeChangeHandler: onAudioVolumeGroupChanged volumeEvent=AudioVolumeGroupChangeEvent{groupId: 1, volumeIndex: 0, muted: false, flags: 0}
03-23 10:31:28.576  1709  5376 V AudioVolumeChangeHandler: onAudioVolumeGroupChanged volumeEvent=AudioVolumeGroupChangeEvent{groupId: 1, volumeIndex: 0, muted: false, flags: 0}
03-23 10:31:28.576  1709  5376 V AudioVolumeChangeHandler: onAudioVolumeGroupChanged volumeEvent=AudioVolumeGroupChangeEvent{groupId: 1, volumeIndex: 0, muted: false, flags: 0}
03-23 10:31:28.577  1709  5376 V AudioVolumeChangeHandler: onAudioVolumeGroupChanged volumeEvent=AudioVolumeGroupChangeEvent{groupId: 1, volumeIndex: 0, muted: false, flags: 0}
03-23 10:31:28.578  1709  5376 V AudioVolumeChangeHandler: onAudioVolumeGroupChanged volumeEvent=AudioVolumeGroupChangeEvent{groupId: 14, volumeIndex: 0, muted: false, flags: 0}
03-23 10:31:28.578  1709  5376 V AudioVolumeChangeHandler: onAudioVolumeGroupChanged volumeEvent=AudioVolumeGroupChangeEvent{groupId: 14, volumeIndex: 0, muted: false, flags: 0}
03-23 10:31:28.578  1709  5376 V AudioVolumeChangeHandler: onAudioVolumeGroupChanged volumeEvent=AudioVolumeGroupChangeEvent{groupId: 14, volumeIndex: 0, muted: false, flags: 0}
03-23 10:31:28.579  1709  5376 V AudioVolumeChangeHandler: onAudioVolumeGroupChanged volumeEvent=AudioVolumeGroupChangeEvent{groupId: 14, volumeIndex: 0, muted: false, flags: 0}
03-23 10:31:28.579  1709  5376 V AudioVolumeChangeHandler: onAudioVolumeGroupChanged volumeEvent=AudioVolumeGroupChangeEvent{groupId: 14, volumeIndex: 0, muted: false, flags: 0}
03-23 10:31:28.580  1709  5376 V AudioVolumeChangeHandler: onAudioVolumeGroupChanged volumeEvent=AudioVolumeGroupChangeEvent{groupId: 14, volumeIndex: 0, muted: false, flags: 0}
03-23 10:31:28.580  1709  5376 V AudioVolumeChangeHandler: onAudioVolumeGroupChanged volumeEvent=AudioVolumeGroupChangeEvent{groupId: 14, volumeIndex: 0, muted: false, flags: 0}
03-23 10:31:28.580  1709  5376 V AudioVolumeChangeHandler: onAudioVolumeGroupChanged volumeEvent=AudioVolumeGroupChangeEvent{groupId: 14, volumeIndex: 0, muted: false, flags: 0}
03-23 10:31:28.581  1709  5376 V AudioVolumeChangeHandler: onAudioVolumeGroupChanged volumeEvent=AudioVolumeGroupChangeEvent{groupId: 14, volumeIndex: 0, muted: false, flags: 0}
03-23 10:31:28.604  1709  5415 I ActivityManager: appDiedLocked: app=ProcessRecord{a9468b 15415:com.google.android.webview:sandboxed_process0:org.chromium.content.app.SandboxedProcessService0:0/u0a451i539} thread=android.os.BinderProxy@d71d156 fromBinderDied=true isKilledByAm=true reason=null
03-23 10:31:28.609  1709  5415 D ActivityTaskManager: handleAppDied: uid=99539,diedCount=1,lastDiedTime=151850978,forceStopUids=false
03-23 10:31:28.783  1709  3520 D BackgroundInstallControlService: Package event received: 0
03-23 10:31:28.784  1709  3520 D BackgroundInstallControlService: Package event received: 0
03-23 10:31:28.798  3577  3663 D WindowManagerShell: onKeepClearAreasChanged: restricted={Rect(60, 2249 - 1160, 2527)}, unrestricted={}
03-23 10:31:28.907  3577  3663 D WindowManagerShell: onKeepClearAreasChanged: restricted={Rect(21, 2313 - 1199, 2611)}, unrestricted={}
03-23 10:31:28.907  3577  3663 D WindowManagerShell: onKeepClearAreasChanged: restricted={Rect(19, 2316 - 1201, 2615)}, unrestricted={}
03-23 10:31:29.016  3577  3663 D WindowManagerShell: onKeepClearAreasChanged: restricted={Rect(4, 2340 - 1216, 2646)}, unrestricted={}
03-23 10:31:29.016  3577  3663 D WindowManagerShell: onKeepClearAreasChanged: restricted={Rect(4, 2341 - 1216, 2648)}, unrestricted={}
03-23 10:31:29.120  1709  3520 D BackgroundInstallControlService: Package event received: 0
03-23 10:31:29.131  3577  3663 D WindowManagerShell: onKeepClearAreasChanged: restricted={Rect(0, 2347 - 1220, 2656)}, unrestricted={}
03-23 10:31:29.131  3577  3663 D WindowManagerShell: onKeepClearAreasChanged: restricted={Rect(0, 2348 - 1220, 2656)}, unrestricted={}
03-23 10:31:29.830 19584 19593 W Binder  : reply too large data on java level: InterfaceDescriptor = null, code = 1
03-23 10:31:29.912  1709  1733 D WindowManager: powerPress: eventTime=480831239 interactive=true isDefaultDisplayAwake=true isCliDisplayOn=false count=1 mShortPressOnPowerBehavior=1
03-23 10:31:29.913  1709  1733 V PowerManager: goToSleep time=480831239 reason=power_button flags=0 by (android) callers=com.android.server.policy.PhoneWindowManager.sleepDefaultDisplay:2001 com.android.server.policy.PhoneWindowManager.sleepDefaultDisplayFromPowerButton:1995 com.android.server.policy.PhoneWindowManager.powerPress:1784 
03-23 10:31:29.913  1709  1733 I PowerGroup: Powering off display group due to power_button (groupId= 0, uid= 1000, millisSinceLastUserActivity=735, lastUserActivityEvent=touch)...
03-23 10:31:29.914  1709  1709 I WindowManager: Started going to sleep... (groupId=0 why=OFF_BECAUSE_OF_USER) notifySleepToKeyguard=true lidState=-1 pmSleepReason=power_button
03-23 10:31:29.914  1709  1709 D BiometricUtils: isEncrypted: false isLockdown: false
03-23 10:31:29.914  1709  1733 I PowerManagerService: Going to sleep due to power_button (uid 1000, screenOffTimeout=60000, activityTimeoutWM=-1, maxDimRatio=0.20000005, maxDimDur=7000)...
03-23 10:31:29.915  1709  1709 D WindowManager: applyUdfpsZeroTapConditions udfpsStateChanged=false isKeyguardAuthState=false isUdfpsActivated=false isAmbientDisplayAvailable=1 isDozeEnabled=true enable=false
03-23 10:31:29.915  1709  1709 D TouchHwAidlService: enableTapWake mode=16 displayId=-1 mGestureStowMode=true
03-23 10:31:29.919  1709  1709 D TouchHwAidlService: setGestureModeHal done mode=16 newMode=16 result=0
03-23 10:31:29.920  1709  1732 D TouchHwAidlService: Unregister stow sensor
03-23 10:31:29.921  1709  1732 D TouchHwAidlService: enableGestureStowMode stowed: false
03-23 10:31:29.922  1709  1735 D PanelsService: onAwakeStateChanged.. isAwake=false
03-23 10:31:29.922  1709  1735 D TouchHwAidlService: onAwakeStateChanged.. isAwake=false
03-23 10:31:29.922  1709  1735 D TouchHwAidlService: enableDozeSleepIfNeeded mAodEnable=true mIsAwake=false -> enable=true
03-23 10:31:29.923  1709  1732 D TouchHwAidlService: setStowGestureMode stowed=false ret=0
03-23 10:31:29.923  1709  1732 D TouchHwAidlService: enablePocketModeIfNeeded.. mSensorPocketMode=false mIsAwake=false mIsKeyguardShowing=false mPocketModeKeyguardOnlySupported=false isDeviceStateClosed=false --> listen=false enable=false callers=com.motorola.server.display.TouchHwAidlService.$r8$lambda$59q7rSMkifO6SUqkeIUSWTnRV3A:0 com.motorola.server.display.TouchHwAidlService$$ExternalSyntheticLambda2.run:0 android.os.Handler.handleCallback:1037 
03-23 10:31:29.927  3577  3577 V TrustManager: clearAllBiometricRecognized unlockedUser=-10000 source=FINGERPRINT callers=com.android.keyguard.KeyguardUpdateMonitor.clearFingerprintRecognized:13 com.android.keyguard.KeyguardUpdateMonitor$14.handleMessage:768 android.os.Handler.dispatchMessage:115 android.os.Looper.loopOnce:304 android.os.Looper.loop:430 
03-23 10:31:29.924  1709  3520 D BackgroundInstallControlService: Package event received: 0
03-23 10:31:29.927  1709  1732 D TouchHwAidlService: setPocketModeHal done mode=16 result=0
03-23 10:31:29.929  1709  1735 D TouchHwAidlService: Register stow sensor:true
03-23 10:31:29.936  1709  1709 D TrustManagerService: refreshDeviceLockedForUser(userId=-1, unlockedUser=-10000), secure=false, showingKeyguard=false, trusted=false, biometricAuthenticated=false, currentUserIsUnlocked=false, deviceLocked=false
03-23 10:31:29.952  1709  1732 D TouchHwAidlService: enableDozeSleepModeHal done mode=2 result=0
03-23 10:31:29.957  1709  1764 I DisplayPowerController[0]: 03-23 10:31:29.957 - BrightnessEvent: brt=0.20726849 (24.0%), nits= 30.038595, lux=6.7500005, reason=automatic, strat=AutomaticBrightnessStrategy, state=ON, stateReason=DEFAULT_POLICY, policy=OFF, flags=, initBrt=0.20726849, rcmdBrt=0.20726849, preBrt=NaN, preLux=NaN, hdrNits=NaN, initNits=30.038595, preNits=NaN, rcmdNits=30.038595, sdrToHdrRatio=NaN, hdrBrightness=NaN, brt(%)=24%, brtInt=54, hbmPolicy=normal, wasShortTermModelActive=false, autoBrightness=true (default), unclampedBrt=0.20726849, hbmMax=0.86654115, hbmMode=off, thrmMax=1.0, rbcStrength=50, powerFactor=1.0, physDisp=Built-in Screen(local:4630946747577212034), logicalId=0, slowChange=true, rampSpeed=0.0
03-23 10:31:30.372  1709  1764 I DisplayPowerController[0]: Blocking screen off
03-23 10:31:30.372  1709  1764 I WindowManager: Display 0 turning off...
03-23 10:31:30.373  1709  1764 I WindowManager: Display0 turned off...
03-23 10:31:30.373  1709  1764 D WindowManager: Create SleepToken: tag=Display-off, displayId=0
03-23 10:31:30.373  1709  1764 D ActivityTaskManager: Top Process State changed to PROCESS_STATE_TOP_SLEEPING
03-23 10:31:30.379  1709  1764 I DisplayPowerController[0]: Unblocked screen off after 8 ms
03-23 10:31:30.390  1709  1764 I DisplayBrightnessStrategySelector: Changing the DisplayBrightnessStrategy from AutomaticBrightnessStrategy to ScreenOffBrightnessStrategy for display 0
03-23 10:31:30.390  1709  1764 V DisplayPowerController[0]: Brightness [0.0] reason changing to: 'screen_off', previous reason: 'automatic'.
03-23 10:31:30.391  1709  1764 I DisplayPowerController[0]: 03-23 10:31:30.391 - BrightnessEvent: brt=0.0 (0.0%), nits= 3.1465538, lux=-1.0, reason=screen_off, strat=ScreenOffBrightnessStrategy, state=OFF, stateReason=DEFAULT_POLICY, policy=OFF, flags=, initBrt=0.20726849, rcmdBrt=NaN, preBrt=NaN, preLux=0.0, hdrNits=NaN, initNits=30.038595, preNits=NaN, rcmdNits=NaN, sdrToHdrRatio=NaN, hdrBrightness=NaN, brt(%)=0%, brtInt=1, hbmPolicy=normal, wasShortTermModelActive=false, autoBrightness=true (default), unclampedBrt=-1.0, hbmMax=0.86654115, hbmMode=off, thrmMax=1.0, rbcStrength=50, powerFactor=1.0, physDisp=Built-in Screen(local:4630946747577212034), logicalId=0, slowChange=false, rampSpeed=0.0
03-23 10:31:30.394  1709  3520 D BackgroundInstallControlService: Package event received: 0
03-23 10:31:30.394  1709  1764 D PowerManagerService: nativeSetPowerMode ret:true mode:7 enabled:false duration ms: 1
03-23 10:31:30.394  1709  3546 D TouchHwAidlService: setDisplayState: mScreenOff=true
03-23 10:31:30.394  1709  1735 I DisplayDeviceRepository: Display device changed state: "Built-in Screen", OFF
03-23 10:31:30.394  1709  3546 D TouchHwAidlService: onTapToWakeSettingsChanged isAmbientDisplayAvailable=1 aodEnable=true singleTapEnable=true doubleTapEnable=true lidState=-1 callers=com.motorola.server.display.TouchHwAidlService.setDisplayState:545 com.motorola.server.MotoExtHwService$MotoExtHwManagerInternal.setDisplayState:476 com.android.server.display.LocalDisplayAdapter$LocalDisplayDevice$1.setDisplayState:1151 
03-23 10:31:30.394  1709  3546 D TouchHwAidlService: enableDozeSleepIfNeeded mAodEnable=true mIsAwake=false -> enable=true
03-23 10:31:30.395  1709  3546 D TouchHwAidlService: enableTapWake mode=33 displayId=0 mGestureStowMode=true
03-23 10:31:30.395  1709  5415 I DisplayDevice: [0] Layerstack set to -1 for local:4630946747577212034 mDisplayToken=android.os.BinderProxy@1487b07 t=Transaction{mNativeObject=-5476376652270691056, mHashCode=0}
03-23 10:31:30.395  1709  1764 I DreamManagerService: Entering dreamland. callers=com.android.server.dreams.DreamManagerService.startDreamInternal:627 com.android.server.dreams.DreamManagerService.-$$Nest$mstartDreamInternal:0 com.android.server.dreams.DreamManagerService$LocalService.startDream:1450 com.android.server.power.PowerManagerService.handleSandman:4344 com.android.server.power.PowerManagerService.-$$Nest$mhandleSandman:0 
03-23 10:31:30.396  1709  1764 I PowerManagerService: Dozing... groupId=0
03-23 10:31:30.396  1709  1764 D BrightnessThermalClamper: Thermal status observer already started
03-23 10:31:30.397  1709  1733 D WindowManager: DeferredDisplayUpdater: partially applying DisplayInfo(1220 x 2712) immediately
03-23 10:31:30.399  1709  1732 D TouchHwAidlService: enableDozeSleepModeHal done mode=2 result=0
03-23 10:31:30.401  1709  1732 I DreamController: Starting dream: name=ComponentInfo{com.android.systemui/com.android.systemui.doze.DozeService}, isPreviewMode=false, canDoze=true, userId=0, reason='power manager request', mCurrentDreamStartTime=740822968, isFirstTimeDream=false
03-23 10:31:30.403  1709  1732 D TouchHwAidlService: updateDefaultDisplayState: mScreenOn=false
03-23 10:31:30.406  1709  3520 D BackgroundInstallControlService: Package event received: 0
03-23 10:31:30.407  3577  3577 V DreamService[DozeService]: onCreate() callers=com.android.systemui.doze.DozeService.onCreate:1 android.app.ActivityThread.handleCreateService:5457 android.app.ActivityThread.-$$Nest$mhandleCreateService:0 android.app.ActivityThread$H.handleMessage:2740 android.os.Handler.dispatchMessage:115 
03-23 10:31:30.408  1709  3546 D TouchHwAidlService: setGestureModeHal done mode=33 newMode=33 result=0
03-23 10:31:30.409  1709  3546 D TouchHwAidlService: enableTapWake mode=33 displayId=1 mGestureStowMode=true
03-23 10:31:30.409  1709  3546 D TouchHwAidlService: enableTapWake mode=49 displayId=-1 mGestureStowMode=true
03-23 10:31:30.410  1709  3546 D TouchHwAidlService: setGestureModeHal done mode=49 newMode=49 result=0
03-23 10:31:30.413  1709  3546 D LocalDisplayAdapter: setDisplayPowerMode mode=0 for display=android.os.BinderProxy@1487b07
03-23 10:31:30.413  3577  3663 D WindowManagerShell: onKeepClearAreasChanged: restricted={}, unrestricted={}
03-23 10:31:30.416  1709  1735 I BrightnessSynchronizer: New Update: {[26798] 0.20726849(f), mUpdatedTypes=0, mConfirmedTypes=0, mTimeUpdated=0, mState=2}
03-23 10:31:30.416  1709  1735 D PanelsService: updateDefaultDisplayState: mScreenState=OFF
03-23 10:31:30.417  3577  3577 V DreamService[DozeService]: onBind() intent = Intent { act=android.service.dreams.DreamService flg=0x800000 xflg=0x4 cmp=com.android.systemui/.doze.DozeService (has extras) }
03-23 10:31:30.419  1709  1709 I DreamController: onServiceConnected: name=ComponentInfo{com.android.systemui/com.android.systemui.doze.DozeService}, service=android.os.BinderProxy@b46df24
03-23 10:31:30.419  1709  1732 I DreamController: onServiceConnected to attach: name=ComponentInfo{com.android.systemui/com.android.systemui.doze.DozeService}
03-23 10:31:30.420  3577  9146 I DreamService: DreamServiceWrapper attach: dreamToken=android.os.BinderProxy@83870e7, canDoze=true
03-23 10:31:30.422  1709  3647 D PowerManagerService: nativeSetAutoSuspend enable:true duration ms: 1
03-23 10:31:30.423  3577  3577 I DreamService[DozeService]: attach() called: dreamToken=android.os.BinderProxy@83870e7, canDoze=true mWindow=null mWindowless=true callers=android.service.dreams.DreamService.-$$Nest$mattach:0 android.service.dreams.DreamService$DreamServiceWrapper.lambda$attach$1:2034 android.service.dreams.DreamService$DreamServiceWrapper$$ExternalSyntheticLambda0.accept:0 android.service.dreams.DreamService$DreamServiceWrapper.lambda$post$0:2023 android.service.dreams.DreamService$DreamServiceWrapper$$ExternalSyntheticLambda3.run:0 
03-23 10:31:30.423  3577  3577 V DreamService[DozeService]: onDreamingStarted()
03-23 10:31:30.426  1709  3647 D WindowManager: Create SleepToken: tag=keyguard, displayId=0
03-23 10:31:30.430  3577  3577 D InsetsController: Setting requestedVisibleTypes to -11 (was -9)
03-23 10:31:30.437  1709  3647 I DreamController: mDreamingStartedCallback sendResult
03-23 10:31:30.437  1709  5376 D DreamManagerService: Dream requested to start dozing: android.os.Binder@f0f02cb, screenState=OFF, reason=UNKNOWN, screenBrightnessFloat=NaN, screenBrightnessInt=-1, useNormalBrightnessForDoze=false
03-23 10:31:30.437  1709  5376 I CarConnectionMonitor: handleDozeMode true
03-23 10:31:30.438  1709  3520 D BackgroundInstallControlService: Package event received: 0
03-23 10:31:30.440  1709  5376 D PowerManagerService: nativeSetAutoSuspend enable:false duration ms: 3
03-23 10:31:30.489  1709  3313 D SystemServerTiming: getUserSwitchability-0
03-23 10:31:30.489  1709  1727 D SystemServerTiming: getUserSwitchability-0
03-23 10:31:30.489  1709  3313 D SystemServerTiming: TM.isInCall
03-23 10:31:30.489  1709  1727 D SystemServerTiming: TM.isInCall
03-23 10:31:30.489  1709  1727 D SystemServerTiming: hasUserRestriction-DISALLOW_USER_SWITCH
03-23 10:31:30.489  1709  1727 D SystemServerTiming: getInt-ALLOW_USER_SWITCHING_WHEN_SYSTEM_USER_LOCKED
03-23 10:31:30.489  1709  1727 D SystemServerTiming: isUserUnlocked-USER_SYSTEM
03-23 10:31:30.489  1709  3313 D SystemServerTiming: hasUserRestriction-DISALLOW_USER_SWITCH
03-23 10:31:30.489  1709  3313 D SystemServerTiming: getInt-ALLOW_USER_SWITCHING_WHEN_SYSTEM_USER_LOCKED
03-23 10:31:30.489  1709  3313 D SystemServerTiming: isUserUnlocked-USER_SYSTEM
03-23 10:31:30.597  1709  3546 D PowerManagerService: nativeSetPowerMode ret:false mode:9 enabled:true duration ms: 0
03-23 10:31:30.599  1709  1764 I DisplayPowerController[0]: 03-23 10:31:30.598 - BrightnessEvent: brt=0.0 (0.0%), nits= 3.1465538, lux=-1.0, reason=screen_off, strat=ScreenOffBrightnessStrategy, state=OFF, stateReason=UNKNOWN, policy=DOZE, flags=, initBrt=0.0, rcmdBrt=NaN, preBrt=NaN, preLux=0.0, hdrNits=NaN, initNits=3.1465538, preNits=NaN, rcmdNits=NaN, sdrToHdrRatio=NaN, hdrBrightness=NaN, brt(%)=0%, brtInt=1, hbmPolicy=normal, wasShortTermModelActive=false, autoBrightness=true (default), unclampedBrt=-1.0, hbmMax=0.86654115, hbmMode=off, thrmMax=1.0, rbcStrength=50, powerFactor=1.0, physDisp=Built-in Screen(local:4630946747577212034), logicalId=0, slowChange=false, rampSpeed=0.0
03-23 10:31:30.602  1709  1709 I WindowManager: Finished going to sleep... (groupId=0 why=OFF_BECAUSE_OF_USER) notifySleepToKeyguard=true lidState=-1 pmSleepReason=power_button
03-23 10:31:30.605  1709  1764 D PowerManagerService: nativeAcquireSuspendBlocker name:PowerManagerService.Broadcasts duration ms: 4
03-23 10:31:30.606  1709  1764 D PowerManagerService: nativeSetAutoSuspend enable:true duration ms: 1
03-23 10:31:30.607  1709  1764 D PowerManagerService: nativeReleaseSuspendBlocker name:PowerManagerService.Display duration ms: 1
03-23 10:31:30.624  1709  1735 I DisplayDeviceRepository: Display device changed render timings: "Built-in Screen", renderFrameRate=60.000004, presentationDeadlineNanos=13333332, appVsyncOffsetNanos=1000000, frameRateOverrides=[]
03-23 10:31:30.626  1709  1735 I DisplayDeviceRepository: Display device same: DisplayDeviceInfo{"Built-in Screen": uniqueId="local:4630946747577212034", 1220 x 2712, modeId 1, renderFrameRate 60.000004, hasArrSupport false, frameRateCategoryRate FrameRateCategoryRate {normal=60.0, high=90.0}, supportedRefreshRates [120.00001, 90.0, 60.000004], defaultModeId 1, userPreferredModeId -1, supportedModes [{id=1, width=1220, height=2712, fps=120.00001, vsync=120.00001, synthetic=false, alternativeRefreshRates=[60.000004, 90.0], supportedHdrTypes=[2, 3, 4]}, {id=2, width=1220, height=2712, fps=90.0, vsync=90.0, synthetic=false, alternativeRefreshRates=[60.000004, 120.00001], supportedHdrTypes=[2, 3, 4]}, {id=3, width=1220, height=2712, fps=60.000004, vsync=60.000004, synthetic=false, alternativeRefreshRates=[90.0, 120.00001], supportedHdrTypes=[2, 3, 4]}], supportedReadyForModes [], colorMode 0, supportedColorModes [0, 7, 9], hdrCapabilities HdrCapabilities{mSupportedHdrTypes=[2, 3, 4], mMaxLuminance=1600.0, mMaxAverageLuminance=800.00006, mMinLuminance=1.0E-4}, isForceSdr false, allmSupported false, gameContentTypeSupported false, density 450, 449.101 x 447.303 dpi, appVsyncOff 1000000, presDeadline 13333332, cutout DisplayCutout{insets=Rect(0, 118 - 0, 0) waterfall=Insets{left=0, top=0, right=0, bottom=0} boundingRect={Bounds=[Rect(0, 0 - 0, 0), Rect(554, 0 - 666, 118), Rect(0, 0 - 0, 0), Rect(0, 0 - 0, 0)]} cutoutPathParserInfo={CutoutPathParserInfo{displayWidth=1220 displayHeight=2712 physicalDisplayWidth=1220 physicalDisplayHeight=2712 density={2.8125} cutoutSpec={M -56,0 L 56,0 L 56,118 L -56,118 Z} rotation={0} scale={1.0} physicalPixelDisplaySizeRatio={1.0}}} sideOverrides={}}, touch INTERNAL, rotation 0, type INTERNAL, address {port=130, model=0x40446d87f7171c}, deviceProductInfo DeviceProductInfo{name=, manufacturerPnpId=QCM, productId=1, modelYear=null, manufactureDate=ManufactureDate{week=27, year=2006}, connectionToSinkType=1}, state OFF, committedState OFF, frameRateOverride , brightnessMinimum 0.0, brightnessMaximum 1.0, brightnessDefault 0.38188976, brightnessDim 0.026506964, hdrSdrRatio 1.0, FLAG_ALLOWED_TO_BE_DEFAULT_DISPLAY, FLAG_ROTATES_WITH_CONTENT, FLAG_SECURE, FLAG_SUPPORTS_PROTECTED_BUFFERS, FLAG_TRUSTED, installOrientation 0, displayShape DisplayShape{ spec=470176153 displayWidth=1220 displayHeight=2712 physicalPixelDisplaySizeRatio=1.0 rotation=0 offsetX=0 offsetY=0 scale=1.0}}
03-23 10:31:30.626  1709  1733 D WindowManager: DeferredDisplayUpdater: partially applying DisplayInfo(1220 x 2712) immediately
03-23 10:31:30.629  1709  1735 I BrightnessSynchronizer: New Update: {[26799] 0.20726849(f), mUpdatedTypes=0, mConfirmedTypes=0, mTimeUpdated=0, mState=2}
03-23 10:31:30.632  1709  1709 I PowerManagerService: onFlip(): Face up.
03-23 10:31:30.635  1709  1735 I DisplayDeviceRepository: Display device changed render timings: "Built-in Screen", renderFrameRate=120.00001, presentationDeadlineNanos=13333332, appVsyncOffsetNanos=1000000, frameRateOverrides=[]
03-23 10:31:30.637  1709  1733 D WindowManager: DeferredDisplayUpdater: partially applying DisplayInfo(1220 x 2712) immediately
03-23 10:31:30.649  1709  1735 I DisplayDeviceRepository: Display device changed render timings: "Built-in Screen", renderFrameRate=60.000004, presentationDeadlineNanos=13333332, appVsyncOffsetNanos=1000000, frameRateOverrides=[]
03-23 10:31:30.650  1709  1733 D WindowManager: DeferredDisplayUpdater: partially applying DisplayInfo(1220 x 2712) immediately
03-23 10:31:30.653  1709  3512 I MR2ServiceImpl: Updating composite discovery preference | preference: RouteDiscoveryRequest{ preferredFeatures={}, activeScan=false }, active routers: []
03-23 10:31:30.671  1709  3313 W ActivityManager: Receiver with filter android.content.IntentFilter@d56a152 already registered for pid 13462, callerPackage is com.motorola.actions
03-23 10:31:30.678  1709  3893 W AppOps  : Noting op not finished: uid 10184 pkg com.google.android.gms code 113 startTime of in progress event=1774241984279
03-23 10:31:30.695  1709  3893 W AppOps  : Noting op not finished: uid 10184 pkg com.google.android.gms code 113 startTime of in progress event=1774241984279
03-23 10:31:30.701  1709  3893 W AppOps  : Noting op not finished: uid 10184 pkg com.google.android.gms code 79 startTime of in progress event=1774241984279
03-23 10:31:30.761  1709  1732 D PowerManagerService: nativeReleaseSuspendBlocker name:PowerManagerService.Broadcasts duration ms: 0
03-23 10:31:31.378  3577  3663 V WindowManagerShell: Transition requested (#11201): android.os.BinderProxy@42a8c6e TransitionRequestInfo { type = SLEEP, triggerTask = null, pipChange = null, remoteTransition = null, displayChange = null, flags = 0, debugId = 11201 }
03-23 10:31:31.378  3577 21498 V WindowManagerShell: onTransitionReady(transaction=7340099900799)
03-23 10:31:31.379  1709  1732 V WindowManager: Sent Transition (#11201) createdAt=03-23 10:31:31.376 via request=TransitionRequestInfo { type = SLEEP, triggerTask = null, pipChange = null, remoteTransition = null, displayChange = null, flags = 0, debugId = 11201 }
03-23 10:31:31.379  1709  1732 V WindowManager:     startWCT=null
03-23 10:31:31.379  1709  1732 V WindowManager:     info={id=11201 t=SLEEP f=0x0 trk=0 r=[] c=[]}
03-23 10:31:31.380  1709  5413 W Transition: Transition already started id=11201 state=2
03-23 10:31:31.381  3577  3663 V WindowManagerShell: onTransitionReady (#11201) android.os.BinderProxy@42a8c6e: {id=11201 t=SLEEP f=0x0 trk=0 r=[] c=[]}
03-23 10:31:31.382  3577  3663 V WindowManagerShell: No transition roots in (#11201) android.os.BinderProxy@42a8c6e@0 so abort
03-23 10:31:31.385  3577  3663 V WindowManagerShell: Transition animation finished (aborted=true), notifying core (#11201) android.os.BinderProxy@42a8c6e@0
03-23 10:31:31.389  1709  1732 V WindowManager: Finish Transition (#11201): created at 03-23 10:31:31.376 collect-started=0.125ms request-sent=0.185ms started=0.877ms ready=0.87ms sent=1.156ms commit=9.296ms finished=11.894ms
03-23 10:31:31.389  3577  3663 V WindowManagerShell: Track 0 became idle
03-23 10:31:31.389  3577  3663 V WindowManagerShell: All active transition animations finished
03-23 10:31:31.680  1709  4431 W AppOps  : Noting op not finished: uid 10184 pkg com.google.android.gms code 113 startTime of in progress event=1774241984279
03-23 10:31:31.942  1709  3512 I MR2ServiceImpl: Updating composite discovery preference | preference: RouteDiscoveryRequest{ preferredFeatures={}, activeScan=false }, active routers: []
03-23 10:31:36.861  1709  3380 D ActivityManager: freezing 16084 com.motorola.dolby.dolbyui, reason = oom_cached
03-23 10:31:38.074  1709  1743 I ActivityManager: Waited long enough for: ServiceRecord{24ffbfa u0 com.whatsapp/.messageservice.messaging.MessageService c:com.whatsapp}
03-23 10:31:43.389  1709  3361 E JobScheduler.Background: Couldn't determine stopped state for unknown package: com.motorola.leanbacklauncher
03-23 10:31:54.557  1709  1744 W MotoBatteryCareService: isBatteryCareAllowedSelfStart restricted by mode.
03-23 10:31:54.557  1709  1744 W MotoBatteryCareService: restricted process start because of alarm or job. packageName=com.instagram.android
03-23 10:31:54.558  1709  1744 E ActivityManager: Failure starting process com.instagram.android
03-23 10:31:54.558  1709  1744 E ActivityManager: java.lang.RuntimeException: SmartBackground restriction
03-23 10:31:54.558  1709  1744 E ActivityManager: 	at com.android.server.am.ProcessList.startProcess(ProcessList.java:2586)
03-23 10:31:54.558  1709  1744 E ActivityManager: 	at com.android.server.am.ProcessList.lambda$handleProcessStart$2(ProcessList.java:2360)
03-23 10:31:54.558  1709  1744 E ActivityManager: 	at com.android.server.am.ProcessList.$r8$lambda$7tA7FGK86Ca7_MUb7SZX_VtkDjI(ProcessList.java:0)
03-23 10:31:54.558  1709  1744 E ActivityManager: 	at com.android.server.am.ProcessList$$ExternalSyntheticLambda6.run(R8$$SyntheticClass:0)
03-23 10:31:54.558  1709  1744 E ActivityManager: 	at com.android.server.am.ProcessList.handleProcessStart(ProcessList.java:2387)
03-23 10:31:54.558  1709  1744 E ActivityManager: 	at com.android.server.am.ProcessList.lambda$startProcessLocked$1(ProcessList.java:2326)
03-23 10:31:54.558  1709  1744 E ActivityManager: 	at com.android.server.am.ProcessList.$r8$lambda$CJ9r0QvrztLxvJRHzZHIx3Om9NE(ProcessList.java:0)
03-23 10:31:54.558  1709  1744 E ActivityManager: 	at com.android.server.am.ProcessList$$ExternalSyntheticLambda5.run(R8$$SyntheticClass:0)
03-23 10:31:54.558  1709  1744 E ActivityManager: 	at android.os.Handler.handleCallback(Handler.java:1037)
03-23 10:31:54.558  1709  1744 E ActivityManager: 	at android.os.Handler.dispatchMessage(Handler.java:108)
03-23 10:31:54.558  1709  1744 E ActivityManager: 	at android.os.Looper.loopOnce(Looper.java:304)
03-23 10:31:54.558  1709  1744 E ActivityManager: 	at android.os.Looper.loop(Looper.java:430)
03-23 10:31:54.558  1709  1744 E ActivityManager: 	at android.os.HandlerThread.run(HandlerThread.java:103)
03-23 10:31:54.558  1709  1744 E ActivityManager: 	at com.android.server.ServiceThread.run(ServiceThread.java:49)
03-23 10:31:54.558  1709  1744 I ActivityManager: Force stopping com.instagram.android appid=10390 user=0: start failure
03-23 10:31:54.565  1709  1739 D addPss  : tracker=ProcessState{3fbd824 com.nonimusic.app/10451 pkg=com.nonimusic.app}
03-23 10:31:54.566  1709  1739 D addPss  : tracker=ProcessState{699440c com.motorola.dynamicvolume/10194 pkg=com.motorola.dynamicvolume}
03-23 10:31:54.567  1709  1739 D addPss  : tracker=ProcessState{76c335a com.google.android.rkpdapp/10441 pkg=com.google.android.rkpdapp}
03-23 10:31:54.568  1709  1739 D addPss  : tracker=ProcessState{60b04f4 com.motorola.carriersettingsext/10164 pkg=com.motorola.carriersettingsext}
03-23 10:31:54.571  1709  1744 W ProcessStats: Tracking association SourceState{8397200 com.android.settings/1000 Service #1251972} whose proc state 8 is better than process ProcessState{2356a94 com.google.android.apps.wellbeing/10217 pkg=com.google.android.apps.wellbeing} proc state 15 (15 skipped)
03-23 10:31:54.571  1709  1744 I ActivityManager:   Force stopping service ServiceRecord{990e5ae u0 com.instagram.android/com.instagram.publisher.HeartbeatJobService c:android}
03-23 10:31:54.576  1709  1735 I ActivityManager: Exiting empty application process 0:com.instagram.android/u0a390 (null)
03-23 10:31:54.577  1709  1709 E JobServiceContext: Binding died for 0:com.instagram.android
03-23 10:31:54.606  1709  4431 W JobScheduler: Job didn't exist in JobStore: 3f4e261 #u0a276/0 com.motorola.bach.modemstats/.nrcheckin.NRCheckinJobService
03-23 10:31:55.853  1709  1743 I ActivityManager: Killing 14076:com.google.android.youtube/u0a256 (adj 999, setSvc -10000): empty #31
03-23 10:31:55.965  1709  4431 I ActivityManager: appDiedLocked: app=ProcessRecord{917b88f 14076:com.google.android.youtube/u0a256} thread=android.os.BinderProxy@7178947 fromBinderDied=true isKilledByAm=true reason=null
03-23 10:31:55.969  1709  4431 D RestartModeController: markWaitRestartAppIsSuicided null processName=com.google.android.youtube
03-23 10:31:55.970  1709  4431 D ActivityTaskManager: handleAppDied: uid=10256,diedCount=1,lastDiedTime=476527850,forceStopUids=false
03-23 10:32:02.596  1709  1739 W NotificationHistory: Attempted to remove conversation for locked/gone/disabled user 0
03-23 10:32:02.603  1709  4028 E ShortcutService: Invalid icon type in shortcut 59790759821424@lid. Bitmaps are not allowed in long-lived shortcuts. Use Resource icons, or Uri-based icons instead.
03-23 10:32:04.252  1709  3338 D BatteryService: uevent={POWER_SUPPLY_POWER_AVG=0, POWER_SUPPLY_VOLTAGE_NOW=4351000, POWER_SUPPLY_POWER_NOW=9868068, POWER_SUPPLY_CHARGE_CONTROL_LIMIT_MAX=13, POWER_SUPPLY_TYPE=Battery, POWER_SUPPLY_HEALTH=Good, POWER_SUPPLY_TECHNOLOGY=Li-ion, POWER_SUPPLY_CHARGE_FULL_DESIGN=4870000, SEQNUM=487552, POWER_SUPPLY_CHARGE_CONTROL_LIMIT=0, POWER_SUPPLY_MODEL_NAME=LS30_ATL_1255MAH, POWER_SUPPLY_STATUS=Charging, POWER_SUPPLY_CYCLE_COUNT=672, POWER_SUPPLY_CAPACITY=82, DEVPATH=/devices/platform/soc/soc:qcom,pmic_glink/soc:qcom,pmic_glink:qcom,battery_charger/power_supply/battery, POWER_SUPPLY_CHARGE_TYPE=Fast, POWER_SUPPLY_CURRENT_NOW=2268000, POWER_SUPPLY_TIME_TO_FULL_AVG=4370, POWER_SUPPLY_PRESENT=1, POWER_SUPPLY_CHARGE_FULL=4562000, POWER_SUPPLY_TIME_TO_FULL_NOW=4370, SUBSYSTEM=power_supply, POWER_SUPPLY_VOLTAGE_OCV=4351000, POWER_SUPPLY_TEMP=350, ACTION=change, POWER_SUPPLY_NAME=battery, POWER_SUPPLY_VOLTAGE_MAX=4499000, POWER_SUPPLY_CHARGE_COUNTER=3607000, POWER_SUPPLY_TIME_TO_EMPTY_AVG=235926000}
03-23 10:32:04.272  1709  3338 D BatteryService: uevent={POWER_SUPPLY_POWER_AVG=0, POWER_SUPPLY_VOLTAGE_NOW=4351000, POWER_SUPPLY_POWER_NOW=9868068, POWER_SUPPLY_CHARGE_CONTROL_LIMIT_MAX=13, POWER_SUPPLY_TYPE=Battery, POWER_SUPPLY_HEALTH=Good, POWER_SUPPLY_TECHNOLOGY=Li-ion, POWER_SUPPLY_CHARGE_FULL_DESIGN=4870000, SEQNUM=487553, POWER_SUPPLY_CHARGE_CONTROL_LIMIT=0, POWER_SUPPLY_MODEL_NAME=LS30_ATL_1255MAH, POWER_SUPPLY_STATUS=Charging, POWER_SUPPLY_CYCLE_COUNT=672, POWER_SUPPLY_CAPACITY=82, DEVPATH=/devices/platform/soc/soc:qcom,pmic_glink/soc:qcom,pmic_glink:qcom,battery_charger/power_supply/battery, POWER_SUPPLY_CHARGE_TYPE=Fast, POWER_SUPPLY_CURRENT_NOW=2268000, POWER_SUPPLY_TIME_TO_FULL_AVG=4370, POWER_SUPPLY_PRESENT=1, POWER_SUPPLY_CHARGE_FULL=4562000, POWER_SUPPLY_TIME_TO_FULL_NOW=4370, SUBSYSTEM=power_supply, POWER_SUPPLY_VOLTAGE_OCV=4351000, POWER_SUPPLY_TEMP=350, ACTION=change, POWER_SUPPLY_NAME=battery, POWER_SUPPLY_VOLTAGE_MAX=4499000, POWER_SUPPLY_CHARGE_COUNTER=3607000, POWER_SUPPLY_TIME_TO_EMPTY_AVG=235926000}
03-23 10:32:04.281  3577  9863 D PowerUI : can't show warning due to - plugged: true status unknown: false
03-23 10:32:04.286  1709  1743 D ActivityManager: unfreezing ProcessRecord{828c44 32163:com.google.android.apps.wellbeing/u0a217}, reason = unfreezeTemporarily, adj = 985, adjType = cch-empty, adjSource = null
03-23 10:32:04.286  1709  1709 V UiModeManager: updateLocked: null action, mDockState=0, category=null
03-23 10:32:04.286  1709  1709 D UiModeManager: updateConfigurationLocked: mDockState=0; mCarMode=false; mNightMode=1; mNightModeCustomType=-1; uiMode=17
03-23 10:32:04.287  1709  1743 D ActivityManager: sync unfroze 32163 com.google.android.apps.wellbeing for 3
03-23 10:32:04.288  1709  1743 D ActivityManager: unfreezing ProcessRecord{3d99b4a 6224:com.android.settings/1000}, reason = unfreezeTemporarily, adj = 905, adjType = cch-started-ui-services, adjSource = null
03-23 10:32:04.289  1709  1743 D ActivityManager: sync unfroze 6224 com.android.settings for 3
03-23 10:32:04.290  1709  1709 W ContextImpl: Calling a method in the system process without a qualified user: android.app.ContextImpl.startService:2031 com.motorola.server.batterycare.MotoBatteryCareService.notifyBatteryLevelChanged:1216 com.motorola.server.batterycare.MotoBatteryCareService.-$$Nest$mnotifyBatteryLevelChanged:0 com.motorola.server.batterycare.MotoBatteryCareService$1.onReceive:229 android.app.LoadedApk$ReceiverDispatcher$Args.lambda$getRunnable$0:1857 
03-23 10:32:04.295  1709  1743 D ActivityManager: unfreezing ProcessRecord{2a79e9b 5670:com.google.android.apps.turbo/u0a209}, reason = unfreezeTemporarily, adj = 935, adjType = cch-empty, adjSource = null
03-23 10:32:04.296  1709  1743 D ActivityManager: sync unfroze 5670 com.google.android.apps.turbo for 3
03-23 10:32:04.312  1709  5347 D ActivityManager: unfreezing ProcessRecord{94f39b9 25211:com.motorola.personalize/u0a299}, reason = oom_uncached, adj = 0, adjType = provider, adjSource = ProcessRecord{a6cd686 3577:com.android.systemui/u0a312}
03-23 10:32:04.313  1709  5347 D ActivityManager: sync unfroze 25211 com.motorola.personalize for 7
03-23 10:32:04.314  1709  3520 D BackgroundInstallControlService: Package event received: 0
03-23 10:32:05.854  1709  3380 D ActivityManager: freezing 9557 com.google.android.apps.messaging, reason = oom_cached
03-23 10:32:11.578  1709  1743 D ActivityManager: unfreezing ProcessRecord{252e6b0 12382:com.android.keychain/1000}, reason = oom_uncached, adj = 925, adjType = cch-empty, adjSource = null
03-23 10:32:11.579  1709  1743 D ActivityManager: sync unfroze 12382 com.android.keychain for 10
03-23 10:32:11.581  1709  1743 W ProcessStats: Tracking association SourceState{8397200 com.android.settings/1000 Service #1251988} whose proc state 8 is better than process ProcessState{2356a94 com.google.android.apps.wellbeing/10217 pkg=com.google.android.apps.wellbeing} proc state 15 (3 skipped)
03-23 10:32:11.599  1709  3361 E JobScheduler.Background: Couldn't determine stopped state for unknown package: com.motorola.leanbacklauncher
03-23 10:32:14.318  1709  3380 D ActivityManager: freezing 5670 com.google.android.apps.turbo, reason = oom_cached
03-23 10:32:21.604  1709  3361 W ProcessStats: Tracking association SourceState{8397200 com.android.settings/1000 Service #1251994} whose proc state 8 is better than process ProcessState{2356a94 com.google.android.apps.wellbeing/10217 pkg=com.google.android.apps.wellbeing} proc state 15 (0 skipped)
03-23 10:32:21.613  1709  3361 E JobScheduler.Background: Couldn't determine stopped state for unknown package: com.motorola.leanbacklauncher
03-23 10:32:21.952  1709  1743 D ActivityManager: unfreezing ProcessRecord{45fcb9e 15083:org.telegram.messenger/u0a396}, reason = unfreezeTemporarily, adj = 900, adjType = cch-empty, adjSource = null
03-23 10:32:21.953  1709  1743 D ActivityManager: sync unfroze 15083 org.telegram.messenger for 3
03-23 10:32:21.962  1709  3361 E JobScheduler.Background: Couldn't determine stopped state for unknown package: com.motorola.leanbacklauncher
03-23 10:32:21.982  1709  1743 D ActivityManager: unfreezing ProcessRecord{708dbbf 15786:ellipi.messenger/u0a416}, reason = unfreezeTemporarily, adj = 975, adjType = cch-empty, adjSource = null
03-23 10:32:21.983  1709  1743 D ActivityManager: sync unfroze 15786 ellipi.messenger for 3
03-23 10:32:21.994 15083 15083 D ActivityThread: Package [com.nonimusic.app] reported as REPLACED, but missing application info. Assuming REMOVED.
03-23 10:32:21.998  1709  3361 E JobScheduler.Background: Couldn't determine stopped state for unknown package: com.motorola.leanbacklauncher
03-23 10:32:22.000  1709  3520 D BackgroundInstallControlService: Package event received: 0
03-23 10:32:22.004 15083 15083 D ActivityThread: Package [com.nonimusic.app] reported as REPLACED, but missing application info. Assuming REMOVED.
03-23 10:32:22.034  1709  3520 D BackgroundInstallControlService: Package event received: 0
03-23 10:32:22.076  1709  3520 D BackgroundInstallControlService: Package event received: 0
03-23 10:32:22.553  1709  3520 D BackgroundInstallControlService: Package event received: 0
03-23 10:32:22.894  1709  5407 D CompatChangeReporter: Compat change id reported: 311208629; UID 10396; state: ENABLED
03-23 10:32:22.896  1709  5347 D CompatChangeReporter: Compat change id reported: 311402873; UID 10396; state: ENABLED
03-23 10:32:22.896  1709  5347 D CompatChangeReporter: Compat change id reported: 323349338; UID 10396; state: ENABLED
03-23 10:32:22.951  1709  3520 D BackgroundInstallControlService: Package event received: 0
03-23 10:32:23.492  1709  3520 D BackgroundInstallControlService: Package event received: 0
03-23 10:32:23.514  1709  1744 I ActivityManager: Start proc 17627:com.android.chrome/u0a227 for service {com.android.chrome/org.chromium.chrome.browser.customtabs.CustomTabsConnectionService}
03-23 10:32:23.514  1709  1744 I ActivityManager: ProcessObserver broadcast disabled
03-23 10:32:23.666  1709  3520 D BackgroundInstallControlService: Package event received: 0
03-23 10:32:23.734  1709  3520 D BackgroundInstallControlService: Package event received: 0
03-23 10:32:23.815  1709  5407 D BiometricService: canAuthenticate: User=0, Caller=0, Authenticators=65536
03-23 10:32:23.815  1709  5407 D BiometricService/PreAuthInfo: getCanAuthenticateInternal Modality: 0 AuthenticatorStatus: 13
03-23 10:32:23.815  1709  5407 D AuthService: canAuthenticate, userId: 0, callingUserId: 0, authenticators: 65536, result: 20
03-23 10:32:23.816  1709  5407 D BiometricService: canAuthenticate: User=0, Caller=0, Authenticators=255
03-23 10:32:23.817  1709  5407 D BiometricService/PreAuthInfo: Package: com.android.vending Sensor ID: 0 Modality: 2 User id: 0 Status: 7
03-23 10:32:23.817  1709  5407 D BiometricService/PreAuthInfo: Package: com.android.vending Sensor ID: 4 Modality: 8 User id: 0 Status: 7
03-23 10:32:23.817  1709  5407 D BiometricService/PreAuthInfo: getCanAuthenticateInternal Modality: 8 AuthenticatorStatus: 7
03-23 10:32:23.817  1709  5407 D AuthService: canAuthenticate, userId: 0, callingUserId: 0, authenticators: 255, result: 11
03-23 10:32:23.818  1709  5407 D BiometricService: canAuthenticate: User=0, Caller=0, Authenticators=255
03-23 10:32:23.819  1709  5407 D BiometricService/PreAuthInfo: Package: com.android.vending Sensor ID: 0 Modality: 2 User id: 0 Status: 7
03-23 10:32:23.819  1709  5407 D BiometricService/PreAuthInfo: Package: com.android.vending Sensor ID: 4 Modality: 8 User id: 0 Status: 7
03-23 10:32:23.819  1709  5407 D BiometricService/PreAuthInfo: getCanAuthenticateInternal Modality: 8 AuthenticatorStatus: 7
03-23 10:32:23.819  1709  5407 D AuthService: canAuthenticate, userId: 0, callingUserId: 0, authenticators: 255, result: 11
03-23 10:32:23.834  1709  5347 D BiometricService: canAuthenticate: User=0, Caller=0, Authenticators=15
03-23 10:32:23.835  1709  5347 D BiometricService/PreAuthInfo: Package: com.android.vending Sensor ID: 0 Modality: 2 User id: 0 Status: 7
03-23 10:32:23.835  1709  5347 D BiometricService/PreAuthInfo: Package: com.android.vending Sensor ID: 4 Modality: 8 User id: 0 Status: 7
03-23 10:32:23.835  1709  5347 D BiometricService/PreAuthInfo: getCanAuthenticateInternal Modality: 8 AuthenticatorStatus: 7
03-23 10:32:23.835  1709  5347 D AuthService: canAuthenticate, userId: 0, callingUserId: 0, authenticators: 15, result: 11
03-23 10:32:23.837  1709  5347 D BiometricService: canAuthenticate: User=0, Caller=0, Authenticators=32768
03-23 10:32:23.837  1709  5347 D BiometricService/PreAuthInfo: getCanAuthenticateInternal Modality: 1 AuthenticatorStatus: 9
03-23 10:32:23.837  1709  5347 D AuthService: canAuthenticate, userId: 0, callingUserId: 0, authenticators: 32768, result: 11
03-23 10:32:23.837  1709  5347 D BiometricService: canAuthenticate: User=0, Caller=0, Authenticators=15
03-23 10:32:23.838  1709  5347 D BiometricService/PreAuthInfo: Package: com.android.vending Sensor ID: 0 Modality: 2 User id: 0 Status: 7
03-23 10:32:23.838  1709  5347 D BiometricService/PreAuthInfo: Package: com.android.vending Sensor ID: 4 Modality: 8 User id: 0 Status: 7
03-23 10:32:23.838  1709  5347 D BiometricService/PreAuthInfo: getCanAuthenticateInternal Modality: 8 AuthenticatorStatus: 7
03-23 10:32:23.838  1709  5347 D AuthService: canAuthenticate, userId: 0, callingUserId: 0, authenticators: 15, result: 11
03-23 10:32:23.858  1709  5347 D BiometricService: canAuthenticate: User=0, Caller=0, Authenticators=15
03-23 10:32:23.858  1709  5347 D BiometricService/PreAuthInfo: Package: com.android.vending Sensor ID: 0 Modality: 2 User id: 0 Status: 7
03-23 10:32:23.858  1709  5347 D BiometricService/PreAuthInfo: Package: com.android.vending Sensor ID: 4 Modality: 8 User id: 0 Status: 7
03-23 10:32:23.859  1709  5347 D BiometricService/PreAuthInfo: getCanAuthenticateInternal Modality: 8 AuthenticatorStatus: 7
03-23 10:32:23.859  1709  5347 D AuthService: canAuthenticate, userId: 0, callingUserId: 0, authenticators: 15, result: 11
03-23 10:32:23.871  1709  5347 D BiometricService: canAuthenticate: User=0, Caller=0, Authenticators=15
03-23 10:32:23.872  1709  5347 D BiometricService/PreAuthInfo: Package: com.android.vending Sensor ID: 0 Modality: 2 User id: 0 Status: 7
03-23 10:32:23.872  1709  5347 D BiometricService/PreAuthInfo: Package: com.android.vending Sensor ID: 4 Modality: 8 User id: 0 Status: 7
03-23 10:32:23.872  1709  5347 D BiometricService/PreAuthInfo: getCanAuthenticateInternal Modality: 8 AuthenticatorStatus: 7
03-23 10:32:23.872  1709  5347 D AuthService: canAuthenticate, userId: 0, callingUserId: 0, authenticators: 15, result: 11
03-23 10:32:24.161  1709  5347 I ActivityManager: Flag disabled. Ignoring finishAttachApplication from uid: 10227. pid: 17627
03-23 10:32:27.012  1709  2313 W PackageManager: Not removing package com.google.android.trichromelibrary hosting lib com.google.android.trichromelibrary version 768011933 used by [VersionedPackage[com.android.chrome/768011933]] for user 0
03-23 10:32:28.389  1709  3520 D BackgroundInstallControlService: Package event received: 0
03-23 10:32:28.399  1709  1739 W NotificationHistory: Attempted to remove conversation for locked/gone/disabled user 0
03-23 10:32:28.511  1709  1739 W NotificationHistory: Attempted to remove conversation for locked/gone/disabled user 0
03-23 10:32:28.534  1709  1739 W NotificationHistory: Attempted to remove conversation for locked/gone/disabled user 0
03-23 10:32:30.334  1709  1743 I ActivityManager: Killing 14070:com.google.android.apps.youtube.music/u0a244 (adj 999, setSvc -10000): empty #31
03-23 10:32:30.425  1709  4028 I ActivityManager: appDiedLocked: app=ProcessRecord{459d2c0 14070:com.google.android.apps.youtube.music/u0a244} thread=android.os.BinderProxy@cbabc1e fromBinderDied=true isKilledByAm=true reason=null
03-23 10:32:30.429  1709  4028 D RestartModeController: markWaitRestartAppIsSuicided null processName=com.google.android.apps.youtube.music
03-23 10:32:30.429  1709  4028 D ActivityTaskManager: handleAppDied: uid=10244,diedCount=1,lastDiedTime=476529190,forceStopUids=false
03-23 10:32:31.604  1709  3380 D ActivityManager: freezing 6224 com.android.settings, reason = oom_cached
03-23 10:32:31.607  1709  3380 D ActivityManager: freezing 32163 com.google.android.apps.wellbeing, reason = oom_cached
03-23 10:32:31.609  1709  3380 D ActivityManager: freezing 12382 com.android.keychain, reason = oom_cached
03-23 10:32:33.558  1709  3380 D ActivityManager: freezing 17627 com.android.chrome, reason = oom_cached
03-23 10:32:35.225  1709  1743 D CompatChangeReporter: Compat change id reported: 151861875; UID 10313; state: ENABLED
03-23 10:32:35.245  1709  1744 I ActivityManager: Start proc 17665:ir.ilmili.telegraph/u0a313 for broadcast {ir.ilmili.telegraph/com.google.firebase.iid.FirebaseInstanceIdReceiver}
03-23 10:32:35.245  1709  1744 I ActivityManager: ProcessObserver broadcast disabled
03-23 10:32:35.294  1709  3361 E JobScheduler.Background: Couldn't determine stopped state for unknown package: com.motorola.leanbacklauncher
03-23 10:32:35.765 17665 17665 I DisplayManager: Implicitly registering for refresh rate
03-23 10:32:35.804  1709  5415 I ActivityManager: Flag disabled. Ignoring finishAttachApplication from uid: 10313. pid: 17665
03-23 10:32:35.818  1709  3520 D BackgroundInstallControlService: Package event received: 0
03-23 10:32:35.853  1709  1744 I ActivityManager: Start proc 17736:ir.ilmili.telegraph:AppMetrica/u0a313 for service {ir.ilmili.telegraph/io.appmetrica.analytics.internal.AppMetricaService}
03-23 10:32:35.853  1709  1744 I ActivityManager: ProcessObserver broadcast disabled
03-23 10:32:35.865  1709  5415 D CompatChangeReporter: Compat change id reported: 297989574; UID 10313; state: ENABLED
03-23 10:32:36.005  1709  4028 I ActivityManager: Flag disabled. Ignoring finishAttachApplication from uid: 10313. pid: 17736
03-23 10:32:36.541  1709  3313 D CompatChangeReporter: Compat change id reported: 311402873; UID 10313; state: ENABLED
03-23 10:32:36.541  1709  3313 D CompatChangeReporter: Compat change id reported: 323349338; UID 10313; state: ENABLED
03-23 10:32:36.549  1709  5415 D CompatChangeReporter: Compat change id reported: 311208629; UID 10313; state: ENABLED
03-23 10:32:37.760  1709  3313 I ActivityManager: Killing 12423:com.motorola.motosecurecore/u0a436 (adj 995, setSvc -10000): empty #31
03-23 10:32:37.764  1709  3313 I ActivityManager: Killing 15145:com.motorola.ccc.notification/u0a264 (adj 995, setSvc -10000): empty #32
03-23 10:32:37.814  1709  3313 I ActivityManager: appDiedLocked: app=ProcessRecord{1665c84 12423:com.motorola.motosecurecore/u0a436} thread=android.os.BinderProxy@b7a9d4f fromBinderDied=true isKilledByAm=true reason=null
03-23 10:32:37.815  1709  3313 D RestartModeController: markWaitRestartAppIsSuicided null processName=com.motorola.motosecurecore
03-23 10:32:37.816  1709  3313 D ActivityTaskManager: handleAppDied: uid=10436,diedCount=1,lastDiedTime=479505943,forceStopUids=false
03-23 10:32:37.851  1709  5415 I ActivityManager: appDiedLocked: app=ProcessRecord{3b1c33c 15145:com.motorola.ccc.notification/u0a264} thread=android.os.BinderProxy@5c621e5 fromBinderDied=true isKilledByAm=true reason=null
03-23 10:32:37.853  1709  5415 D RestartModeController: markWaitRestartAppIsSuicided null processName=com.motorola.ccc.notification
03-23 10:32:37.854  1709  5415 D ActivityTaskManager: handleAppDied: uid=10264,diedCount=1,lastDiedTime=472979411,forceStopUids=false
03-23 10:32:40.347  1709  3380 D ActivityManager: freezing 25211 com.motorola.personalize, reason = oom_cached
03-23 10:32:43.387  1709  1743 W ActivityManager: Stopping service due to app idle: u0a344 -16m54s768ms com.whatsapp/.messageservice.messaging.MessageService
03-23 10:32:43.642  1709  3361 E JobScheduler.Background: Couldn't determine stopped state for unknown package: com.motorola.leanbacklauncher
03-23 10:32:43.723  1709  3361 E JobScheduler.Background: Couldn't determine stopped state for unknown package: com.motorola.leanbacklauncher
03-23 10:32:45.050  1709  3361 E JobScheduler.Background: Couldn't determine stopped state for unknown package: com.motorola.leanbacklauncher
03-23 10:32:45.116  1709  5415 D CompatChangeReporter: Compat change id reported: 297989574; UID 10201; state: ENABLED
03-23 10:32:47.732  1709  1743 D ActivityManager: unfreezing ProcessRecord{9aa2e41 16304:com.indus.appstore/u0a425}, reason = unfreezeTemporarily, adj = 945, adjType = cch-empty, adjSource = null
03-23 10:32:47.738  1709  1743 D ActivityManager: sync unfroze 16304 com.indus.appstore for 3
03-23 10:32:53.661  1709  3380 D ActivityManager: freezing 15083 org.telegram.messenger, reason = oom_cached
03-23 10:32:54.355  1709  3380 D ActivityManager: freezing 15786 ellipi.messenger, reason = oom_cached
03-23 10:32:55.054  1709  3361 E JobScheduler.Background: Couldn't determine stopped state for unknown package: com.motorola.leanbacklauncher
03-23 10:32:55.293  1709  3361 E JobScheduler.Background: Couldn't determine stopped state for unknown package: com.motorola.leanbacklauncher
03-23 10:32:57.939  1709  3380 D ActivityManager: freezing 16304 com.indus.appstore, reason = oom_cached
03-23 10:33:05.320  1709  3380 D ActivityManager: freezing 17736 ir.ilmili.telegraph:AppMetrica, reason = oom_cached
03-23 10:33:05.325  1709  3380 D ActivityManager: freezing 17665 ir.ilmili.telegraph, reason = oom_cached
