03-23 10:00:13.486  1830 22044 D DlbDapEffectContext: DapEffectContext[0xb40000787c64ccf0] getDapParameter() outval size = 4, ret = 0
03-23 10:00:13.492  1819  3337 I slpi    : STK3ACX ALS_OC: lux:35.279999, last_ps:0[210], CH0:42, CH2:20, CH4:4, AWAIT:32, ACRL:36, AGAIN:32, INT1:9, INT2:0, PS:52, LED:92, flag:65, state:7, scale:105.388,als_sel:1(0)
03-23 10:00:13.493  2066  2066 D Scheduler: notifyScrollEvent state=1, mAcceptScrollEvent=1 touchGuess=0
03-23 10:00:13.494 15909 15909 I MotoDesktopLog: [ R4DisplayService ] - getFoldType, mFoldType0
03-23 10:00:13.494 15909 15909 I MotoDesktopLog: [ FS_ScreenSizeManager ] - [Display] Changed display: 0
03-23 10:00:13.494 15909 15909 I MotoDesktopLog: [ FS_ScreenSizeManager ] - [Display] Current activity display id: null
03-23 10:00:13.494 15909 15909 I MotoDesktopLog: [ FS_ScreenSizeManager ] - [Logic] Retrieved display info: LogicDisplayInfo(width=1220, height=2712, orientation=1, rotation=0, displayId=0)
03-23 10:00:13.494 15909 15909 I MotoDesktopLog: [ FS_ScreenSizeManager ] - [Display] New logical size: 1220x2712
03-23 10:00:13.494 15909 15909 I MotoDesktopLog: [ FS_ScreenSizeManager ] - [Display] Screen width unchanged: 1220
03-23 10:00:13.500  1709  5415 D CoreBackPreview: Window{85ab2c9 u0 NotificationShade}: Setting back callback OnBackInvokedCallbackInfo{mCallback=android.window.IOnBackInvokedCallback$Stub$Proxy@91ad31e, mPriority=0, mIsAnimationCallback=false, mOverrideBehavior=0}
03-23 10:00:13.503  3577  4167 D RingtonePlayer: stopAsync()
03-23 10:00:13.503  3577  4167 D RingtonePlayer: stop
03-23 10:00:13.504  2480 10675 D LooperExecutor: main execute: com.android.quickstep.TouchInteractionService$TISBinder$$ExternalSyntheticLambda2@31d50d2
03-23 10:00:13.524  1830 22044 D DlbDapEffectContext: DapEffectContext[0xb40000787c64ccf0] getDapParameter() outval size = 4, ret = 0
03-23 10:00:13.554  3577  3577 I FalsingManager: Skipped falsing. interactionType=0
03-23 10:00:13.554  3577  3577 I FalsingManager: Skipped falsing. interactionType=0
03-23 10:00:13.566  1830 22044 D DlbDapEffectContext: DapEffectContext[0xb40000787c64ccf0] getDapParameter() outval size = 4, ret = 0
03-23 10:00:13.569  3577  3949 D Surface : Surface::disconnect
03-23 10:00:13.569  3577  3949 D BufferQueueProducer: [FreeformPillView#126016(BLAST Consumer)pid:3577](id:df900002cbe,api:1,p:3577,c:3577) disconnect: api 1
03-23 10:00:13.572  2066  2282 I BpBinder: onLastStrongRef automatically unlinking death recipients: 
03-23 10:00:13.573  2066  2282 I BpBinder: onLastStrongRef automatically unlinking death recipients: 
03-23 10:00:13.574  3577  3577 V MotoExtHwManager: disableGripSuppress edge = 0, leftStart = -1, leftEnd = -1, rightStart = -1, rightEnd = -1, TOKEN = motorola.core_services.misc.MotoExtHwManager$RemoteCallback@f95f4eb by (com.android.systemui)
03-23 10:00:13.575  3577  3577 D DeviceEntryIconViewBinder: Initializing device entry fgIconView
03-23 10:00:13.576  2066  2066 I BpBinder: onLastStrongRef automatically unlinking death recipients: 
03-23 10:00:13.578  3577  3982 D StatusBar##isHomeStatusBarAllowed: newValue: false
03-23 10:00:13.579  1852  1852 I QTI PowerHAL: Power setMode: 6 to: 1
03-23 10:00:13.580  1852  1852 E QTI PowerHAL: Failed to acquire lock for hint_id: 10A5.
03-23 10:00:13.582  2066  2285 D SurfaceFlinger: updateWinowInfo=1, setFocusedWindow timestamp=478955360861509, windowName=85ab2c9 NotificationShade
03-23 10:00:13.586  2480 10675 D LooperExecutor: main execute: com.android.quickstep.TouchInteractionService$TISBinder$$ExternalSyntheticLambda2@68795a3
03-23 10:00:13.589  1709  5407 D SystemServerTiming: getUserSwitchability-0
03-23 10:00:13.589  1709  5407 D SystemServerTiming: TM.isInCall
03-23 10:00:13.590  1709  5407 D SystemServerTiming: hasUserRestriction-DISALLOW_USER_SWITCH
03-23 10:00:13.590  1709  5407 D SystemServerTiming: getInt-ALLOW_USER_SWITCHING_WHEN_SYSTEM_USER_LOCKED
03-23 10:00:13.590  1709  5407 D SystemServerTiming: isUserUnlocked-USER_SYSTEM
03-23 10:00:13.596  1709  5415 D SystemServerTiming: getUserSwitchability-0
03-23 10:00:13.596  1709  5415 D SystemServerTiming: TM.isInCall
03-23 10:00:13.597  1709  5415 D SystemServerTiming: hasUserRestriction-DISALLOW_USER_SWITCH
03-23 10:00:13.597  1709  5415 D SystemServerTiming: getInt-ALLOW_USER_SWITCHING_WHEN_SYSTEM_USER_LOCKED
03-23 10:00:13.597  1709  5415 D SystemServerTiming: isUserUnlocked-USER_SYSTEM
03-23 10:00:13.603  1830 22044 D DlbDapEffectContext: DapEffectContext[0xb40000787c64ccf0] getDapParameter() outval size = 4, ret = 0
03-23 10:00:13.603  3577  3577 D BiometricsRepositoryImpl: currentUser authFlags changed, new value: AuthenticationFlags(userId=0, flag=0)
03-23 10:00:13.604  3577  3577 D BiometricsRepositoryImpl: currentUser authFlags changed, new value: AuthenticationFlags(userId=0, flag=0)
03-23 10:00:13.604  3577  3577 D BiometricsRepositoryImpl: currentUser authFlags changed, new value: AuthenticationFlags(userId=0, flag=0)
03-23 10:00:13.605  3577  3577 D BiometricsRepositoryImpl: currentUser authFlags changed, new value: AuthenticationFlags(userId=0, flag=0)
03-23 10:00:13.605  3577  3577 D BiometricsRepositoryImpl: currentUser authFlags changed, new value: AuthenticationFlags(userId=0, flag=0)
03-23 10:00:13.605  3577  3577 D BiometricsRepositoryImpl: currentUser authFlags changed, new value: AuthenticationFlags(userId=0, flag=0)
03-23 10:00:13.607  3577  3967 I QAWController: Re-creating the QAW client to avoid stale.
03-23 10:00:13.609  3577  3880 D ControlsListingControllerImpl: Subscribing callback, service count: 1
03-23 10:00:13.609  3577  3880 E QuickAccessWalletKeyguardQuickAffordanceConfig: Wallet card retrieval error, message: "null"
03-23 10:00:13.610  3577  3880 D ControlsListingControllerImpl: Subscribing callback, service count: 1
03-23 10:00:13.610  3577  3880 D ControlsListingControllerImpl: Subscribing callback, service count: 1
03-23 10:00:13.612  3577  3880 E QuickAccessWalletKeyguardQuickAffordanceConfig: Wallet card retrieval error, message: "null"
03-23 10:00:13.612  3577  3880 E QuickAccessWalletKeyguardQuickAffordanceConfig: Wallet card retrieval error, message: "null"
03-23 10:00:13.645  1830 22044 D DlbDapEffectContext: DapEffectContext[0xb40000787c64ccf0] getDapParameter() outval size = 4, ret = 0
03-23 10:00:13.685  1830 22044 D DlbDapEffectContext: DapEffectContext[0xb40000787c64ccf0] getDapParameter() outval size = 4, ret = 0
03-23 10:00:13.703  3577  3577 D DeviceEntryIconViewBinder: Updating device entry icon image state ForegroundIconViewModel(type=UNLOCK, useAodVariant=false, tint=-1, padding=42)
03-23 10:00:13.725  1830 22044 D DlbDapEffectContext: DapEffectContext[0xb40000787c64ccf0] getDapParameter() outval size = 4, ret = 0
03-23 10:00:13.760  1993  5465 E ANDR-PERF-LM: StatsProvider: stats_nl_error_callback() 145: NL SOC receive error: No such process
03-23 10:00:13.760  1993  5465 E ANDR-PERF-LM: StatsProvider: sendRecvData() 386: nl_recvmsgs failed return=-12
03-23 10:00:13.760  1993  5465 E ANDR-PERF-LM: StatsProvider: getPIDStats() 198: sendRecvData returned error = -4
03-23 10:00:13.764  1830 22044 D DlbDapEffectContext: DapEffectContext[0xb40000787c64ccf0] getDapParameter() outval size = 4, ret = 0
03-23 10:00:13.805  1830 22044 D DlbDapEffectContext: DapEffectContext[0xb40000787c64ccf0] getDapParameter() outval size = 4, ret = 0
03-23 10:00:13.807  1819  3337 I slpi    : STK3ACX ALS_OC: lux:24.360001, last_ps:0[318], CH0:29, CH2:16, CH4:4, AWAIT:32, ACRL:36, AGAIN:32, INT1:9, INT2:0, PS:52, LED:92, flag:65, state:7, scale:105.388,als_sel:1(0)
03-23 10:00:13.844  1830 22044 D DlbDapEffectContext: DapEffectContext[0xb40000787c64ccf0] getDapParameter() outval size = 4, ret = 0
03-23 10:00:13.886  2480 10675 D LooperExecutor: main execute: com.android.quickstep.TouchInteractionService$TISBinder$$ExternalSyntheticLambda2@66490a0
03-23 10:00:13.887  1830 22044 D DlbDapEffectContext: DapEffectContext[0xb40000787c64ccf0] getDapParameter() outval size = 4, ret = 0
03-23 10:00:13.911  1819  3337 I slpi    : STK3ACX ALS_OC: lux:7.560000, last_ps:0[272], CH0:9, CH2:9, CH4:3, AWAIT:32, ACRL:36, AGAIN:32, INT1:9, INT2:0, PS:52, LED:92, flag:65, state:7, scale:105.388,als_sel:1(0)
03-23 10:00:13.923  1830 22044 D DlbDapEffectContext: DapEffectContext[0xb40000787c64ccf0] getDapParameter() outval size = 4, ret = 0
03-23 10:00:13.964  1830 22044 D DlbDapEffectContext: DapEffectContext[0xb40000787c64ccf0] getDapParameter() outval size = 4, ret = 0
03-23 10:00:14.005  1830 22044 D DlbDapEffectContext: DapEffectContext[0xb40000787c64ccf0] getDapParameter() outval size = 4, ret = 0
03-23 10:00:14.045  1830 22044 D DlbDapEffectContext: DapEffectContext[0xb40000787c64ccf0] getDapParameter() outval size = 4, ret = 0
03-23 10:00:14.060  1993  5465 E ANDR-PERF-LM: StatsProvider: stats_nl_error_callback() 145: NL SOC receive error: No such process
03-23 10:00:14.060  1993  5465 E ANDR-PERF-LM: StatsProvider: sendRecvData() 386: nl_recvmsgs failed return=-12
03-23 10:00:14.061  1993  5465 E ANDR-PERF-LM: StatsProvider: getPIDStats() 198: sendRecvData returned error = -4
03-23 10:00:14.084  1830 22044 D DlbDapEffectContext: DapEffectContext[0xb40000787c64ccf0] getDapParameter() outval size = 4, ret = 0
03-23 10:00:14.121  1819  3337 I slpi    : STK3ACX ALS_OC: lux:26.879999, last_ps:0[241], CH0:32, CH2:17, CH4:4, AWAIT:32, ACRL:36, AGAIN:32, INT1:9, INT2:0, PS:52, LED:92, flag:65, state:7, scale:105.388,als_sel:1(0)
03-23 10:00:14.126  1830 22044 D DlbDapEffectContext: DapEffectContext[0xb40000787c64ccf0] getDapParameter() outval size = 4, ret = 0
03-23 10:00:14.163  1830 22044 D DlbDapEffectContext: DapEffectContext[0xb40000787c64ccf0] getDapParameter() outval size = 4, ret = 0
03-23 10:00:14.205  1830 22044 D DlbDapEffectContext: DapEffectContext[0xb40000787c64ccf0] getDapParameter() outval size = 4, ret = 0
03-23 10:00:14.226  1819  3337 I slpi    : STK3ACX ALS_OC: lux:32.759998, last_ps:0[208], CH0:39, CH2:19, CH4:4, AWAIT:32, ACRL:36, AGAIN:32, INT1:9, INT2:0, PS:52, LED:92, flag:65, state:7, scale:105.388,als_sel:1(0)
03-23 10:00:14.245  1830 22044 D DlbDapEffectContext: DapEffectContext[0xb40000787c64ccf0] getDapParameter() outval size = 4, ret = 0
03-23 10:00:14.283  1830 22044 D DlbDapEffectContext: DapEffectContext[0xb40000787c64ccf0] getDapParameter() outval size = 4, ret = 0
03-23 10:00:14.325  1830 22044 D DlbDapEffectContext: DapEffectContext[0xb40000787c64ccf0] getDapParameter() outval size = 4, ret = 0
03-23 10:00:14.330  1819  3337 I slpi    : STK3ACX ALS_OC: lux:36.119999, last_ps:0[207], CH0:43, CH2:20, CH4:4, AWAIT:32, ACRL:36, AGAIN:32, INT1:9, INT2:0, PS:52, LED:92, flag:65, state:7, scale:105.388,als_sel:1(0)
03-23 10:00:14.361  1993  5465 E ANDR-PERF-LM: StatsProvider: stats_nl_error_callback() 145: NL SOC receive error: No such process
03-23 10:00:14.361  1993  5465 E ANDR-PERF-LM: StatsProvider: sendRecvData() 386: nl_recvmsgs failed return=-12
03-23 10:00:14.362  1993  5465 E ANDR-PERF-LM: StatsProvider: getPIDStats() 198: sendRecvData returned error = -4
03-23 10:00:14.366  1830 22044 D DlbDapEffectContext: DapEffectContext[0xb40000787c64ccf0] getDapParameter() outval size = 4, ret = 0
03-23 10:00:14.366  1830 21279 E DlbEffectContext: getParam() called with invalid parameter id 1953655149
03-23 10:00:14.366  2049  2821 D EffectModule: process:  profile=0  music=0  speech=0
03-23 10:00:14.392  1852  1852 I QTI PowerHAL: Power setMode: 6 to: 0
03-23 10:00:14.404  1830 22044 D DlbDapEffectContext: DapEffectContext[0xb40000787c64ccf0] getDapParameter() outval size = 4, ret = 0
03-23 10:00:14.445  1830 22044 D DlbDapEffectContext: DapEffectContext[0xb40000787c64ccf0] getDapParameter() outval size = 4, ret = 0
03-23 10:00:14.486  1830 22044 D DlbDapEffectContext: DapEffectContext[0xb40000787c64ccf0] getDapParameter() outval size = 4, ret = 0
03-23 10:00:14.525  1830 22044 D DlbDapEffectContext: DapEffectContext[0xb40000787c64ccf0] getDapParameter() outval size = 4, ret = 0
03-23 10:00:14.563  1852  1852 I QTI PowerHAL: Power setMode: 6 to: 1
03-23 10:00:14.564  1852  1852 E QTI PowerHAL: Failed to acquire lock for hint_id: 10A5.
03-23 10:00:14.564  1830 22044 D DlbDapEffectContext: DapEffectContext[0xb40000787c64ccf0] getDapParameter() outval size = 4, ret = 0
03-23 10:00:14.605  1830 22044 D DlbDapEffectContext: DapEffectContext[0xb40000787c64ccf0] getDapParameter() outval size = 4, ret = 0
03-23 10:00:14.642  1852  1852 I QTI PowerHAL: Power setMode: 6 to: 0
03-23 10:00:14.644  1830 22044 D DlbDapEffectContext: DapEffectContext[0xb40000787c64ccf0] getDapParameter() outval size = 4, ret = 0
03-23 10:00:14.662  1993  5465 E ANDR-PERF-LM: StatsProvider: stats_nl_error_callback() 145: NL SOC receive error: No such process
03-23 10:00:14.662  1993  5465 E ANDR-PERF-LM: StatsProvider: sendRecvData() 386: nl_recvmsgs failed return=-12
03-23 10:00:14.662  1993  5465 E ANDR-PERF-LM: StatsProvider: getPIDStats() 198: sendRecvData returned error = -4
03-23 10:00:14.690  1830 22044 D DlbDapEffectContext: DapEffectContext[0xb40000787c64ccf0] getDapParameter() outval size = 4, ret = 0
03-23 10:00:14.730  1830 22044 D DlbDapEffectContext: DapEffectContext[0xb40000787c64ccf0] getDapParameter() outval size = 4, ret = 0
03-23 10:00:14.770  1830 22044 D DlbDapEffectContext: DapEffectContext[0xb40000787c64ccf0] getDapParameter() outval size = 4, ret = 0
03-23 10:00:14.810  1830 22044 D DlbDapEffectContext: DapEffectContext[0xb40000787c64ccf0] getDapParameter() outval size = 4, ret = 0
03-23 10:00:14.812  2066  2275 I Scheduler: applyPolicy: UpdateRefreshRate 120 to 60 of group 0: [touch=0:0 touchBoost=0 scroll=0:0 idle=1:1 prr=0:0 brightnessDiming=0:0 qvrr=0:0] for display 4630946747577212034
03-23 10:00:14.812  2066  2275 D DisplayModeController: setDesiredMode 4630946747577212034 {mode={fps=60.00 Hz, modePtr={id=2, vsyncRate=60.00 Hz, peakRefreshRate=60.00 Hz}}, emitEvent=false, force=false}
03-23 10:00:14.812  2066  2275 I DisplayModeController: Desired transition mode changed. 120 -> 60
03-23 10:00:14.816  2066  2245 D VSyncReactor: 4630946747577212034: confirming period 8->16(cnt1)
03-23 10:00:14.817  2066  2066 I SurfaceFlinger: initiateDisplayModeChanges changing active mode from 0(120.00 Hz:0) to 1(90.00 Hz:0) for display 4630946747577212034
03-23 10:00:14.817  2066  2066 I SurfaceFlinger: initiateDisplayModeChanges active mode changed to 1(90.00 Hz) for display 4630946747577212034. mBrightnessDimingCnt=0
03-23 10:00:14.818  1965  2159 W SDM     : HWDeviceDRM::GetSupportedBitClkRate: Requested rate not supported: 0
03-23 10:00:14.818  1965  2159 I SDM     : HWDeviceDRM::UpdateMixerAttributes: Mixer WxH 1220x2712-1 for Peripheral
03-23 10:00:14.819  1965  2159 I SDM     : HWCDisplay::SubmitDisplayConfig: Active configuration changed from config 0 to 1
03-23 10:00:14.821  1852  1852 I QTI PowerHAL: Power setMode: 6 to: 1
03-23 10:00:14.822  1852  1852 E QTI PowerHAL: Failed to acquire lock for hint_id: 10A5.
03-23 10:00:14.826  2066  2066 I SurfaceFlinger: initiateDisplayModeChanges changing active mode from 1(90.00 Hz:0) to 1(90.00 Hz:0) for display 4630946747577212034
03-23 10:00:14.833  2066  2245 D VSyncReactor: 4630946747577212034: period 11 confirmed(cnt2)
03-23 10:00:14.849  1830 22044 D DlbDapEffectContext: DapEffectContext[0xb40000787c64ccf0] getDapParameter() outval size = 4, ret = 0
03-23 10:00:14.853  2066  2066 I SurfaceFlinger: initiateDisplayModeChanges changing active mode from 1(90.00 Hz:0) to 2(60.00 Hz:0) for display 4630946747577212034
03-23 10:00:14.853  2066  2066 I SurfaceFlinger: initiateDisplayModeChanges active mode changed to 2(60.00 Hz) for display 4630946747577212034. mBrightnessDimingCnt=0
03-23 10:00:14.854  1965  2159 W SDM     : HWDeviceDRM::GetSupportedBitClkRate: Requested rate not supported: 0
03-23 10:00:14.854  1965  2159 I SDM     : HWDeviceDRM::UpdateMixerAttributes: Mixer WxH 1220x2712-1 for Peripheral
03-23 10:00:14.855  1965  2159 I SDM     : HWCDisplay::SubmitDisplayConfig: Active configuration changed from config 1 to 2
03-23 10:00:14.867  2066  2066 I SurfaceFlinger: initiateDisplayModeChanges changing active mode from 2(60.00 Hz:0) to 2(60.00 Hz:0) for display 4630946747577212034
03-23 10:00:14.890  1830 22044 D DlbDapEffectContext: DapEffectContext[0xb40000787c64ccf0] getDapParameter() outval size = 4, ret = 0
03-23 10:00:14.924  1830 22044 D DlbDapEffectContext: DapEffectContext[0xb40000787c64ccf0] getDapParameter() outval size = 4, ret = 0
03-23 10:00:14.934  1852  1852 I QTI PowerHAL: Power setMode: 6 to: 0
03-23 10:00:14.963  1993  5465 E ANDR-PERF-LM: StatsProvider: stats_nl_error_callback() 145: NL SOC receive error: No such process
03-23 10:00:14.963  1993  5465 E ANDR-PERF-LM: StatsProvider: sendRecvData() 386: nl_recvmsgs failed return=-12
03-23 10:00:14.963  1993  5465 E ANDR-PERF-LM: StatsProvider: getPIDStats() 198: sendRecvData returned error = -4
03-23 10:00:14.969  1830 22044 D DlbDapEffectContext: DapEffectContext[0xb40000787c64ccf0] getDapParameter() outval size = 4, ret = 0
03-23 10:00:15.011  1830 22044 D DlbDapEffectContext: DapEffectContext[0xb40000787c64ccf0] getDapParameter() outval size = 4, ret = 0
03-23 10:00:15.016  2066  2066 D Scheduler: notifyScrollEvent state=0, mAcceptScrollEvent=1 touchGuess=0
03-23 10:00:15.046  1830 22044 D DlbDapEffectContext: DapEffectContext[0xb40000787c64ccf0] getDapParameter() outval size = 4, ret = 0
03-23 10:00:15.070  2066  2275 I Scheduler: applyPolicy: UpdateRefreshRate 60 to 120 of group 0: [touch=0:0 touchBoost=0 scroll=0:0 idle=0:0 prr=0:0 brightnessDiming=0:0 qvrr=0:0] for display 4630946747577212034
03-23 10:00:15.070  2066  2275 D DisplayModeController: setDesiredMode 4630946747577212034 {mode={fps=120.00 Hz, modePtr={id=0, vsyncRate=120.00 Hz, peakRefreshRate=120.00 Hz}}, emitEvent=true, force=false}
03-23 10:00:15.071  2066  2275 I DisplayModeController: Desired transition mode changed. 60 -> 120
03-23 10:00:15.084  2066  2245 D VSyncReactor: 4630946747577212034: confirming period 16->8(cnt1)
03-23 10:00:15.084  1830 22044 D DlbDapEffectContext: DapEffectContext[0xb40000787c64ccf0] getDapParameter() outval size = 4, ret = 0
03-23 10:00:15.089  2066  2066 I SurfaceFlinger: initiateDisplayModeChanges changing active mode from 2(60.00 Hz:0) to 1(90.00 Hz:0) for display 4630946747577212034
03-23 10:00:15.089  2066  2066 I SurfaceFlinger: initiateDisplayModeChanges active mode changed to 1(90.00 Hz) for display 4630946747577212034. mBrightnessDimingCnt=0
03-23 10:00:15.090  1965  2159 W SDM     : HWDeviceDRM::GetSupportedBitClkRate: Requested rate not supported: 0
03-23 10:00:15.090  1965  2159 I SDM     : HWDeviceDRM::UpdateMixerAttributes: Mixer WxH 1220x2712-1 for Peripheral
03-23 10:00:15.091  1965  2159 I SDM     : HWCDisplay::SubmitDisplayConfig: Active configuration changed from config 2 to 1
03-23 10:00:15.092  1852  1852 I QTI PowerHAL: Power setMode: 6 to: 1
03-23 10:00:15.093  1852  1852 E QTI PowerHAL: Failed to acquire lock for hint_id: 10A5.
03-23 10:00:15.123  2066  2066 I SurfaceFlinger: initiateDisplayModeChanges changing active mode from 1(90.00 Hz:0) to 1(90.00 Hz:0) for display 4630946747577212034
03-23 10:00:15.125  1830 22044 D DlbDapEffectContext: DapEffectContext[0xb40000787c64ccf0] getDapParameter() outval size = 4, ret = 0
03-23 10:00:15.128  2066  2245 D VSyncReactor: 4630946747577212034: period 11 confirmed(cnt3)
03-23 10:00:15.147  2066  2066 I SurfaceFlinger: initiateDisplayModeChanges changing active mode from 1(90.00 Hz:0) to 0(120.00 Hz:0) for display 4630946747577212034
03-23 10:00:15.148  2066  2066 I SurfaceFlinger: initiateDisplayModeChanges active mode changed to 0(120.00 Hz) for display 4630946747577212034. mBrightnessDimingCnt=0
03-23 10:00:15.149  1965  2159 W SDM     : HWDeviceDRM::GetSupportedBitClkRate: Requested rate not supported: 0
03-23 10:00:15.149  1965  2159 I SDM     : HWDeviceDRM::UpdateMixerAttributes: Mixer WxH 1220x2712-1 for Peripheral
03-23 10:00:15.150  1965  2159 I SDM     : HWCDisplay::SubmitDisplayConfig: Active configuration changed from config 1 to 0
03-23 10:00:15.156  2066  2066 I Scheduler: onDisplayModeChanged: [0 120 0x0]
03-23 10:00:15.157  2066  2066 I SurfaceFlinger: initiateDisplayModeChanges changing active mode from 0(120.00 Hz:0) to 0(120.00 Hz:0) for display 4630946747577212034
03-23 10:00:15.169  1830 22044 D DlbDapEffectContext: DapEffectContext[0xb40000787c64ccf0] getDapParameter() outval size = 4, ret = 0
03-23 10:00:15.209  1830 22044 D DlbDapEffectContext: DapEffectContext[0xb40000787c64ccf0] getDapParameter() outval size = 4, ret = 0
03-23 10:00:15.250  1830 22044 D DlbDapEffectContext: DapEffectContext[0xb40000787c64ccf0] getDapParameter() outval size = 4, ret = 0
03-23 10:00:15.255  1852  1852 I QTI PowerHAL: Power setMode: 6 to: 0
03-23 10:00:15.264  1993  5465 E ANDR-PERF-LM: StatsProvider: stats_nl_error_callback() 145: NL SOC receive error: No such process
03-23 10:00:15.264  1993  5465 E ANDR-PERF-LM: StatsProvider: sendRecvData() 386: nl_recvmsgs failed return=-12
03-23 10:00:15.264  1993  5465 E ANDR-PERF-LM: StatsProvider: getPIDStats() 198: sendRecvData returned error = -4
03-23 10:00:15.287  1830 22044 D DlbDapEffectContext: DapEffectContext[0xb40000787c64ccf0] getDapParameter() outval size = 4, ret = 0
03-23 10:00:15.332  1830 22044 D DlbDapEffectContext: DapEffectContext[0xb40000787c64ccf0] getDapParameter() outval size = 4, ret = 0
03-23 10:00:15.369  1830 22044 D DlbDapEffectContext: DapEffectContext[0xb40000787c64ccf0] getDapParameter() outval size = 4, ret = 0
03-23 10:00:15.411  1830 22044 D DlbDapEffectContext: DapEffectContext[0xb40000787c64ccf0] getDapParameter() outval size = 4, ret = 0
03-23 10:00:15.411  2066  2275 I Scheduler: applyPolicy: UpdateRefreshRate 120 to 60 of group 0: [touch=0:0 touchBoost=0 scroll=0:0 idle=1:1 prr=0:0 brightnessDiming=0:0 qvrr=0:0] for display 4630946747577212034
03-23 10:00:15.411  2066  2275 D DisplayModeController: setDesiredMode 4630946747577212034 {mode={fps=60.00 Hz, modePtr={id=2, vsyncRate=60.00 Hz, peakRefreshRate=60.00 Hz}}, emitEvent=false, force=false}
03-23 10:00:15.411  2066  2275 I DisplayModeController: Desired transition mode changed. 120 -> 60
03-23 10:00:15.415  2066  2245 D VSyncReactor: 4630946747577212034: confirming period 8->16(cnt1)
03-23 10:00:15.416  2066  2066 I SurfaceFlinger: initiateDisplayModeChanges changing active mode from 0(120.00 Hz:0) to 1(90.00 Hz:0) for display 4630946747577212034
03-23 10:00:15.416  2066  2066 I SurfaceFlinger: initiateDisplayModeChanges active mode changed to 1(90.00 Hz) for display 4630946747577212034. mBrightnessDimingCnt=0
03-23 10:00:15.417  1965  2159 W SDM     : HWDeviceDRM::GetSupportedBitClkRate: Requested rate not supported: 0
03-23 10:00:15.417  1965  2159 I SDM     : HWDeviceDRM::UpdateMixerAttributes: Mixer WxH 1220x2712-1 for Peripheral
03-23 10:00:15.418  1965  2159 I SDM     : HWCDisplay::SubmitDisplayConfig: Active configuration changed from config 0 to 1
03-23 10:00:15.421  1852  1852 I QTI PowerHAL: Power setMode: 6 to: 1
03-23 10:00:15.422  1852  1852 E QTI PowerHAL: Failed to acquire lock for hint_id: 10A5.
03-23 10:00:15.426  2066  2066 I SurfaceFlinger: initiateDisplayModeChanges changing active mode from 1(90.00 Hz:0) to 1(90.00 Hz:0) for display 4630946747577212034
03-23 10:00:15.432  2066  2245 D VSyncReactor: 4630946747577212034: period 11 confirmed(cnt2)
03-23 10:00:15.450  1830 22044 D DlbDapEffectContext: DapEffectContext[0xb40000787c64ccf0] getDapParameter() outval size = 4, ret = 0
03-23 10:00:15.451  2066  2066 I SurfaceFlinger: initiateDisplayModeChanges changing active mode from 1(90.00 Hz:0) to 2(60.00 Hz:0) for display 4630946747577212034
03-23 10:00:15.452  2066  2066 I SurfaceFlinger: initiateDisplayModeChanges active mode changed to 2(60.00 Hz) for display 4630946747577212034. mBrightnessDimingCnt=0
03-23 10:00:15.453  1965  2159 W SDM     : HWDeviceDRM::GetSupportedBitClkRate: Requested rate not supported: 0
03-23 10:00:15.453  1965  2159 I SDM     : HWDeviceDRM::UpdateMixerAttributes: Mixer WxH 1220x2712-1 for Peripheral
03-23 10:00:15.453  1965  2159 I SDM     : HWCDisplay::SubmitDisplayConfig: Active configuration changed from config 1 to 2
03-23 10:00:15.466  2066  2066 I SurfaceFlinger: initiateDisplayModeChanges changing active mode from 2(60.00 Hz:0) to 2(60.00 Hz:0) for display 4630946747577212034
03-23 10:00:15.487  1830 22044 D DlbDapEffectContext: DapEffectContext[0xb40000787c64ccf0] getDapParameter() outval size = 4, ret = 0
03-23 10:00:15.525  1830 22044 D DlbDapEffectContext: DapEffectContext[0xb40000787c64ccf0] getDapParameter() outval size = 4, ret = 0
03-23 10:00:15.532  1852  1852 I QTI PowerHAL: Power setMode: 6 to: 0
03-23 10:00:15.565  1993  5465 E ANDR-PERF-LM: StatsProvider: stats_nl_error_callback() 145: NL SOC receive error: No such process
03-23 10:00:15.566  1993  5465 E ANDR-PERF-LM: StatsProvider: sendRecvData() 386: nl_recvmsgs failed return=-12
03-23 10:00:15.566  1993  5465 E ANDR-PERF-LM: StatsProvider: getPIDStats() 198: sendRecvData returned error = -4
03-23 10:00:15.569  2066  2275 I Scheduler: applyPolicy: UpdateRefreshRate 60 to 120 of group 0: [touch=0:0 touchBoost=0 scroll=0:0 idle=0:0 prr=0:0 brightnessDiming=0:0 qvrr=0:0] for display 4630946747577212034
03-23 10:00:15.570  1830 22044 D DlbDapEffectContext: DapEffectContext[0xb40000787c64ccf0] getDapParameter() outval size = 4, ret = 0
03-23 10:00:15.570  2066  2275 D DisplayModeController: setDesiredMode 4630946747577212034 {mode={fps=120.00 Hz, modePtr={id=0, vsyncRate=120.00 Hz, peakRefreshRate=120.00 Hz}}, emitEvent=true, force=false}
03-23 10:00:15.570  2066  2275 I DisplayModeController: Desired transition mode changed. 60 -> 120
03-23 10:00:15.582  2066  2245 D VSyncReactor: 4630946747577212034: confirming period 16->8(cnt1)
03-23 10:00:15.587  2066  2066 I SurfaceFlinger: initiateDisplayModeChanges changing active mode from 2(60.00 Hz:0) to 1(90.00 Hz:0) for display 4630946747577212034
03-23 10:00:15.588  2066  2066 I SurfaceFlinger: initiateDisplayModeChanges active mode changed to 1(90.00 Hz) for display 4630946747577212034. mBrightnessDimingCnt=0
03-23 10:00:15.589  1965  2159 W SDM     : HWDeviceDRM::GetSupportedBitClkRate: Requested rate not supported: 0
03-23 10:00:15.589  1965  2159 I SDM     : HWDeviceDRM::UpdateMixerAttributes: Mixer WxH 1220x2712-1 for Peripheral
03-23 10:00:15.590  1965  2159 I SDM     : HWCDisplay::SubmitDisplayConfig: Active configuration changed from config 2 to 1
03-23 10:00:15.592  1852  1852 I QTI PowerHAL: Power setMode: 6 to: 1
03-23 10:00:15.594  1852  1852 E QTI PowerHAL: Failed to acquire lock for hint_id: 10A5.
03-23 10:00:15.604  1830 22044 D DlbDapEffectContext: DapEffectContext[0xb40000787c64ccf0] getDapParameter() outval size = 4, ret = 0
03-23 10:00:15.623  2066  2066 I SurfaceFlinger: initiateDisplayModeChanges changing active mode from 1(90.00 Hz:0) to 1(90.00 Hz:0) for display 4630946747577212034
03-23 10:00:15.626  2066  2245 D VSyncReactor: 4630946747577212034: period 11 confirmed(cnt3)
03-23 10:00:15.633  2066  2066 I SurfaceFlinger: initiateDisplayModeChanges changing active mode from 1(90.00 Hz:0) to 0(120.00 Hz:0) for display 4630946747577212034
03-23 10:00:15.633  2066  2066 I SurfaceFlinger: initiateDisplayModeChanges active mode changed to 0(120.00 Hz) for display 4630946747577212034. mBrightnessDimingCnt=0
03-23 10:00:15.634  1965  2159 W SDM     : HWDeviceDRM::GetSupportedBitClkRate: Requested rate not supported: 0
03-23 10:00:15.634  1965  2159 I SDM     : HWDeviceDRM::UpdateMixerAttributes: Mixer WxH 1220x2712-1 for Peripheral
03-23 10:00:15.635  1965  2159 I SDM     : HWCDisplay::SubmitDisplayConfig: Active configuration changed from config 1 to 0
03-23 10:00:15.643  2066  2066 I Scheduler: onDisplayModeChanged: [0 120 0x0]
03-23 10:00:15.644  2066  2066 I SurfaceFlinger: initiateDisplayModeChanges changing active mode from 0(120.00 Hz:0) to 0(120.00 Hz:0) for display 4630946747577212034
03-23 10:00:15.650  1830 22044 D DlbDapEffectContext: DapEffectContext[0xb40000787c64ccf0] getDapParameter() outval size = 4, ret = 0
03-23 10:00:15.690  1830 22044 D DlbDapEffectContext: DapEffectContext[0xb40000787c64ccf0] getDapParameter() outval size = 4, ret = 0
03-23 10:00:15.714  1852  1852 I QTI PowerHAL: Power setMode: 6 to: 0
03-23 10:00:15.729  1830 22044 D DlbDapEffectContext: DapEffectContext[0xb40000787c64ccf0] getDapParameter() outval size = 4, ret = 0
03-23 10:00:15.766  1830 22044 D DlbDapEffectContext: DapEffectContext[0xb40000787c64ccf0] getDapParameter() outval size = 4, ret = 0
03-23 10:00:15.786  1709  3451 D WifiStaIfaceHidlImpl: getCachedScanData is not implemented by HIDL
03-23 10:00:15.790  1709  2014 I MotoSoftApCheckin: onWifiNetworkStateChanged: 1
03-23 10:00:15.790  1709  2014 I MotoStaCheckin: onCapabilitiesChanged, Network ID: 485, Valid: true, NetworkCapabilities: [ Transports: WIFI Capabilities: NOT_METERED&INTERNET&NOT_RESTRICTED&TRUSTED&NOT_VPN&VALIDATED&NOT_ROAMING&FOREGROUND&NOT_CONGESTED&NOT_SUSPENDED&NOT_VCN_MANAGED&NOT_BANDWIDTH_CONSTRAINED LinkUpBandwidth>=8013Kbps LinkDnBandwidth>=13600Kbps TransportInfo: <SSID: "Airtel_sanj_3891", BSSID: 84:6e:bc:cf:51:9a, MAC: f2:ae:c7:f5:03:67, IP: /192.168.1.7, Security type: 2, Supplicant state: COMPLETED, Wi-Fi standard: 11ax, RSSI: -76, Link speed: 34Mbps, Tx Link speed: 34Mbps, Max Supported Tx Link speed: 286Mbps, Rx Link speed: 51Mbps, Max Supported Rx Link speed: 286Mbps, Frequency: 2412MHz, Net ID: 5, Metered hint: false, score: 100, isUsable: true, CarrierMerged: false, SubscriptionId: -1, IsPrimary: 1, Trusted: true, Restricted: false, Ephemeral: false, OEM paid: false, OEM private: false, OSU AP: false, FQDN: <none>, Provider friendly name: <none>, Requesting package name: <none>"Airtel_sanj_3891"wpa2-pskMLO Information: , Is TID-To-Link negotiation supported by the AP: false, AP MLD Address: <none>, AP MLO Link Id: <none>, AP MLO Affiliated links: <none>, Vendor Data: <none>> SignalStrength: -76 OwnerUid: 1000 AdminUids: [1000] SSID: "Airtel_sanj_3891" UnderlyingNetworks: Null]
03-23 10:00:15.793  1709  3451 I HalDevMgr: bestIfaceCreationProposal is null, requestIface=STA, existingIface=[name=wlan0 type=STA]
03-23 10:00:15.793  1709 32210 I MotoStaCheckin: onWifiUsabilityStats, seqNum: 1275, isSameBssidAndFreq: true, RSSI: -76, isThroughputSufficient: true, LinkSpeed: 34 Mbps, RxLinkSpeed: 51 Mbps
03-23 10:00:15.794  1709 32210 I MotoStaCheckin: onWifiUsabilityStats, Duration: 738957116, Rx Good: 539 ( PPS: 0 ), Tx Good: 53, Tx Bad: 9 ( 7 % ), Tx Retry: 63 ( 50 % ), NSS: 2, Bandwidth: 3
03-23 10:00:15.794  1709  1709 D WiFiBlocklistController: Wifi onCapabilitiesChanged
03-23 10:00:15.794  1709  1709 D WiFiBlocklistController: Default net onCapabilitiesChanged
03-23 10:00:15.794  1709  1709 D WiFiBlocklistController: updateDefaultNet:485
03-23 10:00:15.794  1709  1709 D WiFiBlocklistController: mayUpdateNotification: shouldShow=false,UidsBlocked=false, net info=net:485,ifName=wlan0,securityType=2,isDefault=true,ssid="Airtel_sanj_3891",notificationId=0
03-23 10:00:15.794 19584  2099 I NullBinder: NullBinder for android.net.action.RECOMMEND_NETWORKS triggering remote TransactionTooLargeException due to Service without Chimera impl, calling uid: 1000, calling pid: 0
03-23 10:00:15.794 19584  2099 W Binder  : reply too large data on java level: InterfaceDescriptor = null, code = 1
03-23 10:00:15.794 19584  2099 W .gms.persistent: Large reply transaction of 1056768 bytes, interface descriptor , code 1
03-23 10:00:15.795  5083  5959 I ModemStats: [DataStallDetectService] onCapabilitiesChanged networkCapabilities=[ Transports: WIFI Capabilities: NOT_METERED&INTERNET&NOT_RESTRICTED&TRUSTED&NOT_VPN&VALIDATED&NOT_ROAMING&FOREGROUND&NOT_CONGESTED&NOT_SUSPENDED&NOT_VCN_MANAGED&NOT_BANDWIDTH_CONSTRAINED LinkUpBandwidth>=8013Kbps LinkDnBandwidth>=13600Kbps TransportInfo: <SSID: <unknown ssid>, BSSID: 02:00:00:00:00:00, MAC: 02:00:00:00:00:00, IP: /192.168.1.7, Security type: 2, Supplicant state: COMPLETED, Wi-Fi standard: 11ax, RSSI: -76, Link speed: 34Mbps, Tx Link speed: 34Mbps, Max Supported Tx Link speed: 286Mbps, Rx Link speed: 51Mbps, Max Supported Rx Link speed: 286Mbps, Frequency: 2412MHz, Net ID: -1, Metered hint: false, score: 100, isUsable: true, CarrierMerged: false, SubscriptionId: -1, IsPrimary: -1, Trusted: true, Restricted: false, Ephemeral: false, OEM paid: false, OEM private: false, OSU AP: false, FQDN: <none>, Provider friendly name: <none>, Requesting package name: <none><none>MLO Information: , Is TID-To-Link negotiation supported by the AP: false, AP MLD Address: <none>, AP MLO Link Id: <none>, AP MLO Affiliated links: <none>, Vendor Data: <none>> SignalStrength: -76 UnderlyingNetworks: Null]
03-23 10:00:15.795  5083  5959 I ModemStats: [DataStallDetectService] onCapabilitiesChanged NET_CAPABILITY_VALIDATED=true
03-23 10:00:15.795  5083  5959 I ModemStats: [DataStallDetectService] onCapabilitiesChanged mDataStallManager.mDataStallInstance=null
03-23 10:00:15.795  5083  5959 I ModemStats: [DataStallDetectService] onCapabilitiesChanged mDataStallSmart5gManager.mDataStallInstance=null
03-23 10:00:15.796  3725  4640 D QCNEJ/NativeHalConnector: -> SND notifyDefaultNetworkChanged(1)
03-23 10:00:15.799 20920 20994 I BugleRcsEngine: Connected state: [1], networkType: [WIFI] [CONTEXT thread_id=162 ]
03-23 10:00:15.800 20920 21011 I BugleRcsEngine: handleMessage processing message:[NOTIFY_UPTIME_IGNORE_STATE_CHANGED] with [non-null]:RcsEngineImpl reference [CONTEXT log_prefix="RcsEngineImpl[DUAL_REG]:[d52e68b6-5967]>Handler" thread_id=168 ]
03-23 10:00:15.802  1830 22044 D DlbDapEffectContext: DapEffectContext[0xb40000787c64ccf0] getDapParameter() outval size = 4, ret = 0
03-23 10:00:15.806  1709  3489 I EnhancedConnectivity: [DataStallService] NetworkCallback  isDataStallNetwork=false isLabCard=false
03-23 10:00:15.837  2066  2275 I Scheduler: applyPolicy: UpdateRefreshRate 120 to 60 of group 0: [touch=0:0 touchBoost=0 scroll=0:0 idle=1:1 prr=0:0 brightnessDiming=0:0 qvrr=0:0] for display 4630946747577212034
03-23 10:00:15.837  2066  2275 D DisplayModeController: setDesiredMode 4630946747577212034 {mode={fps=60.00 Hz, modePtr={id=2, vsyncRate=60.00 Hz, peakRefreshRate=60.00 Hz}}, emitEvent=false, force=false}
03-23 10:00:15.838  2066  2275 I DisplayModeController: Desired transition mode changed. 120 -> 60
03-23 10:00:15.841  2066  2066 I SurfaceFlinger: initiateDisplayModeChanges changing active mode from 0(120.00 Hz:0) to 1(90.00 Hz:0) for display 4630946747577212034
03-23 10:00:15.842  2066  2066 I SurfaceFlinger: initiateDisplayModeChanges active mode changed to 1(90.00 Hz) for display 4630946747577212034. mBrightnessDimingCnt=0
03-23 10:00:15.843  1965  2159 W SDM     : HWDeviceDRM::GetSupportedBitClkRate: Requested rate not supported: 0
03-23 10:00:15.843  1965  2159 I SDM     : HWDeviceDRM::UpdateMixerAttributes: Mixer WxH 1220x2712-1 for Peripheral
03-23 10:00:15.844  2066  2245 D VSyncReactor: 4630946747577212034: confirming period 8->16(cnt1)
03-23 10:00:15.844  1965  2159 I SDM     : HWCDisplay::SubmitDisplayConfig: Active configuration changed from config 0 to 1
03-23 10:00:15.847  1852  1852 I QTI PowerHAL: Power setMode: 6 to: 1
03-23 10:00:15.848  1852  1852 E QTI PowerHAL: Failed to acquire lock for hint_id: 10A5.
03-23 10:00:15.851  1830 22044 D DlbDapEffectContext: DapEffectContext[0xb40000787c64ccf0] getDapParameter() outval size = 4, ret = 0
03-23 10:00:15.867  1993  5465 E ANDR-PERF-LM: StatsProvider: stats_nl_error_callback() 145: NL SOC receive error: No such process
03-23 10:00:15.867  1993  5465 E ANDR-PERF-LM: StatsProvider: sendRecvData() 386: nl_recvmsgs failed return=-12
03-23 10:00:15.867  1993  5465 E ANDR-PERF-LM: StatsProvider: getPIDStats() 198: sendRecvData returned error = -4
03-23 10:00:15.880  2066  2066 I SurfaceFlinger: initiateDisplayModeChanges changing active mode from 1(90.00 Hz:0) to 1(90.00 Hz:0) for display 4630946747577212034
03-23 10:00:15.889  2066  2245 D VSyncReactor: 4630946747577212034: period 11 confirmed(cnt5)
03-23 10:00:15.890  2066  2066 I SurfaceFlinger: initiateDisplayModeChanges changing active mode from 1(90.00 Hz:0) to 2(60.00 Hz:0) for display 4630946747577212034
03-23 10:00:15.890  2066  2066 I SurfaceFlinger: initiateDisplayModeChanges active mode changed to 2(60.00 Hz) for display 4630946747577212034. mBrightnessDimingCnt=0
03-23 10:00:15.891  1830 22044 D DlbDapEffectContext: DapEffectContext[0xb40000787c64ccf0] getDapParameter() outval size = 4, ret = 0
03-23 10:00:15.891  1965  2159 W SDM     : HWDeviceDRM::GetSupportedBitClkRate: Requested rate not supported: 0
03-23 10:00:15.891  1965  2159 I SDM     : HWDeviceDRM::UpdateMixerAttributes: Mixer WxH 1220x2712-1 for Peripheral
03-23 10:00:15.891  1965  2159 I SDM     : HWCDisplay::SubmitDisplayConfig: Active configuration changed from config 1 to 2
03-23 10:00:15.927  1830 22044 D DlbDapEffectContext: DapEffectContext[0xb40000787c64ccf0] getDapParameter() outval size = 4, ret = 0
03-23 10:00:15.929  2066  2066 I SurfaceFlinger: initiateDisplayModeChanges changing active mode from 2(60.00 Hz:0) to 2(60.00 Hz:0) for display 4630946747577212034
03-23 10:00:15.966  1830 22044 D DlbDapEffectContext: DapEffectContext[0xb40000787c64ccf0] getDapParameter() outval size = 4, ret = 0
03-23 10:00:15.971  1852  1852 I QTI PowerHAL: Power setMode: 6 to: 0
03-23 10:00:16.002  1830 16708 D DlbDap2Process: process() called [49936500] times with input format 0x22 and channel mask 0x3 (ProcessingMode=8), htEnable=0(0, 0, 0)
03-23 10:00:16.010  1830 22044 D DlbDapEffectContext: DapEffectContext[0xb40000787c64ccf0] getDapParameter() outval size = 4, ret = 0
03-23 10:00:16.030  2066  2066 D SurfaceFlinger: setDesiredDisplayModeSpecs[{0, false, PR={p[60.00-120.00]Hz, r[60.00-60.00]Hz}, AR={p[0.00-120.00]Hz, r[0.00-120.00]Hz}}]: by process 1709 uid 1000 for display 4630946747577212034
03-23 10:00:16.030  2066  2066 D RefreshRateSelector: constructAvailableRefreshRates: {defaultModeId=0, allowGroupSwitching=false, primaryRanges={physical=[60.00 Hz, 120.00 Hz], render=[60.00 Hz, 60.00 Hz]}, appRequestRanges={physical=[0.00 Hz, 120.00 Hz], render=[0.00 Hz, 120.00 Hz]} idleScreenConfig=nullptr} 
03-23 10:00:16.031  2066  2066 D RefreshRateSelector: primary render rates: {fps=60.00 Hz, modePtr={id=2, vsyncRate=60.00 Hz, peakRefreshRate=60.00 Hz}} , isVrrDevice? 0
03-23 10:00:16.031  2066  2066 D RefreshRateSelector: app request render rates: {fps=20.00 Hz, modePtr={id=2, vsyncRate=60.00 Hz, peakRefreshRate=60.00 Hz}} {fps=22.50 Hz, modePtr={id=1, vsyncRate=90.00 Hz, peakRefreshRate=90.00 Hz}} {fps=24.00 Hz, modePtr={id=0, vsyncRate=120.00 Hz, peakRefreshRate=120.00 Hz}} {fps=30.00 Hz, modePtr={id=2, vsyncRate=60.00 Hz, peakRefreshRate=60.00 Hz}} {fps=40.00 Hz, modePtr={id=0, vsyncRate=120.00 Hz, peakRefreshRate=120.00 Hz}} {fps=45.00 Hz, modePtr={id=1, vsyncRate=90.00 Hz, peakRefreshRate=90.00 Hz}} {fps=60.00 Hz, modePtr={id=2, vsyncRate=60.00 Hz, peakRefreshRate=60.00 Hz}} {fps=90.00 Hz, modePtr={id=1, vsyncRate=90.00 Hz, peakRefreshRate=90.00 Hz}} {fps=120.00 Hz, modePtr={id=0, vsyncRate=120.00 Hz, peakRefreshRate=120.00 Hz}} , isVrrDevice? 0
03-23 10:00:16.031  2066  2066 D RefreshRateSelector: full frame rates render rates: {fps=20.00 Hz, modePtr={id=2, vsyncRate=60.00 Hz, peakRefreshRate=60.00 Hz}} {fps=22.50 Hz, modePtr={id=1, vsyncRate=90.00 Hz, peakRefreshRate=90.00 Hz}} {fps=24.00 Hz, modePtr={id=0, vsyncRate=120.00 Hz, peakRefreshRate=120.00 Hz}} {fps=30.00 Hz, modePtr={id=2, vsyncRate=60.00 Hz, peakRefreshRate=60.00 Hz}} {fps=40.00 Hz, modePtr={id=0, vsyncRate=120.00 Hz, peakRefreshRate=120.00 Hz}} {fps=45.00 Hz, modePtr={id=1, vsyncRate=90.00 Hz, peakRefreshRate=90.00 Hz}} {fps=60.00 Hz, modePtr={id=2, vsyncRate=60.00 Hz, peakRefreshRate=60.00 Hz}} {fps=90.00 Hz, modePtr={id=1, vsyncRate=90.00 Hz, peakRefreshRate=90.00 Hz}} {fps=120.00 Hz, modePtr={id=0, vsyncRate=120.00 Hz, peakRefreshRate=120.00 Hz}} , isVrrDevice? 0
03-23 10:00:16.031  2066  2066 D RefreshRateSelector: Special render rates: 
03-23 10:00:16.031  2066  2066 D RefreshRateSelector: [90:120:0]: mTouchBoostRefreshRateAvailable=0, mScrollBoostRefreshRateAvailable=0, mTouchOnBlankNotBoostRefreshRateAvailable=0
03-23 10:00:16.031  2066  2066 I RefreshRateSelector: Display 4630946747577212034 policy changed
03-23 10:00:16.031  2066  2066 I RefreshRateSelector: Previous: {defaultModeId=0, allowGroupSwitching=false, primaryRanges={physical=[60.00 Hz, 120.00 Hz], render=[60.00 Hz, 120.00 Hz]}, appRequestRanges={physical=[0.00 Hz, 120.00 Hz], render=[0.00 Hz, 120.00 Hz]} idleScreenConfig=nullptr}
03-23 10:00:16.031  2066  2066 I RefreshRateSelector: Current:  DisplayManagerPolicy{defaultModeId=0, allowGroupSwitching=false, primaryRanges={physical=[60.00 Hz, 120.00 Hz], render=[60.00 Hz, 60.00 Hz]}, appRequestRanges={physical=[0.00 Hz, 120.00 Hz], render=[0.00 Hz, 120.00 Hz]} idleScreenConfig=nullptr}
03-23 10:00:16.031  2066  2066 I RefreshRateSelector: 12 mode changes were performed under the previous policy
03-23 10:00:16.031  2066  2066 D SurfaceFlinger: Setting desired display mode specs: {0, false, PR={p[60.00-120.00]Hz, r[60.00-60.00]Hz}, AR={p[0.00-120.00]Hz, r[0.00-120.00]Hz}} for display 4630946747577212034
03-23 10:00:16.031  2066  2066 I Scheduler: onDisplayModeChanged: [2 60 0x0]
03-23 10:00:16.031  2066  2066 I Scheduler: getPreferredDisplayMode: UpdateRefreshRate 60 to 60 of group 0: [touch=0 scroll=0 idle=1 prr=0 brightnessDiming=0] for display 4630946747577212034
03-23 10:00:16.031  2066  2066 I SurfaceFlinger: Switching to Scheduler preferred mode 2 (60.00 Hz) for display 4630946747577212034
03-23 10:00:16.031  2066  2066 D DisplayModeController: setDesiredMode 4630946747577212034 {mode={fps=60.00 Hz, modePtr={id=2, vsyncRate=60.00 Hz, peakRefreshRate=60.00 Hz}}, emitEvent=true, force=false}
03-23 10:00:16.033  1709  1735 I DisplayDeviceRepository: Display device changed render timings: "Built-in Screen", renderFrameRate=60.000004, presentationDeadlineNanos=16666666, appVsyncOffsetNanos=1000000, frameRateOverrides=[]
03-23 10:00:16.034  1709  1733 D WindowManager: DeferredDisplayUpdater: partially applying DisplayInfo(1220 x 2712) immediately
03-23 10:00:16.036 15909 15909 I MotoDesktopLog: [ R4DisplayService ] - getFoldType, mFoldType0
03-23 10:00:16.037 15909 15909 I MotoDesktopLog: [ FS_ScreenSizeManager ] - [Display] Changed display: 0
03-23 10:00:16.037 15909 15909 I MotoDesktopLog: [ FS_ScreenSizeManager ] - [Display] Current activity display id: null
03-23 10:00:16.037 15909 15909 I MotoDesktopLog: [ FS_ScreenSizeManager ] - [Logic] Retrieved display info: LogicDisplayInfo(width=1220, height=2712, orientation=1, rotation=0, displayId=0)
03-23 10:00:16.037 15909 15909 I MotoDesktopLog: [ FS_ScreenSizeManager ] - [Display] New logical size: 1220x2712
03-23 10:00:16.037 15909 15909 I MotoDesktopLog: [ FS_ScreenSizeManager ] - [Display] Screen width unchanged: 1220
03-23 10:00:16.042  1830 22044 D DlbDapEffectContext: DapEffectContext[0xb40000787c64ccf0] getDapParameter() outval size = 4, ret = 0
03-23 10:00:16.084  1830 22044 D DlbDapEffectContext: DapEffectContext[0xb40000787c64ccf0] getDapParameter() outval size = 4, ret = 0
03-23 10:00:16.123  1830 22044 D DlbDapEffectContext: DapEffectContext[0xb40000787c64ccf0] getDapParameter() outval size = 4, ret = 0
03-23 10:00:16.166  1830 22044 D DlbDapEffectContext: DapEffectContext[0xb40000787c64ccf0] getDapParameter() outval size = 4, ret = 0
03-23 10:00:16.168  1993  5465 E ANDR-PERF-LM: StatsProvider: stats_nl_error_callback() 145: NL SOC receive error: No such process
03-23 10:00:16.168  1993  5465 E ANDR-PERF-LM: StatsProvider: sendRecvData() 386: nl_recvmsgs failed return=-12
03-23 10:00:16.168  1993  5465 E ANDR-PERF-LM: StatsProvider: getPIDStats() 198: sendRecvData returned error = -4
03-23 10:00:16.205  1830 22044 D DlbDapEffectContext: DapEffectContext[0xb40000787c64ccf0] getDapParameter() outval size = 4, ret = 0
03-23 10:00:16.247  1830 22044 D DlbDapEffectContext: DapEffectContext[0xb40000787c64ccf0] getDapParameter() outval size = 4, ret = 0
03-23 10:00:16.283  1830 22044 D DlbDapEffectContext: DapEffectContext[0xb40000787c64ccf0] getDapParameter() outval size = 4, ret = 0
03-23 10:00:16.327  1830 22044 D DlbDapEffectContext: DapEffectContext[0xb40000787c64ccf0] getDapParameter() outval size = 4, ret = 0
03-23 10:00:16.365  1830 22044 D DlbDapEffectContext: DapEffectContext[0xb40000787c64ccf0] getDapParameter() outval size = 4, ret = 0
03-23 10:00:16.365  1830 21279 E DlbEffectContext: getParam() called with invalid parameter id 1953655149
03-23 10:00:16.365  2049  2821 D EffectModule: process:  profile=0  music=0  speech=0
03-23 10:00:16.410  1830 22044 D DlbDapEffectContext: DapEffectContext[0xb40000787c64ccf0] getDapParameter() outval size = 4, ret = 0
03-23 10:00:16.450  1830 22044 D DlbDapEffectContext: DapEffectContext[0xb40000787c64ccf0] getDapParameter() outval size = 4, ret = 0
03-23 10:00:16.469  1993  5465 E ANDR-PERF-LM: StatsProvider: stats_nl_error_callback() 145: NL SOC receive error: No such process
03-23 10:00:16.469  1993  5465 E ANDR-PERF-LM: StatsProvider: sendRecvData() 386: nl_recvmsgs failed return=-12
03-23 10:00:16.469  1993  5465 E ANDR-PERF-LM: StatsProvider: getPIDStats() 198: sendRecvData returned error = -4
03-23 10:00:16.490  1830 22044 D DlbDapEffectContext: DapEffectContext[0xb40000787c64ccf0] getDapParameter() outval size = 4, ret = 0
03-23 10:00:16.530  1830 22044 D DlbDapEffectContext: DapEffectContext[0xb40000787c64ccf0] getDapParameter() outval size = 4, ret = 0
03-23 10:00:16.569  1830 22044 D DlbDapEffectContext: DapEffectContext[0xb40000787c64ccf0] getDapParameter() outval size = 4, ret = 0
03-23 10:00:16.610  1830 22044 D DlbDapEffectContext: DapEffectContext[0xb40000787c64ccf0] getDapParameter() outval size = 4, ret = 0
03-23 10:00:16.649  1830 22044 D DlbDapEffectContext: DapEffectContext[0xb40000787c64ccf0] getDapParameter() outval size = 4, ret = 0
03-23 10:00:16.690  1830 22044 D DlbDapEffectContext: DapEffectContext[0xb40000787c64ccf0] getDapParameter() outval size = 4, ret = 0
03-23 10:00:16.732  1830 22044 D DlbDapEffectContext: DapEffectContext[0xb40000787c64ccf0] getDapParameter() outval size = 4, ret = 0
03-23 10:00:16.769  1830 22044 D DlbDapEffectContext: DapEffectContext[0xb40000787c64ccf0] getDapParameter() outval size = 4, ret = 0
03-23 10:00:16.770  1993  5465 E ANDR-PERF-LM: StatsProvider: stats_nl_error_callback() 145: NL SOC receive error: No such process
03-23 10:00:16.770  1993  5465 E ANDR-PERF-LM: StatsProvider: sendRecvData() 386: nl_recvmsgs failed return=-12
03-23 10:00:16.770  1993  5465 E ANDR-PERF-LM: StatsProvider: getPIDStats() 198: sendRecvData returned error = -4
03-23 10:00:16.809  1830 22044 D DlbDapEffectContext: DapEffectContext[0xb40000787c64ccf0] getDapParameter() outval size = 4, ret = 0
03-23 10:00:16.850  1830 22044 D DlbDapEffectContext: DapEffectContext[0xb40000787c64ccf0] getDapParameter() outval size = 4, ret = 0
03-23 10:00:16.890  1830 22044 D DlbDapEffectContext: DapEffectContext[0xb40000787c64ccf0] getDapParameter() outval size = 4, ret = 0
03-23 10:00:16.929  1830 22044 D DlbDapEffectContext: DapEffectContext[0xb40000787c64ccf0] getDapParameter() outval size = 4, ret = 0
03-23 10:00:16.967  1830 22044 D DlbDapEffectContext: DapEffectContext[0xb40000787c64ccf0] getDapParameter() outval size = 4, ret = 0
03-23 10:00:17.011  1830 22044 D DlbDapEffectContext: DapEffectContext[0xb40000787c64ccf0] getDapParameter() outval size = 4, ret = 0
03-23 10:00:17.043  1830 22044 D DlbDapEffectContext: DapEffectContext[0xb40000787c64ccf0] getDapParameter() outval size = 4, ret = 0
03-23 10:00:17.071  1993  5465 E ANDR-PERF-LM: StatsProvider: stats_nl_error_callback() 145: NL SOC receive error: No such process
03-23 10:00:17.071  1993  5465 E ANDR-PERF-LM: StatsProvider: sendRecvData() 386: nl_recvmsgs failed return=-12
03-23 10:00:17.071  1993  5465 E ANDR-PERF-LM: StatsProvider: getPIDStats() 198: sendRecvData returned error = -4
03-23 10:00:17.089  1830 22044 D DlbDapEffectContext: DapEffectContext[0xb40000787c64ccf0] getDapParameter() outval size = 4, ret = 0
03-23 10:00:17.126  1830 22044 D DlbDapEffectContext: DapEffectContext[0xb40000787c64ccf0] getDapParameter() outval size = 4, ret = 0
03-23 10:00:17.166  1830 22044 D DlbDapEffectContext: DapEffectContext[0xb40000787c64ccf0] getDapParameter() outval size = 4, ret = 0
03-23 10:00:17.179  1852  1852 I QTI PowerHAL: Power setMode: 6 to: 1
03-23 10:00:17.179  1852  1852 E QTI PowerHAL: Failed to acquire lock for hint_id: 10A5.
03-23 10:00:17.196  2066  2066 D SurfaceFlinger: setDesiredDisplayModeSpecs[{0, false, PR={p[60.00-120.00]Hz, r[60.00-120.00]Hz}, AR={p[0.00-120.00]Hz, r[0.00-120.00]Hz}}]: by process 1709 uid 1000 for display 4630946747577212034
03-23 10:00:17.196  2066  2066 D RefreshRateSelector: constructAvailableRefreshRates: {defaultModeId=0, allowGroupSwitching=false, primaryRanges={physical=[60.00 Hz, 120.00 Hz], render=[60.00 Hz, 120.00 Hz]}, appRequestRanges={physical=[0.00 Hz, 120.00 Hz], render=[0.00 Hz, 120.00 Hz]} idleScreenConfig=nullptr} 
03-23 10:00:17.196  2066  2066 D RefreshRateSelector: primary render rates: {fps=60.00 Hz, modePtr={id=2, vsyncRate=60.00 Hz, peakRefreshRate=60.00 Hz}} {fps=90.00 Hz, modePtr={id=1, vsyncRate=90.00 Hz, peakRefreshRate=90.00 Hz}} {fps=120.00 Hz, modePtr={id=0, vsyncRate=120.00 Hz, peakRefreshRate=120.00 Hz}} , isVrrDevice? 0
